Archive member included to satisfy reference by file (symbol)

c:/st/stm32cubeide_1.12.0/stm32cubeide/plugins/com.st.stm32cube.ide.mcu.externaltools.gnu-tools-for-stm32.10.3-2021.10.win32_1.0.200.202301161003/tools/bin/../lib/gcc/arm-none-eabi/10.3.1/../../../../arm-none-eabi/lib/thumb/v7e-m+fp/hard\libc_nano.a(lib_a-errno.o)
                              ./Core/Src/syscalls.o (__errno)
c:/st/stm32cubeide_1.12.0/stm32cubeide/plugins/com.st.stm32cube.ide.mcu.externaltools.gnu-tools-for-stm32.10.3-2021.10.win32_1.0.200.202301161003/tools/bin/../lib/gcc/arm-none-eabi/10.3.1/../../../../arm-none-eabi/lib/thumb/v7e-m+fp/hard\libc_nano.a(lib_a-exit.o)
                              c:/st/stm32cubeide_1.12.0/stm32cubeide/plugins/com.st.stm32cube.ide.mcu.externaltools.gnu-tools-for-stm32.10.3-2021.10.win32_1.0.200.202301161003/tools/bin/../lib/gcc/arm-none-eabi/10.3.1/../../../../arm-none-eabi/lib/thumb/v7e-m+fp/hard/crt0.o (exit)
c:/st/stm32cubeide_1.12.0/stm32cubeide/plugins/com.st.stm32cube.ide.mcu.externaltools.gnu-tools-for-stm32.10.3-2021.10.win32_1.0.200.202301161003/tools/bin/../lib/gcc/arm-none-eabi/10.3.1/../../../../arm-none-eabi/lib/thumb/v7e-m+fp/hard\libc_nano.a(lib_a-findfp.o)
                              ./Middlewares/FreeRTOS/tasks.o (__sf_fake_stderr)
c:/st/stm32cubeide_1.12.0/stm32cubeide/plugins/com.st.stm32cube.ide.mcu.externaltools.gnu-tools-for-stm32.10.3-2021.10.win32_1.0.200.202301161003/tools/bin/../lib/gcc/arm-none-eabi/10.3.1/../../../../arm-none-eabi/lib/thumb/v7e-m+fp/hard\libc_nano.a(lib_a-fwalk.o)
                              c:/st/stm32cubeide_1.12.0/stm32cubeide/plugins/com.st.stm32cube.ide.mcu.externaltools.gnu-tools-for-stm32.10.3-2021.10.win32_1.0.200.202301161003/tools/bin/../lib/gcc/arm-none-eabi/10.3.1/../../../../arm-none-eabi/lib/thumb/v7e-m+fp/hard\libc_nano.a(lib_a-findfp.o) (_fwalk)
c:/st/stm32cubeide_1.12.0/stm32cubeide/plugins/com.st.stm32cube.ide.mcu.externaltools.gnu-tools-for-stm32.10.3-2021.10.win32_1.0.200.202301161003/tools/bin/../lib/gcc/arm-none-eabi/10.3.1/../../../../arm-none-eabi/lib/thumb/v7e-m+fp/hard\libc_nano.a(lib_a-impure.o)
                              c:/st/stm32cubeide_1.12.0/stm32cubeide/plugins/com.st.stm32cube.ide.mcu.externaltools.gnu-tools-for-stm32.10.3-2021.10.win32_1.0.200.202301161003/tools/bin/../lib/gcc/arm-none-eabi/10.3.1/../../../../arm-none-eabi/lib/thumb/v7e-m+fp/hard\libc_nano.a(lib_a-exit.o) (_global_impure_ptr)
c:/st/stm32cubeide_1.12.0/stm32cubeide/plugins/com.st.stm32cube.ide.mcu.externaltools.gnu-tools-for-stm32.10.3-2021.10.win32_1.0.200.202301161003/tools/bin/../lib/gcc/arm-none-eabi/10.3.1/../../../../arm-none-eabi/lib/thumb/v7e-m+fp/hard\libc_nano.a(lib_a-init.o)
                              c:/st/stm32cubeide_1.12.0/stm32cubeide/plugins/com.st.stm32cube.ide.mcu.externaltools.gnu-tools-for-stm32.10.3-2021.10.win32_1.0.200.202301161003/tools/bin/../lib/gcc/arm-none-eabi/10.3.1/../../../../arm-none-eabi/lib/thumb/v7e-m+fp/hard/crt0.o (__libc_init_array)
c:/st/stm32cubeide_1.12.0/stm32cubeide/plugins/com.st.stm32cube.ide.mcu.externaltools.gnu-tools-for-stm32.10.3-2021.10.win32_1.0.200.202301161003/tools/bin/../lib/gcc/arm-none-eabi/10.3.1/../../../../arm-none-eabi/lib/thumb/v7e-m+fp/hard\libc_nano.a(lib_a-lock.o)
                              c:/st/stm32cubeide_1.12.0/stm32cubeide/plugins/com.st.stm32cube.ide.mcu.externaltools.gnu-tools-for-stm32.10.3-2021.10.win32_1.0.200.202301161003/tools/bin/../lib/gcc/arm-none-eabi/10.3.1/../../../../arm-none-eabi/lib/thumb/v7e-m+fp/hard\libc_nano.a(lib_a-findfp.o) (__retarget_lock_init_recursive)
c:/st/stm32cubeide_1.12.0/stm32cubeide/plugins/com.st.stm32cube.ide.mcu.externaltools.gnu-tools-for-stm32.10.3-2021.10.win32_1.0.200.202301161003/tools/bin/../lib/gcc/arm-none-eabi/10.3.1/../../../../arm-none-eabi/lib/thumb/v7e-m+fp/hard\libc_nano.a(lib_a-memcpy-stub.o)
                              ./Middlewares/FreeRTOS/cmsis_os2.o (memcpy)
c:/st/stm32cubeide_1.12.0/stm32cubeide/plugins/com.st.stm32cube.ide.mcu.externaltools.gnu-tools-for-stm32.10.3-2021.10.win32_1.0.200.202301161003/tools/bin/../lib/gcc/arm-none-eabi/10.3.1/../../../../arm-none-eabi/lib/thumb/v7e-m+fp/hard\libc_nano.a(lib_a-memset.o)
                              c:/st/stm32cubeide_1.12.0/stm32cubeide/plugins/com.st.stm32cube.ide.mcu.externaltools.gnu-tools-for-stm32.10.3-2021.10.win32_1.0.200.202301161003/tools/bin/../lib/gcc/arm-none-eabi/10.3.1/../../../../arm-none-eabi/lib/thumb/v7e-m+fp/hard/crt0.o (memset)
c:/st/stm32cubeide_1.12.0/stm32cubeide/plugins/com.st.stm32cube.ide.mcu.externaltools.gnu-tools-for-stm32.10.3-2021.10.win32_1.0.200.202301161003/tools/bin/../lib/gcc/arm-none-eabi/10.3.1/../../../../arm-none-eabi/lib/thumb/v7e-m+fp/hard\libc_nano.a(lib_a-nano-mallocr.o)
[...]
Memory Configuration

Name             Origin             Length             Attributes
RAM              0x0000000020000000 0x0000000000010000 xrw
RAM2             0x0000000010000000 0x0000000000004000 xrw
FLASH            0x0000000008000000 0x0000000000040000 xr
*default*        0x0000000000000000 0xffffffffffffffff

Linker script and memory map

LOAD c:/st/stm32cubeide_1.12.0/stm32cubeide/plugins/com.st.stm32cube.ide.mcu.externaltools.gnu-tools-for-stm32.10.3-2021.10.win32_1.0.200.202301161003/tools/bin/../lib/gcc/arm-none-eabi/10.3.1/thumb/v7e-m+fp/hard/crti.o
LOAD c:/st/stm32cubeide_1.12.0/stm32cubeide/plugins/com.st.stm32cube.ide.mcu.externaltools.gnu-tools-for-stm32.10.3-2021.10.win32_1.0.200.202301161003/tools/bin/../lib/gcc/arm-none-eabi/10.3.1/thumb/v7e-m+fp/hard/crtbegin.o
LOAD c:/st/stm32cubeide_1.12.0/stm32cubeide/plugins/com.st.stm32cube.ide.mcu.externaltools.gnu-tools-for-stm32.10.3-2021.10.win32_1.0.200.202301161003/tools/bin/../lib/gcc/arm-none-eabi/10.3.1/../../../../arm-none-eabi/lib/thumb/v7e-m+fp/hard/crt0.o
LOAD ./Core/Src/adc.o
LOAD ./Core/Src/can.o
LOAD ./Core/Src/dma.o
LOAD ./Core/Src/freertos.o
LOAD ./Core/Src/gpio.o
LOAD ./Core/Src/main.o
LOAD ./Core/Src/rng.o
LOAD ./Core/Src/spi.o
LOAD ./Core/Src/stm32l4xx_hal_msp.o
LOAD ./Core/Src/stm32l4xx_hal_timebase_tim.o
LOAD ./Core/Src/stm32l4xx_it.o
LOAD ./Core/Src/syscalls.o
LOAD ./Core/Src/sysmem.o
LOAD ./Core/Src/system_stm32l4xx.o
LOAD ./Core/Src/tim.o
LOAD ./Core/Src/usart.o
LOAD ./Core/Startup/startup_stm32l431cctx.o
LOAD ./Drivers/STM32L4xx_HAL_Driver/stm32l4xx_hal.o
LOAD ./Drivers/STM32L4xx_HAL_Driver/stm32l4xx_hal_adc.o
LOAD ./Drivers/STM32L4xx_HAL_Driver/stm32l4xx_hal_adc_ex.o
LOAD ./Drivers/STM32L4xx_HAL_Driver/stm32l4xx_hal_can.o
LOAD ./Drivers/STM32L4xx_HAL_Driver/stm32l4xx_hal_cortex.o
LOAD ./Drivers/STM32L4xx_HAL_Driver/stm32l4xx_hal_dma.o
LOAD ./Drivers/STM32L4xx_HAL_Driver/stm32l4xx_hal_dma_ex.o
LOAD ./Drivers/STM32L4xx_HAL_Driver/stm32l4xx_hal_exti.o
LOAD ./Drivers/STM32L4xx_HAL_Driver/stm32l4xx_hal_flash.o
LOAD ./Drivers/STM32L4xx_HAL_Driver/stm32l4xx_hal_flash_ex.o
LOAD ./Drivers/STM32L4xx_HAL_Driver/stm32l4xx_hal_flash_ramfunc.o
LOAD ./Drivers/STM32L4xx_HAL_Driver/stm32l4xx_hal_gpio.o
LOAD ./Drivers/STM32L4xx_HAL_Driver/stm32l4xx_hal_pwr.o
LOAD ./Drivers/STM32L4xx_HAL_Driver/stm32l4xx_hal_pwr_ex.o
LOAD ./Drivers/STM32L4xx_HAL_Driver/stm32l4xx_hal_rcc.o
LOAD ./Drivers/STM32L4xx_HAL_Driver/stm32l4xx_hal_rcc_ex.o
LOAD ./Drivers/STM32L4xx_HAL_Driver/stm32l4xx_hal_rng.o
LOAD ./Drivers/STM32L4xx_HAL_Driver/stm32l4xx_hal_spi.o
LOAD ./Drivers/STM32L4xx_HAL_Driver/stm32l4xx_hal_spi_ex.o
LOAD ./Drivers/STM32L4xx_HAL_Driver/stm32l4xx_hal_tim.o
LOAD ./Drivers/STM32L4xx_HAL_Driver/stm32l4xx_hal_tim_ex.o
LOAD ./Drivers/STM32L4xx_HAL_Driver/stm32l4xx_ll_dma.o
LOAD ./Drivers/STM32L4xx_HAL_Driver/stm32l4xx_ll_exti.o
LOAD ./Drivers/STM32L4xx_HAL_Driver/stm32l4xx_ll_gpio.o
LOAD ./Drivers/STM32L4xx_HAL_Driver/stm32l4xx_ll_rcc.o
LOAD ./Drivers/STM32L4xx_HAL_Driver/stm32l4xx_ll_usart.o
LOAD ./Drivers/STM32L4xx_HAL_Driver/stm32l4xx_ll_utils.o
LOAD ./Middlewares/FreeRTOS/cmsis_os2.o
LOAD ./Middlewares/FreeRTOS/croutine.o
LOAD ./Middlewares/FreeRTOS/event_groups.o
LOAD ./Middlewares/FreeRTOS/heap_4.o
LOAD ./Middlewares/FreeRTOS/list.o
LOAD ./Middlewares/FreeRTOS/port.o
LOAD ./Middlewares/FreeRTOS/queue.o
LOAD ./Middlewares/FreeRTOS/stream_buffer.o
LOAD ./Middlewares/FreeRTOS/tasks.o
LOAD ./Middlewares/FreeRTOS/timers.o
START GROUP
LOAD c:/st/stm32cubeide_1.12.0/stm32cubeide/plugins/com.st.stm32cube.ide.mcu.externaltools.gnu-tools-for-stm32.10.3-2021.10.win32_1.0.200.202301161003/tools/bin/../lib/gcc/arm-none-eabi/10.3.1/../../../../arm-none-eabi/lib/thumb/v7e-m+fp/hard\libc_nano.a
LOAD c:/st/stm32cubeide_1.12.0/stm32cubeide/plugins/com.st.stm32cube.ide.mcu.externaltools.gnu-tools-for-stm32.10.3-2021.10.win32_1.0.200.202301161003/tools/bin/../lib/gcc/arm-none-eabi/10.3.1/../../../../arm-none-eabi/lib/thumb/v7e-m+fp/hard\libm.a
END GROUP
START GROUP
LOAD c:/st/stm32cubeide_1.12.0/stm32cubeide/plugins/com.st.stm32cube.ide.mcu.externaltools.gnu-tools-for-stm32.10.3-2021.10.win32_1.0.200.202301161003/tools/bin/../lib/gcc/arm-none-eabi/10.3.1/thumb/v7e-m+fp/hard\libgcc.a
LOAD c:/st/stm32cubeide_1.12.0/stm32cubeide/plugins/com.st.stm32cube.ide.mcu.externaltools.gnu-tools-for-stm32.10.3-2021.10.win32_1.0.200.202301161003/tools/bin/../lib/gcc/arm-none-eabi/10.3.1/../../../../arm-none-eabi/lib/thumb/v7e-m+fp/hard\libc_nano.a
END GROUP
START GROUP
LOAD c:/st/stm32cubeide_1.12.0/stm32cubeide/plugins/com.st.stm32cube.ide.mcu.externaltools.gnu-tools-for-stm32.10.3-2021.10.win32_1.0.200.202301161003/tools/bin/../lib/gcc/arm-none-eabi/10.3.1/thumb/v7e-m+fp/hard\libgcc.a
LOAD c:/st/stm32cubeide_1.12.0/stm32cubeide/plugins/com.st.stm32cube.ide.mcu.externaltools.gnu-tools-for-stm32.10.3-2021.10.win32_1.0.200.202301161003/tools/bin/../lib/gcc/arm-none-eabi/10.3.1/../../../../arm-none-eabi/lib/thumb/v7e-m+fp/hard\libc_nano.a
LOAD c:/st/stm32cubeide_1.12.0/stm32cubeide/plugins/com.st.stm32cube.ide.mcu.externaltools.gnu-tools-for-stm32.10.3-2021.10.win32_1.0.200.202301161003/tools/bin/../lib/gcc/arm-none-eabi/10.3.1/../../../../arm-none-eabi/lib/thumb/v7e-m+fp/hard\libnosys.a
END GROUP
START GROUP
LOAD c:/st/stm32cubeide_1.12.0/stm32cubeide/plugins/com.st.stm32cube.ide.mcu.externaltools.gnu-tools-for-stm32.10.3-2021.10.win32_1.0.200.202301161003/tools/bin/../lib/gcc/arm-none-eabi/10.3.1/thumb/v7e-m+fp/hard\libgcc.a
LOAD c:/st/stm32cubeide_1.12.0/stm32cubeide/plugins/com.st.stm32cube.ide.mcu.externaltools.gnu-tools-for-stm32.10.3-2021.10.win32_1.0.200.202301161003/tools/bin/../lib/gcc/arm-none-eabi/10.3.1/../../../../arm-none-eabi/lib/thumb/v7e-m+fp/hard\libc_nano.a
LOAD c:/st/stm32cubeide_1.12.0/stm32cubeide/plugins/com.st.stm32cube.ide.mcu.externaltools.gnu-tools-for-stm32.10.3-2021.10.win32_1.0.200.202301161003/tools/bin/../lib/gcc/arm-none-eabi/10.3.1/../../../../arm-none-eabi/lib/thumb/v7e-m+fp/hard\libnosys.a
END GROUP
LOAD c:/st/stm32cubeide_1.12.0/stm32cubeide/plugins/com.st.stm32cube.ide.mcu.externaltools.gnu-tools-for-stm32.10.3-2021.10.win32_1.0.200.202301161003/tools/bin/../lib/gcc/arm-none-eabi/10.3.1/thumb/v7e-m+fp/hard/crtend.o
LOAD c:/st/stm32cubeide_1.12.0/stm32cubeide/plugins/com.st.stm32cube.ide.mcu.externaltools.gnu-tools-for-stm32.10.3-2021.10.win32_1.0.200.202301161003/tools/bin/../lib/gcc/arm-none-eabi/10.3.1/thumb/v7e-m+fp/hard/crtn.o
                0x0000000020010000                _estack = (ORIGIN (RAM) + LENGTH (RAM))
                0x0000000000000200                _Min_Heap_Size = 0x200
                0x0000000000000400                _Min_Stack_Size = 0x400

.isr_vector     0x0000000008000000      0x18c
                0x0000000008000000                . = ALIGN (0x4)
 *(.isr_vector)
 .isr_vector    0x0000000008000000      0x18c ./Core/Startup/startup_stm32l431cctx.o
                0x0000000008000000                g_pfnVectors
                0x000000000800018c                . = ALIGN (0x4)

.text           0x0000000008000190     0xd224
                0x0000000008000190                . = ALIGN (0x4)
 *(.text)
 .text          0x0000000008000190       0x40 c:/st/stm32cubeide_1.12.0/stm32cubeide/plugins/com.st.stm32cube.ide.mcu.externaltools.gnu-tools-for-stm32.10.3-2021.10.win32_1.0.200.202301161003/tools/bin/../lib/gcc/arm-none-eabi/10.3.1/thumb/v7e-m+fp/hard/crtbegin.o
 .text          0x00000000080001d0      0x21c c:/st/stm32cubeide_1.12.0/stm32cubeide/plugins/com.st.stm32cube.ide.mcu.externaltools.gnu-tools-for-stm32.10.3-2021.10.win32_1.0.200.202301161003/tools/bin/../lib/gcc/arm-none-eabi/10.3.1/thumb/v7e-m+fp/hard\libgcc.a(_arm_addsubsf3.o)
                0x00000000080001d0                __aeabi_frsub
                0x00000000080001d8                __subsf3
                0x00000000080001d8                __aeabi_fsub
                0x00000000080001dc                __aeabi_fadd
                0x00000000080001dc                __addsf3
                0x000000000800033c                __aeabi_ui2f
                0x000000000800033c                __floatunsisf
                0x0000000008000344                __aeabi_i2f
                0x0000000008000344                __floatsisf
                0x0000000008000360                __aeabi_ul2f
                0x0000000008000360                __floatundisf
                0x0000000008000370                __aeabi_l2f
                0x0000000008000370                __floatdisf
 .text          0x00000000080003ec       0x30 c:/st/stm32cubeide_1.12.0/stm32cubeide/plugins/com.st.stm32cube.ide.mcu.externaltools.gnu-tools-for-stm32.10.3-2021.10.win32_1.0.200.202301161003/tools/bin/../lib/gcc/arm-none-eabi/10.3.1/thumb/v7e-m+fp/hard\libgcc.a(_aeabi_uldivmod.o)
                0x00000000080003ec                __aeabi_uldivmod
 .text          0x000000000800041c       0x28 c:/st/stm32cubeide_1.12.0/stm32cubeide/plugins/com.st.stm32cube.ide.mcu.externaltools.gnu-tools-for-stm32.10.3-2021.10.win32_1.0.200.202301161003/tools/bin/../lib/gcc/arm-none-eabi/10.3.1/thumb/v7e-m+fp/hard\libgcc.a(_fixsfdi.o)
                0x000000000800041c                __fixsfdi
                0x000000000800041c                __aeabi_f2lz
 .text          0x0000000008000444       0x40 c:/st/stm32cubeide_1.12.0/stm32cubeide/plugins/com.st.stm32cube.ide.mcu.externaltools.gnu-tools-for-stm32.10.3-2021.10.win32_1.0.200.202301161003/tools/bin/../lib/gcc/arm-none-eabi/10.3.1/thumb/v7e-m+fp/hard\libgcc.a(_fixunssfdi.o)
                0x0000000008000444                __fixunssfdi
                0x0000000008000444                __aeabi_f2ulz
 .text          0x0000000008000484      0x2d0 c:/st/stm32cubeide_1.12.0/stm32cubeide/plugins/com.st.stm32cube.ide.mcu.externaltools.gnu-tools-for-stm32.10.3-2021.10.win32_1.0.200.202301161003/tools/bin/../lib/gcc/arm-none-eabi/10.3.1/thumb/v7e-m+fp/hard\libgcc.a(_udivmoddi4.o)
                0x0000000008000484                __udivmoddi4
 .text          0x0000000008000754      0x254 c:/st/stm32cubeide_1.12.0/stm32cubeide/plugins/com.st.stm32cube.ide.mcu.externaltools.gnu-tools-for-stm32.10.3-2021.10.win32_1.0.200.202301161003/tools/bin/../lib/gcc/arm-none-eabi/10.3.1/thumb/v7e-m+fp/hard\libgcc.a(_arm_muldf3.o)
                0x0000000008000754                __muldf3
                0x0000000008000754                __aeabi_dmul
 .text          0x00000000080009a8        0x4 c:/st/stm32cubeide_1.12.0/stm32cubeide/plugins/com.st.stm32cube.ide.mcu.externaltools.gnu-tools-for-stm32.10.3-2021.10.win32_1.0.200.202301161003/tools/bin/../lib/gcc/arm-none-eabi/10.3.1/thumb/v7e-m+fp/hard\libgcc.a(_dvmd_tls.o)
                0x00000000080009a8                __aeabi_idiv0
                0x00000000080009a8                __aeabi_ldiv0
 .text          0x00000000080009ac      0x378 c:/st/stm32cubeide_1.12.0/stm32cubeide/plugins/com.st.stm32cube.ide.mcu.externaltools.gnu-tools-for-stm32.10.3-2021.10.win32_1.0.200.202301161003/tools/bin/../lib/gcc/arm-none-eabi/10.3.1/thumb/v7e-m+fp/hard\libgcc.a(_arm_addsubdf3.o)
                0x00000000080009ac                __aeabi_drsub
                0x00000000080009b4                __aeabi_dsub
                0x00000000080009b4                __subdf3
                0x00000000080009b8                __aeabi_dadd
                0x00000000080009b8                __adddf3
                0x0000000008000c30                __floatunsidf
                0x0000000008000c30                __aeabi_ui2d
                0x0000000008000c50                __floatsidf
                0x0000000008000c50                __aeabi_i2d
                0x0000000008000c74                __aeabi_f2d
                0x0000000008000c74                __extendsfdf2
                0x0000000008000cb8                __floatundidf
                0x0000000008000cb8                __aeabi_ul2d
                0x0000000008000cc8                __floatdidf
                0x0000000008000cc8                __aeabi_l2d
 .text          0x0000000008000d24       0x40 c:/st/stm32cubeide_1.12.0/stm32cubeide/plugins/com.st.stm32cube.ide.mcu.externaltools.gnu-tools-for-stm32.10.3-2021.10.win32_1.0.200.202301161003/tools/bin/../lib/gcc/arm-none-eabi/10.3.1/thumb/v7e-m+fp/hard\libgcc.a(_arm_fixunsdfsi.o)
                0x0000000008000d24                __aeabi_d2uiz
                0x0000000008000d24                __fixunsdfsi
 *(.text*)
 .text.MX_ADC1_Init
                0x0000000008000d64       0xc8 ./Core/Src/adc.o
                0x0000000008000d64                MX_ADC1_Init
 .text.HAL_ADC_MspInit
                0x0000000008000e2c      0x108 ./Core/Src/adc.o
                0x0000000008000e2c                HAL_ADC_MspInit
 .text.MX_CAN1_Init
                0x0000000008000f34       0xd4 ./Core/Src/can.o
                0x0000000008000f34                MX_CAN1_Init
 .text.HAL_CAN_MspInit
                0x0000000008001008       0x88 ./Core/Src/can.o
                0x0000000008001008                HAL_CAN_MspInit
 .text.HAL_CAN_RxFifo0MsgPendingCallback
                0x0000000008001090       0x50 ./Core/Src/can.o
                0x0000000008001090                HAL_CAN_RxFifo0MsgPendingCallback
 .text.MX_DMA_Init
                0x00000000080010e0       0x3c ./Core/Src/dma.o
                0x00000000080010e0                MX_DMA_Init
 .text.LL_GPIO_SetOutputPin
                0x000000000800111c       0x1c ./Core/Src/freertos.o
 .text.LL_GPIO_ResetOutputPin
                0x0000000008001138       0x1c ./Core/Src/freertos.o
 .text.vApplicationStackOverflowHook
                0x0000000008001154       0x16 ./Core/Src/freertos.o
                0x0000000008001154                vApplicationStackOverflowHook
 *fill*         0x000000000800116a        0x2 
 .text.MX_FREERTOS_Init
                0x000000000800116c       0x74 ./Core/Src/freertos.o
                0x000000000800116c                MX_FREERTOS_Init
 .text.StartCanTask
                0x00000000080011e0       0xa4 ./Core/Src/freertos.o
                0x00000000080011e0                StartCanTask
 .text.StartTxMgr
                0x0000000008001284       0x30 ./Core/Src/freertos.o
                0x0000000008001284                StartTxMgr
 .text.StartBlink
                0x00000000080012b4       0x30 ./Core/Src/freertos.o
                0x00000000080012b4                StartBlink
 .text.LL_GPIO_SetOutputPin
                0x00000000080012e4       0x1c ./Core/Src/gpio.o
 .text.LL_GPIO_ResetOutputPin
                0x0000000008001300       0x1c ./Core/Src/gpio.o
 .text.LL_AHB2_GRP1_EnableClock
                0x000000000800131c       0x30 ./Core/Src/gpio.o
 .text.MX_GPIO_Init
                0x000000000800134c      0x11c ./Core/Src/gpio.o
                0x000000000800134c                MX_GPIO_Init
 .text.LL_USART_TransmitData8
                0x0000000008001468       0x20 ./Core/Src/main.o
 .text.main     0x0000000008001488       0x48 ./Core/Src/main.o
                0x0000000008001488                main
 .text.SystemClock_Config
                0x00000000080014d0       0x8a ./Core/Src/main.o
                0x00000000080014d0                SystemClock_Config
 *fill*         0x000000000800155a        0x2 
 .text.HAL_TIM_PeriodElapsedCallback
                0x000000000800155c       0x24 ./Core/Src/main.o
                0x000000000800155c                HAL_TIM_PeriodElapsedCallback
 .text.Error_Handler
                0x0000000008001580        0xa ./Core/Src/main.o
                0x0000000008001580                Error_Handler
 .text.assert_failed
                0x000000000800158a        0xc ./Core/Src/main.o
                0x000000000800158a                assert_failed
 *fill*         0x0000000008001596        0x2 
 .text.MX_RNG_Init
                0x0000000008001598       0x28 ./Core/Src/rng.o
                0x0000000008001598                MX_RNG_Init
 .text.HAL_RNG_MspInit
                0x00000000080015c0       0x68 ./Core/Src/rng.o
                0x00000000080015c0                HAL_RNG_MspInit
 .text.LL_GPIO_SetOutputPin
                0x0000000008001628       0x1c ./Core/Src/spi.o
 .text.LL_GPIO_ResetOutputPin
                0x0000000008001644       0x1c ./Core/Src/spi.o
 .text.MX_SPI2_Init
                0x0000000008001660       0x7c ./Core/Src/spi.o
                0x0000000008001660                MX_SPI2_Init
 .text.HAL_SPI_MspInit
                0x00000000080016dc       0x88 ./Core/Src/spi.o
                0x00000000080016dc                HAL_SPI_MspInit
 .text.SPIInitTiPll
                0x0000000008001764       0xbc ./Core/Src/spi.o
                0x0000000008001764                SPIInitTiPll
 .text.SPISetTiPllOutAPwr
                0x0000000008001820       0x70 ./Core/Src/spi.o
                0x0000000008001820                SPISetTiPllOutAPwr
 .text.SPISetTiPllFreq
                0x0000000008001890      0x188 ./Core/Src/spi.o
                0x0000000008001890                SPISetTiPllFreq
 .text.SPISetTiPllRampFreqFromBuf
                0x0000000008001a18       0x84 ./Core/Src/spi.o
                0x0000000008001a18                SPISetTiPllRampFreqFromBuf
 .text.SPISetTiPllRampFreq
                0x0000000008001a9c      0x588 ./Core/Src/spi.o
                0x0000000008001a9c                SPISetTiPllRampFreq
 .text.SPIInitTiAdc
                0x0000000008002024       0x78 ./Core/Src/spi.o
                0x0000000008002024                SPIInitTiAdc
 .text.HAL_MspInit
                0x000000000800209c       0x50 ./Core/Src/stm32l4xx_hal_msp.o
                0x000000000800209c                HAL_MspInit
 .text.HAL_InitTick
                0x00000000080020ec       0xf4 ./Core/Src/stm32l4xx_hal_timebase_tim.o
                0x00000000080020ec                HAL_InitTick
 .text.NMI_Handler
                0x00000000080021e0        0x6 ./Core/Src/stm32l4xx_it.o
                0x00000000080021e0                NMI_Handler
 .text.HardFault_Handler
                0x00000000080021e6        0x6 ./Core/Src/stm32l4xx_it.o
                0x00000000080021e6                HardFault_Handler
 .text.MemManage_Handler
                0x00000000080021ec        0x6 ./Core/Src/stm32l4xx_it.o
                0x00000000080021ec                MemManage_Handler
 .text.BusFault_Handler
                0x00000000080021f2        0x6 ./Core/Src/stm32l4xx_it.o
                0x00000000080021f2                BusFault_Handler
 .text.UsageFault_Handler
                0x00000000080021f8        0x6 ./Core/Src/stm32l4xx_it.o
                0x00000000080021f8                UsageFault_Handler
 .text.DebugMon_Handler
                0x00000000080021fe        0xe ./Core/Src/stm32l4xx_it.o
                0x00000000080021fe                DebugMon_Handler
 .text.DMA1_Channel1_IRQHandler
                0x000000000800220c       0x14 ./Core/Src/stm32l4xx_it.o
                0x000000000800220c                DMA1_Channel1_IRQHandler
 .text.TIM6_DAC_IRQHandler
                0x0000000008002220       0x14 ./Core/Src/stm32l4xx_it.o
                0x0000000008002220                TIM6_DAC_IRQHandler
 .text.SystemInit
                0x0000000008002234       0x24 ./Core/Src/system_stm32l4xx.o
                0x0000000008002234                SystemInit
 .text.MX_TIM15_Init
                0x0000000008002258      0x160 ./Core/Src/tim.o
                0x0000000008002258                MX_TIM15_Init
 .text.HAL_TIM_Base_MspInit
                0x00000000080023b8       0x40 ./Core/Src/tim.o
                0x00000000080023b8                HAL_TIM_Base_MspInit
 .text.HAL_TIM_MspPostInit
                0x00000000080023f8       0xac ./Core/Src/tim.o
                0x00000000080023f8                HAL_TIM_MspPostInit
 .text.TIM15TiPllRampStart
                0x00000000080024a4        0xe ./Core/Src/tim.o
                0x00000000080024a4                TIM15TiPllRampStart
 .text.LL_USART_Enable
                0x00000000080024b2       0x20 ./Core/Src/usart.o
 .text.LL_USART_ConfigAsyncMode
                0x00000000080024d2       0x2c ./Core/Src/usart.o
 *fill*         0x00000000080024fe        0x2 
 .text.LL_AHB2_GRP1_EnableClock
                0x0000000008002500       0x30 ./Core/Src/usart.o
 .text.LL_APB2_GRP1_EnableClock
                0x0000000008002530       0x30 ./Core/Src/usart.o
 .text.MX_USART1_UART_Init
                0x0000000008002560       0xfc ./Core/Src/usart.o
                0x0000000008002560                MX_USART1_UART_Init
 .text.Reset_Handler
                0x000000000800265c       0x50 ./Core/Startup/startup_stm32l431cctx.o
                0x000000000800265c                Reset_Handler
 .text.Default_Handler
                0x00000000080026ac        0x2 ./Core/Startup/startup_stm32l431cctx.o
                0x00000000080026ac                RTC_Alarm_IRQHandler
                0x00000000080026ac                EXTI2_IRQHandler
                0x00000000080026ac                TIM1_CC_IRQHandler
                0x00000000080026ac                TSC_IRQHandler
                0x00000000080026ac                TAMP_STAMP_IRQHandler
                0x00000000080026ac                EXTI3_IRQHandler
                0x00000000080026ac                LPTIM2_IRQHandler
                0x00000000080026ac                I2C3_ER_IRQHandler
                0x00000000080026ac                EXTI0_IRQHandler
                0x00000000080026ac                I2C2_EV_IRQHandler
                0x00000000080026ac                CAN1_RX0_IRQHandler
                0x00000000080026ac                FPU_IRQHandler
                0x00000000080026ac                TIM1_UP_TIM16_IRQHandler
                0x00000000080026ac                SPI1_IRQHandler
                0x00000000080026ac                DMA2_Channel2_IRQHandler
                0x00000000080026ac                DMA1_Channel4_IRQHandler
                0x00000000080026ac                ADC1_IRQHandler
                0x00000000080026ac                USART3_IRQHandler
                0x00000000080026ac                DMA1_Channel7_IRQHandler
                0x00000000080026ac                CAN1_RX1_IRQHandler
                0x00000000080026ac                DMA2_Channel1_IRQHandler
                0x00000000080026ac                QUADSPI_IRQHandler
                0x00000000080026ac                I2C1_EV_IRQHandler
                0x00000000080026ac                DMA1_Channel6_IRQHandler
                0x00000000080026ac                DMA2_Channel4_IRQHandler
                0x00000000080026ac                RCC_IRQHandler
                0x00000000080026ac                TIM1_TRG_COM_IRQHandler
                0x00000000080026ac                Default_Handler
                0x00000000080026ac                DMA2_Channel7_IRQHandler
                0x00000000080026ac                EXTI15_10_IRQHandler
                0x00000000080026ac                TIM7_IRQHandler
                0x00000000080026ac                SDMMC1_IRQHandler
                0x00000000080026ac                I2C3_EV_IRQHandler
                0x00000000080026ac                EXTI9_5_IRQHandler
                0x00000000080026ac                RTC_WKUP_IRQHandler
                0x00000000080026ac                PVD_PVM_IRQHandler
                0x00000000080026ac                SPI2_IRQHandler
                0x00000000080026ac                CAN1_TX_IRQHandler
                0x00000000080026ac                DMA2_Channel5_IRQHandler
                0x00000000080026ac                CRS_IRQHandler
                0x00000000080026ac                DMA1_Channel5_IRQHandler
                0x00000000080026ac                EXTI4_IRQHandler
                0x00000000080026ac                RNG_IRQHandler
                0x00000000080026ac                DMA1_Channel3_IRQHandler
                0x00000000080026ac                COMP_IRQHandler
                0x00000000080026ac                WWDG_IRQHandler
                0x00000000080026ac                LPUART1_IRQHandler
                0x00000000080026ac                DMA2_Channel6_IRQHandler
                0x00000000080026ac                TIM2_IRQHandler
                0x00000000080026ac                EXTI1_IRQHandler
                0x00000000080026ac                USART2_IRQHandler
                0x00000000080026ac                I2C2_ER_IRQHandler
                0x00000000080026ac                DMA1_Channel2_IRQHandler
                0x00000000080026ac                CAN1_SCE_IRQHandler
                0x00000000080026ac                FLASH_IRQHandler
                0x00000000080026ac                USART1_IRQHandler
                0x00000000080026ac                SPI3_IRQHandler
                0x00000000080026ac                I2C1_ER_IRQHandler
                0x00000000080026ac                SWPMI1_IRQHandler
                0x00000000080026ac                LPTIM1_IRQHandler
                0x00000000080026ac                SAI1_IRQHandler
                0x00000000080026ac                DMA2_Channel3_IRQHandler
                0x00000000080026ac                TIM1_BRK_TIM15_IRQHandler
 .text.HAL_Init
                0x00000000080026ae       0x30 ./Drivers/STM32L4xx_HAL_Driver/stm32l4xx_hal.o
                0x00000000080026ae                HAL_Init
 *fill*         0x00000000080026de        0x2 
 .text.HAL_IncTick
                0x00000000080026e0       0x28 ./Drivers/STM32L4xx_HAL_Driver/stm32l4xx_hal.o
                0x00000000080026e0                HAL_IncTick
 .text.HAL_GetTick
                0x0000000008002708       0x18 ./Drivers/STM32L4xx_HAL_Driver/stm32l4xx_hal.o
                0x0000000008002708                HAL_GetTick
 .text.LL_ADC_SetCommonClock
                0x0000000008002720       0x26 ./Drivers/STM32L4xx_HAL_Driver/stm32l4xx_hal_adc.o
 .text.LL_ADC_SetCommonPathInternalCh
                0x0000000008002746       0x26 ./Drivers/STM32L4xx_HAL_Driver/stm32l4xx_hal_adc.o
 .text.LL_ADC_GetCommonPathInternalCh
                0x000000000800276c       0x1c ./Drivers/STM32L4xx_HAL_Driver/stm32l4xx_hal_adc.o
 .text.LL_ADC_GetResolution
                0x0000000008002788       0x1c ./Drivers/STM32L4xx_HAL_Driver/stm32l4xx_hal_adc.o
 .text.LL_ADC_SetOffset
                0x00000000080027a4       0x48 ./Drivers/STM32L4xx_HAL_Driver/stm32l4xx_hal_adc.o
 .text.LL_ADC_GetOffsetChannel
                0x00000000080027ec       0x2c ./Drivers/STM32L4xx_HAL_Driver/stm32l4xx_hal_adc.o
 .text.LL_ADC_SetOffsetState
                0x0000000008002818       0x36 ./Drivers/STM32L4xx_HAL_Driver/stm32l4xx_hal_adc.o
 .text.LL_ADC_REG_SetSequencerRanks
                0x000000000800284e       0x58 ./Drivers/STM32L4xx_HAL_Driver/stm32l4xx_hal_adc.o
 .text.LL_ADC_SetChannelSamplingTime
                0x00000000080028a6       0x56 ./Drivers/STM32L4xx_HAL_Driver/stm32l4xx_hal_adc.o
 .text.LL_ADC_SetChannelSingleDiff
                0x00000000080028fc       0x48 ./Drivers/STM32L4xx_HAL_Driver/stm32l4xx_hal_adc.o
 .text.LL_ADC_DisableDeepPowerDown
                0x0000000008002944       0x24 ./Drivers/STM32L4xx_HAL_Driver/stm32l4xx_hal_adc.o
 .text.LL_ADC_IsDeepPowerDownEnabled
                0x0000000008002968       0x28 ./Drivers/STM32L4xx_HAL_Driver/stm32l4xx_hal_adc.o
 .text.LL_ADC_EnableInternalRegulator
                0x0000000008002990       0x28 ./Drivers/STM32L4xx_HAL_Driver/stm32l4xx_hal_adc.o
 .text.LL_ADC_IsInternalRegulatorEnabled
                0x00000000080029b8       0x28 ./Drivers/STM32L4xx_HAL_Driver/stm32l4xx_hal_adc.o
 .text.LL_ADC_IsEnabled
                0x00000000080029e0       0x26 ./Drivers/STM32L4xx_HAL_Driver/stm32l4xx_hal_adc.o
 .text.LL_ADC_REG_IsConversionOngoing
                0x0000000008002a06       0x26 ./Drivers/STM32L4xx_HAL_Driver/stm32l4xx_hal_adc.o
 .text.LL_ADC_INJ_IsConversionOngoing
                0x0000000008002a2c       0x26 ./Drivers/STM32L4xx_HAL_Driver/stm32l4xx_hal_adc.o
 *fill*         0x0000000008002a52        0x2 
 .text.HAL_ADC_Init
                0x0000000008002a54      0x694 ./Drivers/STM32L4xx_HAL_Driver/stm32l4xx_hal_adc.o
                0x0000000008002a54                HAL_ADC_Init
 .text.HAL_ADC_ConfigChannel
                0x00000000080030e8      0xb74 ./Drivers/STM32L4xx_HAL_Driver/stm32l4xx_hal_adc.o
                0x00000000080030e8                HAL_ADC_ConfigChannel
 .text.HAL_CAN_Init
                0x0000000008003c5c      0x4c4 ./Drivers/STM32L4xx_HAL_Driver/stm32l4xx_hal_can.o
                0x0000000008003c5c                HAL_CAN_Init
 .text.HAL_CAN_ConfigFilter
                0x0000000008004120      0x260 ./Drivers/STM32L4xx_HAL_Driver/stm32l4xx_hal_can.o
                0x0000000008004120                HAL_CAN_ConfigFilter
 .text.HAL_CAN_GetRxMessage
                0x0000000008004380      0x23c ./Drivers/STM32L4xx_HAL_Driver/stm32l4xx_hal_can.o
                0x0000000008004380                HAL_CAN_GetRxMessage
 .text.HAL_CAN_ActivateNotification
                0x00000000080045bc       0x64 ./Drivers/STM32L4xx_HAL_Driver/stm32l4xx_hal_can.o
                0x00000000080045bc                HAL_CAN_ActivateNotification
 .text.HAL_CAN_TxMailbox0CompleteCallback
                0x0000000008004620       0x14 ./Drivers/STM32L4xx_HAL_Driver/stm32l4xx_hal_can.o
                0x0000000008004620                HAL_CAN_TxMailbox0CompleteCallback
 .text.HAL_CAN_TxMailbox1CompleteCallback
                0x0000000008004634       0x14 ./Drivers/STM32L4xx_HAL_Driver/stm32l4xx_hal_can.o
                0x0000000008004634                HAL_CAN_TxMailbox1CompleteCallback
 .text.HAL_CAN_TxMailbox2CompleteCallback
                0x0000000008004648       0x14 ./Drivers/STM32L4xx_HAL_Driver/stm32l4xx_hal_can.o
                0x0000000008004648                HAL_CAN_TxMailbox2CompleteCallback
 .text.HAL_CAN_TxMailbox0AbortCallback
                0x000000000800465c       0x14 ./Drivers/STM32L4xx_HAL_Driver/stm32l4xx_hal_can.o
                0x000000000800465c                HAL_CAN_TxMailbox0AbortCallback
 .text.HAL_CAN_TxMailbox1AbortCallback
                0x0000000008004670       0x14 ./Drivers/STM32L4xx_HAL_Driver/stm32l4xx_hal_can.o
                0x0000000008004670                HAL_CAN_TxMailbox1AbortCallback
 .text.HAL_CAN_TxMailbox2AbortCallback
                0x0000000008004684       0x14 ./Drivers/STM32L4xx_HAL_Driver/stm32l4xx_hal_can.o
                0x0000000008004684                HAL_CAN_TxMailbox2AbortCallback
 .text.HAL_CAN_RxFifo0FullCallback
                0x0000000008004698       0x14 ./Drivers/STM32L4xx_HAL_Driver/stm32l4xx_hal_can.o
                0x0000000008004698                HAL_CAN_RxFifo0FullCallback
 .text.HAL_CAN_RxFifo1MsgPendingCallback
                0x00000000080046ac       0x14 ./Drivers/STM32L4xx_HAL_Driver/stm32l4xx_hal_can.o
                0x00000000080046ac                HAL_CAN_RxFifo1MsgPendingCallback
 .text.HAL_CAN_RxFifo1FullCallback
                0x00000000080046c0       0x14 ./Drivers/STM32L4xx_HAL_Driver/stm32l4xx_hal_can.o
                0x00000000080046c0                HAL_CAN_RxFifo1FullCallback
 .text.HAL_CAN_SleepCallback
                0x00000000080046d4       0x14 ./Drivers/STM32L4xx_HAL_Driver/stm32l4xx_hal_can.o
                0x00000000080046d4                HAL_CAN_SleepCallback
 .text.HAL_CAN_WakeUpFromRxMsgCallback
                0x00000000080046e8       0x14 ./Drivers/STM32L4xx_HAL_Driver/stm32l4xx_hal_can.o
                0x00000000080046e8                HAL_CAN_WakeUpFromRxMsgCallback
 .text.HAL_CAN_ErrorCallback
                0x00000000080046fc       0x14 ./Drivers/STM32L4xx_HAL_Driver/stm32l4xx_hal_can.o
                0x00000000080046fc                HAL_CAN_ErrorCallback
 .text.__NVIC_SetPriorityGrouping
                0x0000000008004710       0x48 ./Drivers/STM32L4xx_HAL_Driver/stm32l4xx_hal_cortex.o
 .text.__NVIC_GetPriorityGrouping
                0x0000000008004758       0x1c ./Drivers/STM32L4xx_HAL_Driver/stm32l4xx_hal_cortex.o
 .text.__NVIC_EnableIRQ
                0x0000000008004774       0x3c ./Drivers/STM32L4xx_HAL_Driver/stm32l4xx_hal_cortex.o
 .text.__NVIC_SetPriority
                0x00000000080047b0       0x54 ./Drivers/STM32L4xx_HAL_Driver/stm32l4xx_hal_cortex.o
 .text.NVIC_EncodePriority
                0x0000000008004804       0x66 ./Drivers/STM32L4xx_HAL_Driver/stm32l4xx_hal_cortex.o
 *fill*         0x000000000800486a        0x2 
 .text.HAL_NVIC_SetPriorityGrouping
                0x000000000800486c       0x40 ./Drivers/STM32L4xx_HAL_Driver/stm32l4xx_hal_cortex.o
                0x000000000800486c                HAL_NVIC_SetPriorityGrouping
 .text.HAL_NVIC_SetPriority
                0x00000000080048ac       0x58 ./Drivers/STM32L4xx_HAL_Driver/stm32l4xx_hal_cortex.o
                0x00000000080048ac                HAL_NVIC_SetPriority
 .text.HAL_NVIC_EnableIRQ
                0x0000000008004904       0x30 ./Drivers/STM32L4xx_HAL_Driver/stm32l4xx_hal_cortex.o
                0x0000000008004904                HAL_NVIC_EnableIRQ
 .text.HAL_DMA_Init
                0x0000000008004934      0x370 ./Drivers/STM32L4xx_HAL_Driver/stm32l4xx_hal_dma.o
                0x0000000008004934                HAL_DMA_Init
 .text.HAL_DMA_IRQHandler
                0x0000000008004ca4      0x15e ./Drivers/STM32L4xx_HAL_Driver/stm32l4xx_hal_dma.o
                0x0000000008004ca4                HAL_DMA_IRQHandler
 *fill*         0x0000000008004e02        0x2 
 .text.HAL_GPIO_Init
                0x0000000008004e04      0x490 ./Drivers/STM32L4xx_HAL_Driver/stm32l4xx_hal_gpio.o
                0x0000000008004e04                HAL_GPIO_Init
 .text.HAL_PWREx_GetVoltageRange
                0x0000000008005294       0x1c ./Drivers/STM32L4xx_HAL_Driver/stm32l4xx_hal_pwr_ex.o
                0x0000000008005294                HAL_PWREx_GetVoltageRange
 .text.HAL_PWREx_ControlVoltageScaling
                0x00000000080052b0       0xc4 ./Drivers/STM32L4xx_HAL_Driver/stm32l4xx_hal_pwr_ex.o
                0x00000000080052b0                HAL_PWREx_ControlVoltageScaling
 .text.HAL_RCC_OscConfig
                0x0000000008005374      0xa98 ./Drivers/STM32L4xx_HAL_Driver/stm32l4xx_hal_rcc.o
                0x0000000008005374                HAL_RCC_OscConfig
 .text.HAL_RCC_ClockConfig
                0x0000000008005e0c      0x340 ./Drivers/STM32L4xx_HAL_Driver/stm32l4xx_hal_rcc.o
                0x0000000008005e0c                HAL_RCC_ClockConfig
 .text.HAL_RCC_GetSysClockFreq
                0x000000000800614c      0x118 ./Drivers/STM32L4xx_HAL_Driver/stm32l4xx_hal_rcc.o
                0x000000000800614c                HAL_RCC_GetSysClockFreq
 .text.HAL_RCC_GetHCLKFreq
                0x0000000008006264       0x18 ./Drivers/STM32L4xx_HAL_Driver/stm32l4xx_hal_rcc.o
                0x0000000008006264                HAL_RCC_GetHCLKFreq
 .text.HAL_RCC_GetPCLK1Freq
                0x000000000800627c       0x2c ./Drivers/STM32L4xx_HAL_Driver/stm32l4xx_hal_rcc.o
                0x000000000800627c                HAL_RCC_GetPCLK1Freq
 .text.HAL_RCC_GetClockConfig
                0x00000000080062a8       0x84 ./Drivers/STM32L4xx_HAL_Driver/stm32l4xx_hal_rcc.o
                0x00000000080062a8                HAL_RCC_GetClockConfig
 .text.RCC_SetFlashLatencyFromMSIRange
                0x000000000800632c       0xc0 ./Drivers/STM32L4xx_HAL_Driver/stm32l4xx_hal_rcc.o
 .text.HAL_RCCEx_PeriphCLKConfig
                0x00000000080063ec      0x6e0 ./Drivers/STM32L4xx_HAL_Driver/stm32l4xx_hal_rcc_ex.o
                0x00000000080063ec                HAL_RCCEx_PeriphCLKConfig
 .text.RCCEx_PLLSAI1_Config
                0x0000000008006acc      0x300 ./Drivers/STM32L4xx_HAL_Driver/stm32l4xx_hal_rcc_ex.o
 .text.HAL_RNG_Init
                0x0000000008006dcc       0xc8 ./Drivers/STM32L4xx_HAL_Driver/stm32l4xx_hal_rng.o
                0x0000000008006dcc                HAL_RNG_Init
 .text.HAL_SPI_Init
                0x0000000008006e94      0x3dc ./Drivers/STM32L4xx_HAL_Driver/stm32l4xx_hal_spi.o
                0x0000000008006e94                HAL_SPI_Init
 .text.HAL_SPI_Transmit
                0x0000000008007270      0x2fc ./Drivers/STM32L4xx_HAL_Driver/stm32l4xx_hal_spi.o
                0x0000000008007270                HAL_SPI_Transmit
 .text.SPI_WaitFlagStateUntilTimeout
                0x000000000800756c      0x110 ./Drivers/STM32L4xx_HAL_Driver/stm32l4xx_hal_spi.o
 .text.SPI_WaitFifoStateUntilTimeout
                0x000000000800767c      0x12c ./Drivers/STM32L4xx_HAL_Driver/stm32l4xx_hal_spi.o
 .text.SPI_EndRxTxTransaction
                0x00000000080077a8       0x8c ./Drivers/STM32L4xx_HAL_Driver/stm32l4xx_hal_spi.o
 .text.HAL_TIM_Base_Init
                0x0000000008007834      0x1c4 ./Drivers/STM32L4xx_HAL_Driver/stm32l4xx_hal_tim.o
                0x0000000008007834                HAL_TIM_Base_Init
 .text.HAL_TIM_Base_Start_IT
                0x00000000080079f8       0xfc ./Drivers/STM32L4xx_HAL_Driver/stm32l4xx_hal_tim.o
                0x00000000080079f8                HAL_TIM_Base_Start_IT
 .text.HAL_TIM_OC_Init
                0x0000000008007af4      0x1c4 ./Drivers/STM32L4xx_HAL_Driver/stm32l4xx_hal_tim.o
                0x0000000008007af4                HAL_TIM_OC_Init
 .text.HAL_TIM_OC_MspInit
                0x0000000008007cb8       0x14 ./Drivers/STM32L4xx_HAL_Driver/stm32l4xx_hal_tim.o
                0x0000000008007cb8                HAL_TIM_OC_MspInit
 .text.HAL_TIM_IRQHandler
                0x0000000008007ccc      0x23e ./Drivers/STM32L4xx_HAL_Driver/stm32l4xx_hal_tim.o
                0x0000000008007ccc                HAL_TIM_IRQHandler
 *fill*         0x0000000008007f0a        0x2 
 .text.HAL_TIM_OC_ConfigChannel
                0x0000000008007f0c      0x264 ./Drivers/STM32L4xx_HAL_Driver/stm32l4xx_hal_tim.o
                0x0000000008007f0c                HAL_TIM_OC_ConfigChannel
 .text.HAL_TIM_ConfigClockSource
                0x0000000008008170      0x538 ./Drivers/STM32L4xx_HAL_Driver/stm32l4xx_hal_tim.o
                0x0000000008008170                HAL_TIM_ConfigClockSource
 .text.HAL_TIM_OC_DelayElapsedCallback
                0x00000000080086a8       0x14 ./Drivers/STM32L4xx_HAL_Driver/stm32l4xx_hal_tim.o
                0x00000000080086a8                HAL_TIM_OC_DelayElapsedCallback
 .text.HAL_TIM_IC_CaptureCallback
                0x00000000080086bc       0x14 ./Drivers/STM32L4xx_HAL_Driver/stm32l4xx_hal_tim.o
                0x00000000080086bc                HAL_TIM_IC_CaptureCallback
 .text.HAL_TIM_PWM_PulseFinishedCallback
                0x00000000080086d0       0x14 ./Drivers/STM32L4xx_HAL_Driver/stm32l4xx_hal_tim.o
                0x00000000080086d0                HAL_TIM_PWM_PulseFinishedCallback
 .text.HAL_TIM_TriggerCallback
                0x00000000080086e4       0x14 ./Drivers/STM32L4xx_HAL_Driver/stm32l4xx_hal_tim.o
                0x00000000080086e4                HAL_TIM_TriggerCallback
 .text.TIM_Base_SetConfig
                0x00000000080086f8       0xc8 ./Drivers/STM32L4xx_HAL_Driver/stm32l4xx_hal_tim.o
                0x00000000080086f8                TIM_Base_SetConfig
 .text.TIM_OC1_SetConfig
                0x00000000080087c0      0x14c ./Drivers/STM32L4xx_HAL_Driver/stm32l4xx_hal_tim.o
 .text.TIM_OC2_SetConfig
                0x000000000800890c      0x144 ./Drivers/STM32L4xx_HAL_Driver/stm32l4xx_hal_tim.o
                0x000000000800890c                TIM_OC2_SetConfig
 .text.TIM_OC3_SetConfig
                0x0000000008008a50      0x144 ./Drivers/STM32L4xx_HAL_Driver/stm32l4xx_hal_tim.o
 .text.TIM_OC4_SetConfig
                0x0000000008008b94       0xd8 ./Drivers/STM32L4xx_HAL_Driver/stm32l4xx_hal_tim.o
 .text.TIM_OC5_SetConfig
                0x0000000008008c6c       0xb0 ./Drivers/STM32L4xx_HAL_Driver/stm32l4xx_hal_tim.o
 .text.TIM_OC6_SetConfig
                0x0000000008008d1c       0xb4 ./Drivers/STM32L4xx_HAL_Driver/stm32l4xx_hal_tim.o
 .text.TIM_TI1_ConfigInputStage
                0x0000000008008dd0       0x5e ./Drivers/STM32L4xx_HAL_Driver/stm32l4xx_hal_tim.o
 .text.TIM_TI2_ConfigInputStage
                0x0000000008008e2e       0x60 ./Drivers/STM32L4xx_HAL_Driver/stm32l4xx_hal_tim.o
 .text.TIM_ITRx_SetConfig
                0x0000000008008e8e       0x36 ./Drivers/STM32L4xx_HAL_Driver/stm32l4xx_hal_tim.o
 .text.TIM_ETR_SetConfig
                0x0000000008008ec4       0x40 ./Drivers/STM32L4xx_HAL_Driver/stm32l4xx_hal_tim.o
                0x0000000008008ec4                TIM_ETR_SetConfig
 .text.HAL_TIMEx_MasterConfigSynchronization
                0x0000000008008f04      0x228 ./Drivers/STM32L4xx_HAL_Driver/stm32l4xx_hal_tim_ex.o
                0x0000000008008f04                HAL_TIMEx_MasterConfigSynchronization
 .text.HAL_TIMEx_ConfigBreakDeadTime
                0x000000000800912c      0x248 ./Drivers/STM32L4xx_HAL_Driver/stm32l4xx_hal_tim_ex.o
                0x000000000800912c                HAL_TIMEx_ConfigBreakDeadTime
 .text.HAL_TIMEx_CommutCallback
                0x0000000008009374       0x14 ./Drivers/STM32L4xx_HAL_Driver/stm32l4xx_hal_tim_ex.o
                0x0000000008009374                HAL_TIMEx_CommutCallback
 .text.HAL_TIMEx_BreakCallback
                0x0000000008009388       0x14 ./Drivers/STM32L4xx_HAL_Driver/stm32l4xx_hal_tim_ex.o
                0x0000000008009388                HAL_TIMEx_BreakCallback
 .text.HAL_TIMEx_Break2Callback
                0x000000000800939c       0x14 ./Drivers/STM32L4xx_HAL_Driver/stm32l4xx_hal_tim_ex.o
                0x000000000800939c                HAL_TIMEx_Break2Callback
 .text.LL_GPIO_SetPinMode
                0x00000000080093b0       0x7a ./Drivers/STM32L4xx_HAL_Driver/stm32l4xx_ll_gpio.o
 .text.LL_GPIO_SetPinOutputType
                0x000000000800942a       0x30 ./Drivers/STM32L4xx_HAL_Driver/stm32l4xx_ll_gpio.o
 .text.LL_GPIO_SetPinSpeed
                0x000000000800945a       0x7a ./Drivers/STM32L4xx_HAL_Driver/stm32l4xx_ll_gpio.o
 .text.LL_GPIO_SetPinPull
                0x00000000080094d4       0x7a ./Drivers/STM32L4xx_HAL_Driver/stm32l4xx_ll_gpio.o
 .text.LL_GPIO_SetAFPin_0_7
                0x000000000800954e       0x7a ./Drivers/STM32L4xx_HAL_Driver/stm32l4xx_ll_gpio.o
 .text.LL_GPIO_SetAFPin_8_15
                0x00000000080095c8       0x7e ./Drivers/STM32L4xx_HAL_Driver/stm32l4xx_ll_gpio.o
 *fill*         0x0000000008009646        0x2 
 .text.LL_GPIO_Init
                0x0000000008009648      0x25c ./Drivers/STM32L4xx_HAL_Driver/stm32l4xx_ll_gpio.o
                0x0000000008009648                LL_GPIO_Init
 .text.LL_RCC_HSI_IsReady
                0x00000000080098a4       0x28 ./Drivers/STM32L4xx_HAL_Driver/stm32l4xx_ll_rcc.o
 .text.LL_RCC_LSE_IsReady
                0x00000000080098cc       0x28 ./Drivers/STM32L4xx_HAL_Driver/stm32l4xx_ll_rcc.o
 .text.LL_RCC_MSI_IsEnabledRangeSelect
                0x00000000080098f4       0x24 ./Drivers/STM32L4xx_HAL_Driver/stm32l4xx_ll_rcc.o
 .text.LL_RCC_MSI_GetRange
                0x0000000008009918       0x1c ./Drivers/STM32L4xx_HAL_Driver/stm32l4xx_ll_rcc.o
 .text.LL_RCC_MSI_GetRangeAfterStandby
                0x0000000008009934       0x1c ./Drivers/STM32L4xx_HAL_Driver/stm32l4xx_ll_rcc.o
 .text.LL_RCC_GetSysClkSource
                0x0000000008009950       0x1c ./Drivers/STM32L4xx_HAL_Driver/stm32l4xx_ll_rcc.o
 .text.LL_RCC_GetAHBPrescaler
                0x000000000800996c       0x1c ./Drivers/STM32L4xx_HAL_Driver/stm32l4xx_ll_rcc.o
 .text.LL_RCC_GetAPB1Prescaler
                0x0000000008009988       0x1c ./Drivers/STM32L4xx_HAL_Driver/stm32l4xx_ll_rcc.o
 .text.LL_RCC_GetAPB2Prescaler
                0x00000000080099a4       0x1c ./Drivers/STM32L4xx_HAL_Driver/stm32l4xx_ll_rcc.o
 .text.LL_RCC_GetUSARTClockSource
                0x00000000080099c0       0x28 ./Drivers/STM32L4xx_HAL_Driver/stm32l4xx_ll_rcc.o
 .text.LL_RCC_PLL_GetMainSource
                0x00000000080099e8       0x1c ./Drivers/STM32L4xx_HAL_Driver/stm32l4xx_ll_rcc.o
 .text.LL_RCC_PLL_GetN
                0x0000000008009a04       0x1c ./Drivers/STM32L4xx_HAL_Driver/stm32l4xx_ll_rcc.o
 .text.LL_RCC_PLL_GetR
                0x0000000008009a20       0x1c ./Drivers/STM32L4xx_HAL_Driver/stm32l4xx_ll_rcc.o
 .text.LL_RCC_PLL_GetDivider
                0x0000000008009a3c       0x1c ./Drivers/STM32L4xx_HAL_Driver/stm32l4xx_ll_rcc.o
 .text.LL_RCC_GetUSARTClockFreq
                0x0000000008009a58      0x1e8 ./Drivers/STM32L4xx_HAL_Driver/stm32l4xx_ll_rcc.o
                0x0000000008009a58                LL_RCC_GetUSARTClockFreq
 .text.RCC_GetSystemClockFreq
                0x0000000008009c40      0x120 ./Drivers/STM32L4xx_HAL_Driver/stm32l4xx_ll_rcc.o
 .text.RCC_GetHCLKClockFreq
                0x0000000008009d60       0x2c ./Drivers/STM32L4xx_HAL_Driver/stm32l4xx_ll_rcc.o
 .text.RCC_GetPCLK1ClockFreq
                0x0000000008009d8c       0x28 ./Drivers/STM32L4xx_HAL_Driver/stm32l4xx_ll_rcc.o
 .text.RCC_GetPCLK2ClockFreq
                0x0000000008009db4       0x28 ./Drivers/STM32L4xx_HAL_Driver/stm32l4xx_ll_rcc.o
 .text.RCC_PLL_GetFreqDomain_SYS
                0x0000000008009ddc      0x118 ./Drivers/STM32L4xx_HAL_Driver/stm32l4xx_ll_rcc.o
 .text.LL_USART_IsEnabled
                0x0000000008009ef4       0x26 ./Drivers/STM32L4xx_HAL_Driver/stm32l4xx_ll_usart.o
 .text.LL_USART_SetStopBitsLength
                0x0000000008009f1a       0x26 ./Drivers/STM32L4xx_HAL_Driver/stm32l4xx_ll_usart.o
 .text.LL_USART_SetHWFlowCtrl
                0x0000000008009f40       0x26 ./Drivers/STM32L4xx_HAL_Driver/stm32l4xx_ll_usart.o
 .text.LL_USART_SetBaudRate
                0x0000000008009f66       0x6e ./Drivers/STM32L4xx_HAL_Driver/stm32l4xx_ll_usart.o
 .text.LL_USART_Init
                0x0000000008009fd4      0x1fc ./Drivers/STM32L4xx_HAL_Driver/stm32l4xx_ll_usart.o
                0x0000000008009fd4                LL_USART_Init
 .text.__NVIC_SetPriority
                0x000000000800a1d0       0x54 ./Middlewares/FreeRTOS/cmsis_os2.o
 .text.SysTick_Handler
                0x000000000800a224       0x20 ./Middlewares/FreeRTOS/cmsis_os2.o
                0x000000000800a224                SysTick_Handler
 .text.SVC_Setup
                0x000000000800a244       0x12 ./Middlewares/FreeRTOS/cmsis_os2.o
 *fill*         0x000000000800a256        0x2 
 .text.osKernelInitialize
                0x000000000800a258       0x48 ./Middlewares/FreeRTOS/cmsis_os2.o
                0x000000000800a258                osKernelInitialize
 .text.osKernelStart
                0x000000000800a2a0       0x4c ./Middlewares/FreeRTOS/cmsis_os2.o
                0x000000000800a2a0                osKernelStart
 .text.osThreadNew
                0x000000000800a2ec      0x124 ./Middlewares/FreeRTOS/cmsis_os2.o
                0x000000000800a2ec                osThreadNew
 .text.osDelay  0x000000000800a410       0x36 ./Middlewares/FreeRTOS/cmsis_os2.o
                0x000000000800a410                osDelay
 .text.osMessageQueueNew
                0x000000000800a446       0xe6 ./Middlewares/FreeRTOS/cmsis_os2.o
                0x000000000800a446                osMessageQueueNew
 .text.vApplicationGetIdleTaskMemory
                0x000000000800a52c       0x34 ./Middlewares/FreeRTOS/cmsis_os2.o
                0x000000000800a52c                vApplicationGetIdleTaskMemory
 .text.vApplicationGetTimerTaskMemory
                0x000000000800a560       0x34 ./Middlewares/FreeRTOS/cmsis_os2.o
                0x000000000800a560                vApplicationGetTimerTaskMemory
 .text.pvPortMalloc
                0x000000000800a594      0x198 ./Middlewares/FreeRTOS/heap_4.o
                0x000000000800a594                pvPortMalloc
 .text.vPortFree
                0x000000000800a72c       0xc4 ./Middlewares/FreeRTOS/heap_4.o
                0x000000000800a72c                vPortFree
 .text.prvHeapInit
                0x000000000800a7f0       0xc4 ./Middlewares/FreeRTOS/heap_4.o
 .text.prvInsertBlockIntoFreeList
                0x000000000800a8b4       0xb4 ./Middlewares/FreeRTOS/heap_4.o
 .text.vListInitialise
                0x000000000800a968       0x40 ./Middlewares/FreeRTOS/list.o
                0x000000000800a968                vListInitialise
 .text.vListInitialiseItem
                0x000000000800a9a8       0x1a ./Middlewares/FreeRTOS/list.o
                0x000000000800a9a8                vListInitialiseItem
 .text.vListInsertEnd
                0x000000000800a9c2       0x48 ./Middlewares/FreeRTOS/list.o
                0x000000000800a9c2                vListInsertEnd
 .text.vListInsert
                0x000000000800aa0a       0x72 ./Middlewares/FreeRTOS/list.o
                0x000000000800aa0a                vListInsert
 .text.uxListRemove
                0x000000000800aa7c       0x54 ./Middlewares/FreeRTOS/list.o
                0x000000000800aa7c                uxListRemove
 .text.pxPortInitialiseStack
                0x000000000800aad0       0x68 ./Middlewares/FreeRTOS/port.o
                0x000000000800aad0                pxPortInitialiseStack
 .text.prvTaskExitError
                0x000000000800ab38       0x58 ./Middlewares/FreeRTOS/port.o
 .text.SVC_Handler
                0x000000000800ab90       0x28 ./Middlewares/FreeRTOS/port.o
                0x000000000800ab90                SVC_Handler
 .text.prvPortStartFirstTask
                0x000000000800abb8       0x28 ./Middlewares/FreeRTOS/port.o
 .text.xPortStartScheduler
                0x000000000800abe0      0x144 ./Middlewares/FreeRTOS/port.o
                0x000000000800abe0                xPortStartScheduler
 .text.vPortEnterCritical
                0x000000000800ad24       0x60 ./Middlewares/FreeRTOS/port.o
                0x000000000800ad24                vPortEnterCritical
 .text.vPortExitCritical
                0x000000000800ad84       0x54 ./Middlewares/FreeRTOS/port.o
                0x000000000800ad84                vPortExitCritical
 *fill*         0x000000000800add8        0x8 
 .text.PendSV_Handler
                0x000000000800ade0       0x68 ./Middlewares/FreeRTOS/port.o
                0x000000000800ade0                PendSV_Handler
 .text.xPortSysTickHandler
                0x000000000800ae48       0x44 ./Middlewares/FreeRTOS/port.o
                0x000000000800ae48                xPortSysTickHandler
 .text.vPortSetupTimerInterrupt
                0x000000000800ae8c       0x48 ./Middlewares/FreeRTOS/port.o
                0x000000000800ae8c                vPortSetupTimerInterrupt
 .text.vPortEnableVFP
                0x000000000800aed4       0x14 ./Middlewares/FreeRTOS/port.o
 .text.vPortValidateInterruptPriority
                0x000000000800aee8       0x80 ./Middlewares/FreeRTOS/port.o
                0x000000000800aee8                vPortValidateInterruptPriority
 .text.xQueueGenericReset
                0x000000000800af68       0xd0 ./Middlewares/FreeRTOS/queue.o
                0x000000000800af68                xQueueGenericReset
 .text.xQueueGenericCreateStatic
                0x000000000800b038       0xf0 ./Middlewares/FreeRTOS/queue.o
                0x000000000800b038                xQueueGenericCreateStatic
 .text.xQueueGenericCreate
                0x000000000800b128       0x74 ./Middlewares/FreeRTOS/queue.o
                0x000000000800b128                xQueueGenericCreate
 .text.prvInitialiseNewQueue
                0x000000000800b19c       0x46 ./Middlewares/FreeRTOS/queue.o
 *fill*         0x000000000800b1e2        0x2 
 .text.xQueueGenericSend
                0x000000000800b1e4      0x1fc ./Middlewares/FreeRTOS/queue.o
                0x000000000800b1e4                xQueueGenericSend
 .text.xQueueGenericSendFromISR
                0x000000000800b3e0      0x136 ./Middlewares/FreeRTOS/queue.o
                0x000000000800b3e0                xQueueGenericSendFromISR
 *fill*         0x000000000800b516        0x2 
 .text.xQueueReceive
                0x000000000800b518      0x1c0 ./Middlewares/FreeRTOS/queue.o
                0x000000000800b518                xQueueReceive
 .text.prvCopyDataToQueue
                0x000000000800b6d8       0xd4 ./Middlewares/FreeRTOS/queue.o
 .text.prvCopyDataFromQueue
                0x000000000800b7ac       0x4c ./Middlewares/FreeRTOS/queue.o
 .text.prvUnlockQueue
                0x000000000800b7f8       0xa4 ./Middlewares/FreeRTOS/queue.o
 .text.prvIsQueueEmpty
                0x000000000800b89c       0x2c ./Middlewares/FreeRTOS/queue.o
 .text.prvIsQueueFull
                0x000000000800b8c8       0x30 ./Middlewares/FreeRTOS/queue.o
 .text.vQueueAddToRegistry
                0x000000000800b8f8       0x54 ./Middlewares/FreeRTOS/queue.o
                0x000000000800b8f8                vQueueAddToRegistry
 .text.vQueueWaitForMessageRestricted
                0x000000000800b94c       0x68 ./Middlewares/FreeRTOS/queue.o
                0x000000000800b94c                vQueueWaitForMessageRestricted
 .text.xTaskCreateStatic
                0x000000000800b9b4       0xba ./Middlewares/FreeRTOS/tasks.o
                0x000000000800b9b4                xTaskCreateStatic
 .text.xTaskCreate
                0x000000000800ba6e       0x8a ./Middlewares/FreeRTOS/tasks.o
                0x000000000800ba6e                xTaskCreate
 .text.prvInitialiseNewTask
                0x000000000800baf8      0x14c ./Middlewares/FreeRTOS/tasks.o
 .text.prvAddNewTaskToReadyList
                0x000000000800bc44       0xe0 ./Middlewares/FreeRTOS/tasks.o
 .text.vTaskDelay
                0x000000000800bd24       0x68 ./Middlewares/FreeRTOS/tasks.o
                0x000000000800bd24                vTaskDelay
 .text.vTaskStartScheduler
                0x000000000800bd8c       0xe0 ./Middlewares/FreeRTOS/tasks.o
                0x000000000800bd8c                vTaskStartScheduler
 .text.vTaskSuspendAll
                0x000000000800be6c       0x1c ./Middlewares/FreeRTOS/tasks.o
                0x000000000800be6c                vTaskSuspendAll
 .text.xTaskResumeAll
                0x000000000800be88      0x13c ./Middlewares/FreeRTOS/tasks.o
                0x000000000800be88                xTaskResumeAll
 .text.xTaskGetTickCount
                0x000000000800bfc4       0x20 ./Middlewares/FreeRTOS/tasks.o
                0x000000000800bfc4                xTaskGetTickCount
 .text.xTaskIncrementTick
                0x000000000800bfe4      0x174 ./Middlewares/FreeRTOS/tasks.o
                0x000000000800bfe4                xTaskIncrementTick
 .text.vTaskSwitchContext
                0x000000000800c158      0x114 ./Middlewares/FreeRTOS/tasks.o
                0x000000000800c158                vTaskSwitchContext
 .text.vTaskPlaceOnEventList
                0x000000000800c26c       0x48 ./Middlewares/FreeRTOS/tasks.o
                0x000000000800c26c                vTaskPlaceOnEventList
 .text.vTaskPlaceOnEventListRestricted
                0x000000000800c2b4       0x58 ./Middlewares/FreeRTOS/tasks.o
                0x000000000800c2b4                vTaskPlaceOnEventListRestricted
 .text.xTaskRemoveFromEventList
                0x000000000800c30c       0xc8 ./Middlewares/FreeRTOS/tasks.o
                0x000000000800c30c                xTaskRemoveFromEventList
 .text.vTaskInternalSetTimeOutState
                0x000000000800c3d4       0x2c ./Middlewares/FreeRTOS/tasks.o
                0x000000000800c3d4                vTaskInternalSetTimeOutState
 .text.xTaskCheckForTimeOut
                0x000000000800c400       0xc4 ./Middlewares/FreeRTOS/tasks.o
                0x000000000800c400                xTaskCheckForTimeOut
 .text.vTaskMissedYield
                0x000000000800c4c4       0x18 ./Middlewares/FreeRTOS/tasks.o
                0x000000000800c4c4                vTaskMissedYield
 .text.prvIdleTask
                0x000000000800c4dc       0x30 ./Middlewares/FreeRTOS/tasks.o
 .text.prvInitialiseTaskLists
                0x000000000800c50c       0x80 ./Middlewares/FreeRTOS/tasks.o
 .text.prvCheckTasksWaitingTermination
                0x000000000800c58c       0x5c ./Middlewares/FreeRTOS/tasks.o
 .text.prvDeleteTCB
                0x000000000800c5e8       0x68 ./Middlewares/FreeRTOS/tasks.o
 .text.prvResetNextTaskUnblockTime
                0x000000000800c650       0x40 ./Middlewares/FreeRTOS/tasks.o
 .text.xTaskGetSchedulerState
                0x000000000800c690       0x3c ./Middlewares/FreeRTOS/tasks.o
                0x000000000800c690                xTaskGetSchedulerState
 .text.xTaskPriorityDisinherit
                0x000000000800c6cc       0xdc ./Middlewares/FreeRTOS/tasks.o
                0x000000000800c6cc                xTaskPriorityDisinherit
 .text.xTaskNotifyWait
                0x000000000800c7a8       0xc0 ./Middlewares/FreeRTOS/tasks.o
                0x000000000800c7a8                xTaskNotifyWait
 .text.xTaskGenericNotify
                0x000000000800c868      0x17c ./Middlewares/FreeRTOS/tasks.o
                0x000000000800c868                xTaskGenericNotify
 .text.prvAddCurrentTaskToDelayedList
                0x000000000800c9e4       0xa8 ./Middlewares/FreeRTOS/tasks.o
 .text.xTimerCreateTimerTask
                0x000000000800ca8c       0x90 ./Middlewares/FreeRTOS/timers.o
                0x000000000800ca8c                xTimerCreateTimerTask
 .text.xTimerGenericCommand
                0x000000000800cb1c       0x9c ./Middlewares/FreeRTOS/timers.o
                0x000000000800cb1c                xTimerGenericCommand
 .text.prvProcessExpiredTimer
                0x000000000800cbb8       0x98 ./Middlewares/FreeRTOS/timers.o
 .text.prvTimerTask
                0x000000000800cc50       0x24 ./Middlewares/FreeRTOS/timers.o
 .text.prvProcessTimerOrBlockTask
                0x000000000800cc74       0x9c ./Middlewares/FreeRTOS/timers.o
 .text.prvGetNextExpireTime
                0x000000000800cd10       0x48 ./Middlewares/FreeRTOS/timers.o
 .text.prvSampleTimeNow
                0x000000000800cd58       0x40 ./Middlewares/FreeRTOS/timers.o
 .text.prvInsertTimerInActiveList
                0x000000000800cd98       0x84 ./Middlewares/FreeRTOS/timers.o
 .text.prvProcessReceivedCommands
                0x000000000800ce1c      0x1c4 ./Middlewares/FreeRTOS/timers.o
 .text.prvSwitchTimerLists
                0x000000000800cfe0       0xc8 ./Middlewares/FreeRTOS/timers.o
 .text.prvCheckForValidListAndQueue
                0x000000000800d0a8       0x80 ./Middlewares/FreeRTOS/timers.o
 .text.__libc_init_array
                0x000000000800d128       0x48 c:/st/stm32cubeide_1.12.0/stm32cubeide/plugins/com.st.stm32cube.ide.mcu.externaltools.gnu-tools-for-stm32.10.3-2021.10.win32_1.0.200.202301161003/tools/bin/../lib/gcc/arm-none-eabi/10.3.1/../../../../arm-none-eabi/lib/thumb/v7e-m+fp/hard\libc_nano.a(lib_a-init.o)
                0x000000000800d128                __libc_init_array
 .text.__retarget_lock_acquire_recursive
                0x000000000800d170        0x2 c:/st/stm32cubeide_1.12.0/stm32cubeide/plugins/com.st.stm32cube.ide.mcu.externaltools.gnu-tools-for-stm32.10.3-2021.10.win32_1.0.200.202301161003/tools/bin/../lib/gcc/arm-none-eabi/10.3.1/../../../../arm-none-eabi/lib/thumb/v7e-m+fp/hard\libc_nano.a(lib_a-lock.o)
                0x000000000800d170                __retarget_lock_acquire_recursive
 .text.__retarget_lock_release_recursive
                0x000000000800d172        0x2 c:/st/stm32cubeide_1.12.0/stm32cubeide/plugins/com.st.stm32cube.ide.mcu.externaltools.gnu-tools-for-stm32.10.3-2021.10.win32_1.0.200.202301161003/tools/bin/../lib/gcc/arm-none-eabi/10.3.1/../../../../arm-none-eabi/lib/thumb/v7e-m+fp/hard\libc_nano.a(lib_a-lock.o)
                0x000000000800d172                __retarget_lock_release_recursive
 .text.memcpy   0x000000000800d174       0x1c c:/st/stm32cubeide_1.12.0/stm32cubeide/plugins/com.st.stm32cube.ide.mcu.externaltools.gnu-tools-for-stm32.10.3-2021.10.win32_1.0.200.202301161003/tools/bin/../lib/gcc/arm-none-eabi/10.3.1/../../../../arm-none-eabi/lib/thumb/v7e-m+fp/hard\libc_nano.a(lib_a-memcpy-stub.o)
                0x000000000800d174                memcpy
 .text.memset   0x000000000800d190       0x10 c:/st/stm32cubeide_1.12.0/stm32cubeide/plugins/com.st.stm32cube.ide.mcu.externaltools.gnu-tools-for-stm32.10.3-2021.10.win32_1.0.200.202301161003/tools/bin/../lib/gcc/arm-none-eabi/10.3.1/../../../../arm-none-eabi/lib/thumb/v7e-m+fp/hard\libc_nano.a(lib_a-memset.o)
                0x000000000800d190                memset
 .text.cleanup_glue
                0x000000000800d1a0       0x1a c:/st/stm32cubeide_1.12.0/stm32cubeide/plugins/com.st.stm32cube.ide.mcu.externaltools.gnu-tools-for-stm32.10.3-2021.10.win32_1.0.200.202301161003/tools/bin/../lib/gcc/arm-none-eabi/10.3.1/../../../../arm-none-eabi/lib/thumb/v7e-m+fp/hard\libc_nano.a(lib_a-reent.o)
                0x000000000800d1a0                cleanup_glue
 *fill*         0x000000000800d1ba        0x2 
 .text._reclaim_reent
                0x000000000800d1bc       0xb8 c:/st/stm32cubeide_1.12.0/stm32cubeide/plugins/com.st.stm32cube.ide.mcu.externaltools.gnu-tools-for-stm32.10.3-2021.10.win32_1.0.200.202301161003/tools/bin/../lib/gcc/arm-none-eabi/10.3.1/../../../../arm-none-eabi/lib/thumb/v7e-m+fp/hard\libc_nano.a(lib_a-reent.o)
                0x000000000800d1bc                _reclaim_reent
 .text.__malloc_lock
                0x000000000800d274        0xc c:/st/stm32cubeide_1.12.0/stm32cubeide/plugins/com.st.stm32cube.ide.mcu.externaltools.gnu-tools-for-stm32.10.3-2021.10.win32_1.0.200.202301161003/tools/bin/../lib/gcc/arm-none-eabi/10.3.1/../../../../arm-none-eabi/lib/thumb/v7e-m+fp/hard\libc_nano.a(lib_a-mlock.o)
                0x000000000800d274                __malloc_lock
 .text.__malloc_unlock
                0x000000000800d280        0xc c:/st/stm32cubeide_1.12.0/stm32cubeide/plugins/com.st.stm32cube.ide.mcu.externaltools.gnu-tools-for-stm32.10.3-2021.10.win32_1.0.200.202301161003/tools/bin/../lib/gcc/arm-none-eabi/10.3.1/../../../../arm-none-eabi/lib/thumb/v7e-m+fp/hard\libc_nano.a(lib_a-mlock.o)
                0x000000000800d280                __malloc_unlock
 .text._free_r  0x000000000800d28c       0x98 c:/st/stm32cubeide_1.12.0/stm32cubeide/plugins/com.st.stm32cube.ide.mcu.externaltools.gnu-tools-for-stm32.10.3-2021.10.win32_1.0.200.202301161003/tools/bin/../lib/gcc/arm-none-eabi/10.3.1/../../../../arm-none-eabi/lib/thumb/v7e-m+fp/hard\libc_nano.a(lib_a-nano-freer.o)
                0x000000000800d28c                _free_r
 .text.llroundf
                0x000000000800d324       0x78 c:/st/stm32cubeide_1.12.0/stm32cubeide/plugins/com.st.stm32cube.ide.mcu.externaltools.gnu-tools-for-stm32.10.3-2021.10.win32_1.0.200.202301161003/tools/bin/../lib/gcc/arm-none-eabi/10.3.1/../../../../arm-none-eabi/lib/thumb/v7e-m+fp/hard\libm.a(lib_a-sf_llround.o)
                0x000000000800d324                llroundf
 *(.glue_7)
 .glue_7        0x000000000800d39c        0x0 linker stubs
 *(.glue_7t)
 .glue_7t       0x000000000800d39c        0x0 linker stubs
 *(.eh_frame)
 .eh_frame      0x000000000800d39c        0x0 c:/st/stm32cubeide_1.12.0/stm32cubeide/plugins/com.st.stm32cube.ide.mcu.externaltools.gnu-tools-for-stm32.10.3-2021.10.win32_1.0.200.202301161003/tools/bin/../lib/gcc/arm-none-eabi/10.3.1/thumb/v7e-m+fp/hard/crtbegin.o
 *(.init)
 .init          0x000000000800d39c        0x4 c:/st/stm32cubeide_1.12.0/stm32cubeide/plugins/com.st.stm32cube.ide.mcu.externaltools.gnu-tools-for-stm32.10.3-2021.10.win32_1.0.200.202301161003/tools/bin/../lib/gcc/arm-none-eabi/10.3.1/thumb/v7e-m+fp/hard/crti.o
                0x000000000800d39c                _init
 .init          0x000000000800d3a0        0x8 c:/st/stm32cubeide_1.12.0/stm32cubeide/plugins/com.st.stm32cube.ide.mcu.externaltools.gnu-tools-for-stm32.10.3-2021.10.win32_1.0.200.202301161003/tools/bin/../lib/gcc/arm-none-eabi/10.3.1/thumb/v7e-m+fp/hard/crtn.o
 *(.fini)
 .fini          0x000000000800d3a8        0x4 c:/st/stm32cubeide_1.12.0/stm32cubeide/plugins/com.st.stm32cube.ide.mcu.externaltools.gnu-tools-for-stm32.10.3-2021.10.win32_1.0.200.202301161003/tools/bin/../lib/gcc/arm-none-eabi/10.3.1/thumb/v7e-m+fp/hard/crti.o
                0x000000000800d3a8                _fini
 .fini          0x000000000800d3ac        0x8 c:/st/stm32cubeide_1.12.0/stm32cubeide/plugins/com.st.stm32cube.ide.mcu.externaltools.gnu-tools-for-stm32.10.3-2021.10.win32_1.0.200.202301161003/tools/bin/../lib/gcc/arm-none-eabi/10.3.1/thumb/v7e-m+fp/hard/crtn.o
                0x000000000800d3b4                . = ALIGN (0x4)
                0x000000000800d3b4                _etext = .

.vfp11_veneer   0x000000000800d3b4        0x0
 .vfp11_veneer  0x000000000800d3b4        0x0 linker stubs

.v4_bx          0x000000000800d3b4        0x0
 .v4_bx         0x000000000800d3b4        0x0 linker stubs

.iplt           0x000000000800d3b4        0x0
 .iplt          0x000000000800d3b4        0x0 c:/st/stm32cubeide_1.12.0/stm32cubeide/plugins/com.st.stm32cube.ide.mcu.externaltools.gnu-tools-for-stm32.10.3-2021.10.win32_1.0.200.202301161003/tools/bin/../lib/gcc/arm-none-eabi/10.3.1/thumb/v7e-m+fp/hard/crtbegin.o

.rodata         0x000000000800d3b4      0x85c
                0x000000000800d3b4                . = ALIGN (0x4)
 *(.rodata)
 .rodata        0x000000000800d3b4       0x23 ./Core/Src/freertos.o
 *fill*         0x000000000800d3d7        0x1 
 .rodata        0x000000000800d3d8       0x2a ./Core/Src/spi.o
 *fill*         0x000000000800d402        0x2 
 .rodata        0x000000000800d404       0x71 ./Drivers/STM32L4xx_HAL_Driver/stm32l4xx_hal_adc.o
 *fill*         0x000000000800d475        0x3 
 .rodata        0x000000000800d478       0x71 ./Drivers/STM32L4xx_HAL_Driver/stm32l4xx_hal_can.o
 *fill*         0x000000000800d4e9        0x3 
 .rodata        0x000000000800d4ec       0x74 ./Drivers/STM32L4xx_HAL_Driver/stm32l4xx_hal_cortex.o
 .rodata        0x000000000800d560       0x71 ./Drivers/STM32L4xx_HAL_Driver/stm32l4xx_hal_dma.o
 *fill*         0x000000000800d5d1        0x3 
 .rodata        0x000000000800d5d4       0x72 ./Drivers/STM32L4xx_HAL_Driver/stm32l4xx_hal_gpio.o
 *fill*         0x000000000800d646        0x2 
 .rodata        0x000000000800d648       0x74 ./Drivers/STM32L4xx_HAL_Driver/stm32l4xx_hal_pwr_ex.o
 .rodata        0x000000000800d6bc       0x71 ./Drivers/STM32L4xx_HAL_Driver/stm32l4xx_hal_rcc.o
 *fill*         0x000000000800d72d        0x3 
 .rodata        0x000000000800d730       0x74 ./Drivers/STM32L4xx_HAL_Driver/stm32l4xx_hal_rcc_ex.o
 .rodata        0x000000000800d7a4       0x71 ./Drivers/STM32L4xx_HAL_Driver/stm32l4xx_hal_rng.o
 *fill*         0x000000000800d815        0x3 
 .rodata        0x000000000800d818       0x71 ./Drivers/STM32L4xx_HAL_Driver/stm32l4xx_hal_spi.o
 *fill*         0x000000000800d889        0x3 
 .rodata        0x000000000800d88c       0x71 ./Drivers/STM32L4xx_HAL_Driver/stm32l4xx_hal_tim.o
 *fill*         0x000000000800d8fd        0x3 
 .rodata        0x000000000800d900       0x74 ./Drivers/STM32L4xx_HAL_Driver/stm32l4xx_hal_tim_ex.o
 .rodata        0x000000000800d974       0x71 ./Drivers/STM32L4xx_HAL_Driver/stm32l4xx_ll_gpio.o
 *fill*         0x000000000800d9e5        0x3 
 .rodata        0x000000000800d9e8       0x70 ./Drivers/STM32L4xx_HAL_Driver/stm32l4xx_ll_rcc.o
 .rodata        0x000000000800da58       0x72 ./Drivers/STM32L4xx_HAL_Driver/stm32l4xx_ll_usart.o
 *fill*         0x000000000800daca        0x2 
 .rodata        0x000000000800dacc        0x5 ./Middlewares/FreeRTOS/tasks.o
 *fill*         0x000000000800dad1        0x3 
 .rodata        0x000000000800dad4        0xd ./Middlewares/FreeRTOS/timers.o
 *(.rodata*)
 *fill*         0x000000000800dae1        0x3 
 .rodata.CanTask_attributes
                0x000000000800dae4       0x24 ./Core/Src/freertos.o
                0x000000000800dae4                CanTask_attributes
 .rodata.TxMgr_attributes
                0x000000000800db08       0x24 ./Core/Src/freertos.o
                0x000000000800db08                TxMgr_attributes
 .rodata.Blink_attributes
                0x000000000800db2c       0x24 ./Core/Src/freertos.o
                0x000000000800db2c                Blink_attributes
 .rodata.CANRxQueue_attributes
                0x000000000800db50       0x18 ./Core/Src/freertos.o
                0x000000000800db50                CANRxQueue_attributes
 .rodata.AHBPrescTable
                0x000000000800db68       0x10 ./Core/Src/system_stm32l4xx.o
                0x000000000800db68                AHBPrescTable
 .rodata.APBPrescTable
                0x000000000800db78        0x8 ./Core/Src/system_stm32l4xx.o
                0x000000000800db78                APBPrescTable
 .rodata.MSIRangeTable
                0x000000000800db80       0x30 ./Core/Src/system_stm32l4xx.o
                0x000000000800db80                MSIRangeTable
 .rodata.__sf_fake_stderr
                0x000000000800dbb0       0x20 c:/st/stm32cubeide_1.12.0/stm32cubeide/plugins/com.st.stm32cube.ide.mcu.externaltools.gnu-tools-for-stm32.10.3-2021.10.win32_1.0.200.202301161003/tools/bin/../lib/gcc/arm-none-eabi/10.3.1/../../../../arm-none-eabi/lib/thumb/v7e-m+fp/hard\libc_nano.a(lib_a-findfp.o)
                0x000000000800dbb0                __sf_fake_stderr
 .rodata.__sf_fake_stdin
                0x000000000800dbd0       0x20 c:/st/stm32cubeide_1.12.0/stm32cubeide/plugins/com.st.stm32cube.ide.mcu.externaltools.gnu-tools-for-stm32.10.3-2021.10.win32_1.0.200.202301161003/tools/bin/../lib/gcc/arm-none-eabi/10.3.1/../../../../arm-none-eabi/lib/thumb/v7e-m+fp/hard\libc_nano.a(lib_a-findfp.o)
                0x000000000800dbd0                __sf_fake_stdin
 .rodata.__sf_fake_stdout
                0x000000000800dbf0       0x20 c:/st/stm32cubeide_1.12.0/stm32cubeide/plugins/com.st.stm32cube.ide.mcu.externaltools.gnu-tools-for-stm32.10.3-2021.10.win32_1.0.200.202301161003/tools/bin/../lib/gcc/arm-none-eabi/10.3.1/../../../../arm-none-eabi/lib/thumb/v7e-m+fp/hard\libc_nano.a(lib_a-findfp.o)
                0x000000000800dbf0                __sf_fake_stdout
                0x000000000800dc10                . = ALIGN (0x4)

.ARM.extab      0x000000000800dc10        0x0
                0x000000000800dc10                . = ALIGN (0x4)
 *(.ARM.extab* .gnu.linkonce.armextab.*)
                0x000000000800dc10                . = ALIGN (0x4)

.ARM            0x000000000800dc10        0x8
                0x000000000800dc10                . = ALIGN (0x4)
                0x000000000800dc10                __exidx_start = .
 *(.ARM.exidx*)
 .ARM.exidx     0x000000000800dc10        0x8 c:/st/stm32cubeide_1.12.0/stm32cubeide/plugins/com.st.stm32cube.ide.mcu.externaltools.gnu-tools-for-stm32.10.3-2021.10.win32_1.0.200.202301161003/tools/bin/../lib/gcc/arm-none-eabi/10.3.1/thumb/v7e-m+fp/hard\libgcc.a(_udivmoddi4.o)
                0x000000000800dc18                __exidx_end = .
                0x000000000800dc18                . = ALIGN (0x4)

.rel.dyn        0x000000000800dc18        0x0
 .rel.iplt      0x000000000800dc18        0x0 c:/st/stm32cubeide_1.12.0/stm32cubeide/plugins/com.st.stm32cube.ide.mcu.externaltools.gnu-tools-for-stm32.10.3-2021.10.win32_1.0.200.202301161003/tools/bin/../lib/gcc/arm-none-eabi/10.3.1/thumb/v7e-m+fp/hard/crtbegin.o

.preinit_array  0x000000000800dc18        0x0
                0x000000000800dc18                . = ALIGN (0x4)
                0x000000000800dc18                PROVIDE (__preinit_array_start = .)
 *(.preinit_array*)
                0x000000000800dc18                PROVIDE (__preinit_array_end = .)
                0x000000000800dc18                . = ALIGN (0x4)

.init_array     0x000000000800dc18        0x4
                0x000000000800dc18                . = ALIGN (0x4)
                0x000000000800dc18                PROVIDE (__init_array_start = .)
 *(SORT_BY_NAME(.init_array.*))
 *(.init_array*)
 .init_array    0x000000000800dc18        0x4 c:/st/stm32cubeide_1.12.0/stm32cubeide/plugins/com.st.stm32cube.ide.mcu.externaltools.gnu-tools-for-stm32.10.3-2021.10.win32_1.0.200.202301161003/tools/bin/../lib/gcc/arm-none-eabi/10.3.1/thumb/v7e-m+fp/hard/crtbegin.o
                0x000000000800dc1c                PROVIDE (__init_array_end = .)
                0x000000000800dc1c                . = ALIGN (0x4)

.fini_array     0x000000000800dc1c        0x4
                0x000000000800dc1c                . = ALIGN (0x4)
                [!provide]                        PROVIDE (__fini_array_start = .)
 *(SORT_BY_NAME(.fini_array.*))
 *(.fini_array*)
 .fini_array    0x000000000800dc1c        0x4 c:/st/stm32cubeide_1.12.0/stm32cubeide/plugins/com.st.stm32cube.ide.mcu.externaltools.gnu-tools-for-stm32.10.3-2021.10.win32_1.0.200.202301161003/tools/bin/../lib/gcc/arm-none-eabi/10.3.1/thumb/v7e-m+fp/hard/crtbegin.o
                [!provide]                        PROVIDE (__fini_array_end = .)
                0x000000000800dc20                . = ALIGN (0x4)
                0x000000000800dc20                _sidata = LOADADDR (.data)

.data           0x0000000020000000       0x78 load address 0x000000000800dc20
                0x0000000020000000                . = ALIGN (0x4)
                0x0000000020000000                _sdata = .
 *(.data)
 *(.data*)
 .data.TIPLL_DENQ
                0x0000000020000000        0x1 ./Core/Src/spi.o
                0x0000000020000000                TIPLL_DENQ
 *fill*         0x0000000020000001        0x3 
 .data.SystemCoreClock
                0x0000000020000004        0x4 ./Core/Src/system_stm32l4xx.o
                0x0000000020000004                SystemCoreClock
 .data.uwTickPrio
                0x0000000020000008        0x4 ./Drivers/STM32L4xx_HAL_Driver/stm32l4xx_hal.o
                0x0000000020000008                uwTickPrio
 .data.uwTickFreq
                0x000000002000000c        0x1 ./Drivers/STM32L4xx_HAL_Driver/stm32l4xx_hal.o
                0x000000002000000c                uwTickFreq
 *fill*         0x000000002000000d        0x3 
 .data.uxCriticalNesting
                0x0000000020000010        0x4 ./Middlewares/FreeRTOS/port.o
 .data._impure_ptr
                0x0000000020000014        0x4 c:/st/stm32cubeide_1.12.0/stm32cubeide/plugins/com.st.stm32cube.ide.mcu.externaltools.gnu-tools-for-stm32.10.3-2021.10.win32_1.0.200.202301161003/tools/bin/../lib/gcc/arm-none-eabi/10.3.1/../../../../arm-none-eabi/lib/thumb/v7e-m+fp/hard\libc_nano.a(lib_a-impure.o)
                0x0000000020000014                _impure_ptr
 .data.impure_data
                0x0000000020000018       0x60 c:/st/stm32cubeide_1.12.0/stm32cubeide/plugins/com.st.stm32cube.ide.mcu.externaltools.gnu-tools-for-stm32.10.3-2021.10.win32_1.0.200.202301161003/tools/bin/../lib/gcc/arm-none-eabi/10.3.1/../../../../arm-none-eabi/lib/thumb/v7e-m+fp/hard\libc_nano.a(lib_a-impure.o)
 *(.RamFunc)
 *(.RamFunc*)
                0x0000000020000078                . = ALIGN (0x4)
                0x0000000020000078                _edata = .

.igot.plt       0x0000000020000078        0x0 load address 0x000000000800dc98
 .igot.plt      0x0000000020000078        0x0 c:/st/stm32cubeide_1.12.0/stm32cubeide/plugins/com.st.stm32cube.ide.mcu.externaltools.gnu-tools-for-stm32.10.3-2021.10.win32_1.0.200.202301161003/tools/bin/../lib/gcc/arm-none-eabi/10.3.1/thumb/v7e-m+fp/hard/crtbegin.o
                0x0000000020000078                . = ALIGN (0x4)

.bss            0x0000000020000078     0x4f70 load address 0x000000000800dc98
                0x0000000020000078                _sbss = .
                0x0000000020000078                __bss_start__ = _sbss
 *(.bss)
 .bss           0x0000000020000078       0x1c c:/st/stm32cubeide_1.12.0/stm32cubeide/plugins/com.st.stm32cube.ide.mcu.externaltools.gnu-tools-for-stm32.10.3-2021.10.win32_1.0.200.202301161003/tools/bin/../lib/gcc/arm-none-eabi/10.3.1/thumb/v7e-m+fp/hard/crtbegin.o
 *(.bss*)
 .bss.hadc1     0x0000000020000094       0x64 ./Core/Src/adc.o
                0x0000000020000094                hadc1
 .bss.hdma_adc1
                0x00000000200000f8       0x48 ./Core/Src/adc.o
                0x00000000200000f8                hdma_adc1
 .bss.can1Filter0
                0x0000000020000140       0x28 ./Core/Src/can.o
                0x0000000020000140                can1Filter0
 .bss.canRxHeader
                0x0000000020000168       0x1c ./Core/Src/can.o
                0x0000000020000168                canRxHeader
 .bss.canRxData
                0x0000000020000184       0x40 ./Core/Src/can.o
                0x0000000020000184                canRxData
 .bss.hcan1     0x00000000200001c4       0x64 ./Core/Src/can.o
                0x00000000200001c4                hcan1
 .bss.CanTaskHandle
                0x0000000020000228        0x4 ./Core/Src/freertos.o
                0x0000000020000228                CanTaskHandle
 .bss.TxMgrHandle
                0x000000002000022c        0x4 ./Core/Src/freertos.o
                0x000000002000022c                TxMgrHandle
 .bss.BlinkHandle
                0x0000000020000230        0x4 ./Core/Src/freertos.o
                0x0000000020000230                BlinkHandle
 .bss.CANRxQueueHandle
                0x0000000020000234        0x4 ./Core/Src/freertos.o
                0x0000000020000234                CANRxQueueHandle
 .bss.hrng      0x0000000020000238       0x10 ./Core/Src/rng.o
                0x0000000020000238                hrng
 .bss.hspi2     0x0000000020000248       0x64 ./Core/Src/spi.o
                0x0000000020000248                hspi2
 .bss.RFBPllData
                0x00000000200002ac        0x8 ./Core/Src/spi.o
                0x00000000200002ac                RFBPllData
 .bss.htim6     0x00000000200002b4       0x4c ./Core/Src/stm32l4xx_hal_timebase_tim.o
                0x00000000200002b4                htim6
 .bss.htim15    0x0000000020000300       0x4c ./Core/Src/tim.o
                0x0000000020000300                htim15
 .bss.uwTick    0x000000002000034c        0x4 ./Drivers/STM32L4xx_HAL_Driver/stm32l4xx_hal.o
                0x000000002000034c                uwTick
 .bss.KernelState
                0x0000000020000350        0x4 ./Middlewares/FreeRTOS/cmsis_os2.o
 .bss.Idle_TCB.3
                0x0000000020000354       0xbc ./Middlewares/FreeRTOS/cmsis_os2.o
 .bss.Idle_Stack.2
                0x0000000020000410      0x200 ./Middlewares/FreeRTOS/cmsis_os2.o
 .bss.Timer_TCB.1
                0x0000000020000610       0xbc ./Middlewares/FreeRTOS/cmsis_os2.o
 .bss.Timer_Stack.0
                0x00000000200006cc      0x400 ./Middlewares/FreeRTOS/cmsis_os2.o
 .bss.ucHeap    0x0000000020000acc     0x3e80 ./Middlewares/FreeRTOS/heap_4.o
 .bss.xStart    0x000000002000494c        0x8 ./Middlewares/FreeRTOS/heap_4.o
 .bss.pxEnd     0x0000000020004954        0x4 ./Middlewares/FreeRTOS/heap_4.o
 .bss.xFreeBytesRemaining
                0x0000000020004958        0x4 ./Middlewares/FreeRTOS/heap_4.o
 .bss.xMinimumEverFreeBytesRemaining
                0x000000002000495c        0x4 ./Middlewares/FreeRTOS/heap_4.o
 .bss.xNumberOfSuccessfulAllocations
                0x0000000020004960        0x4 ./Middlewares/FreeRTOS/heap_4.o
 .bss.xNumberOfSuccessfulFrees
                0x0000000020004964        0x4 ./Middlewares/FreeRTOS/heap_4.o
 .bss.xBlockAllocatedBit
                0x0000000020004968        0x4 ./Middlewares/FreeRTOS/heap_4.o
 .bss.ucMaxSysCallPriority
                0x000000002000496c        0x1 ./Middlewares/FreeRTOS/port.o
 *fill*         0x000000002000496d        0x3 
 .bss.ulMaxPRIGROUPValue
                0x0000000020004970        0x4 ./Middlewares/FreeRTOS/port.o
 .bss.xQueueRegistry
                0x0000000020004974       0x40 ./Middlewares/FreeRTOS/queue.o
                0x0000000020004974                xQueueRegistry
 .bss.pxCurrentTCB
                0x00000000200049b4        0x4 ./Middlewares/FreeRTOS/tasks.o
                0x00000000200049b4                pxCurrentTCB
 .bss.pxReadyTasksLists
                0x00000000200049b8      0x460 ./Middlewares/FreeRTOS/tasks.o
 .bss.xDelayedTaskList1
                0x0000000020004e18       0x14 ./Middlewares/FreeRTOS/tasks.o
 .bss.xDelayedTaskList2
                0x0000000020004e2c       0x14 ./Middlewares/FreeRTOS/tasks.o
 .bss.pxDelayedTaskList
                0x0000000020004e40        0x4 ./Middlewares/FreeRTOS/tasks.o
 .bss.pxOverflowDelayedTaskList
                0x0000000020004e44        0x4 ./Middlewares/FreeRTOS/tasks.o
 .bss.xPendingReadyList
                0x0000000020004e48       0x14 ./Middlewares/FreeRTOS/tasks.o
 .bss.xTasksWaitingTermination
                0x0000000020004e5c       0x14 ./Middlewares/FreeRTOS/tasks.o
 .bss.uxDeletedTasksWaitingCleanUp
                0x0000000020004e70        0x4 ./Middlewares/FreeRTOS/tasks.o
 .bss.xSuspendedTaskList
                0x0000000020004e74       0x14 ./Middlewares/FreeRTOS/tasks.o
 .bss.uxCurrentNumberOfTasks
                0x0000000020004e88        0x4 ./Middlewares/FreeRTOS/tasks.o
 .bss.xTickCount
                0x0000000020004e8c        0x4 ./Middlewares/FreeRTOS/tasks.o
 .bss.uxTopReadyPriority
                0x0000000020004e90        0x4 ./Middlewares/FreeRTOS/tasks.o
 .bss.xSchedulerRunning
                0x0000000020004e94        0x4 ./Middlewares/FreeRTOS/tasks.o
 .bss.xPendedTicks
                0x0000000020004e98        0x4 ./Middlewares/FreeRTOS/tasks.o
 .bss.xYieldPending
                0x0000000020004e9c        0x4 ./Middlewares/FreeRTOS/tasks.o
 .bss.xNumOfOverflows
                0x0000000020004ea0        0x4 ./Middlewares/FreeRTOS/tasks.o
 .bss.uxTaskNumber
                0x0000000020004ea4        0x4 ./Middlewares/FreeRTOS/tasks.o
 .bss.xNextTaskUnblockTime
                0x0000000020004ea8        0x4 ./Middlewares/FreeRTOS/tasks.o
 .bss.xIdleTaskHandle
                0x0000000020004eac        0x4 ./Middlewares/FreeRTOS/tasks.o
 .bss.uxSchedulerSuspended
                0x0000000020004eb0        0x4 ./Middlewares/FreeRTOS/tasks.o
 .bss.xActiveTimerList1
                0x0000000020004eb4       0x14 ./Middlewares/FreeRTOS/timers.o
 .bss.xActiveTimerList2
                0x0000000020004ec8       0x14 ./Middlewares/FreeRTOS/timers.o
 .bss.pxCurrentTimerList
                0x0000000020004edc        0x4 ./Middlewares/FreeRTOS/timers.o
 .bss.pxOverflowTimerList
                0x0000000020004ee0        0x4 ./Middlewares/FreeRTOS/timers.o
 .bss.xTimerQueue
                0x0000000020004ee4        0x4 ./Middlewares/FreeRTOS/timers.o
 .bss.xTimerTaskHandle
                0x0000000020004ee8        0x4 ./Middlewares/FreeRTOS/timers.o
 .bss.xLastTime.2
                0x0000000020004eec        0x4 ./Middlewares/FreeRTOS/timers.o
 .bss.ucStaticTimerQueueStorage.1
                0x0000000020004ef0       0xa0 ./Middlewares/FreeRTOS/timers.o
 .bss.xStaticTimerQueue.0
                0x0000000020004f90       0x50 ./Middlewares/FreeRTOS/timers.o
 .bss.__lock___malloc_recursive_mutex
                0x0000000020004fe0        0x1 c:/st/stm32cubeide_1.12.0/stm32cubeide/plugins/com.st.stm32cube.ide.mcu.externaltools.gnu-tools-for-stm32.10.3-2021.10.win32_1.0.200.202301161003/tools/bin/../lib/gcc/arm-none-eabi/10.3.1/../../../../arm-none-eabi/lib/thumb/v7e-m+fp/hard\libc_nano.a(lib_a-lock.o)
                0x0000000020004fe0                __lock___malloc_recursive_mutex
 *fill*         0x0000000020004fe1        0x3 
 .bss.__malloc_free_list
                0x0000000020004fe4        0x4 c:/st/stm32cubeide_1.12.0/stm32cubeide/plugins/com.st.stm32cube.ide.mcu.externaltools.gnu-tools-for-stm32.10.3-2021.10.win32_1.0.200.202301161003/tools/bin/../lib/gcc/arm-none-eabi/10.3.1/../../../../arm-none-eabi/lib/thumb/v7e-m+fp/hard\libc_nano.a(lib_a-nano-mallocr.o)
                0x0000000020004fe4                __malloc_free_list
 *(COMMON)
                0x0000000020004fe8                . = ALIGN (0x4)
                0x0000000020004fe8                _ebss = .
                0x0000000020004fe8                __bss_end__ = _ebss

._user_heap_stack
                0x0000000020004fe8      0x600 load address 0x000000000800dc98
                0x0000000020004fe8                . = ALIGN (0x8)
                [!provide]                        PROVIDE (end = .)
                0x0000000020004fe8                PROVIDE (_end = .)
                0x00000000200051e8                . = (. + _Min_Heap_Size)
 *fill*         0x0000000020004fe8      0x200 
                0x00000000200055e8                . = (. + _Min_Stack_Size)
 *fill*         0x00000000200051e8      0x400 
                0x00000000200055e8                . = ALIGN (0x8)

/DISCARD/
 libc.a(*)
 libm.a(*)
 libgcc.a(*)

.ARM.attributes
                0x0000000000000000       0x30
 *(.ARM.attributes)
 .ARM.attributes
                0x0000000000000000       0x1e c:/st/stm32cubeide_1.12.0/stm32cubeide/plugins/com.st.stm32cube.ide.mcu.externaltools.gnu-tools-for-stm32.10.3-2021.10.win32_1.0.200.202301161003/tools/bin/../lib/gcc/arm-none-eabi/10.3.1/thumb/v7e-m+fp/hard/crti.o
 .ARM.attributes
                0x000000000000001e       0x34 c:/st/stm32cubeide_1.12.0/stm32cubeide/plugins/com.st.stm32cube.ide.mcu.externaltools.gnu-tools-for-stm32.10.3-2021.10.win32_1.0.200.202301161003/tools/bin/../lib/gcc/arm-none-eabi/10.3.1/thumb/v7e-m+fp/hard/crtbegin.o
 .ARM.attributes
                0x0000000000000052       0x34 ./Core/Src/adc.o
 .ARM.attributes
                0x0000000000000086       0x34 ./Core/Src/can.o
 .ARM.attributes
                0x00000000000000ba       0x34 ./Core/Src/dma.o
 .ARM.attributes
                0x00000000000000ee       0x34 ./Core/Src/freertos.o
 .ARM.attributes
                0x0000000000000122       0x34 ./Core/Src/gpio.o
 .ARM.attributes
                0x0000000000000156       0x34 ./Core/Src/main.o
 .ARM.attributes
                0x000000000000018a       0x34 ./Core/Src/rng.o
 .ARM.attributes
                0x00000000000001be       0x34 ./Core/Src/spi.o
 .ARM.attributes
                0x00000000000001f2       0x34 ./Core/Src/stm32l4xx_hal_msp.o
 .ARM.attributes
                0x0000000000000226       0x34 ./Core/Src/stm32l4xx_hal_timebase_tim.o
 .ARM.attributes
                0x000000000000025a       0x34 ./Core/Src/stm32l4xx_it.o
 .ARM.attributes
                0x000000000000028e       0x34 ./Core/Src/system_stm32l4xx.o
 .ARM.attributes
                0x00000000000002c2       0x34 ./Core/Src/tim.o
 .ARM.attributes
                0x00000000000002f6       0x34 ./Core/Src/usart.o
 .ARM.attributes
                0x000000000000032a       0x21 ./Core/Startup/startup_stm32l431cctx.o
 .ARM.attributes
                0x000000000000034b       0x34 ./Drivers/STM32L4xx_HAL_Driver/stm32l4xx_hal.o
 .ARM.attributes
                0x000000000000037f       0x34 ./Drivers/STM32L4xx_HAL_Driver/stm32l4xx_hal_adc.o
 .ARM.attributes
                0x00000000000003b3       0x34 ./Drivers/STM32L4xx_HAL_Driver/stm32l4xx_hal_can.o
 .ARM.attributes
                0x00000000000003e7       0x34 ./Drivers/STM32L4xx_HAL_Driver/stm32l4xx_hal_cortex.o
 .ARM.attributes
                0x000000000000041b       0x34 ./Drivers/STM32L4xx_HAL_Driver/stm32l4xx_hal_dma.o
 .ARM.attributes
                0x000000000000044f       0x34 ./Drivers/STM32L4xx_HAL_Driver/stm32l4xx_hal_gpio.o
 .ARM.attributes
                0x0000000000000483       0x34 ./Drivers/STM32L4xx_HAL_Driver/stm32l4xx_hal_pwr_ex.o
 .ARM.attributes
                0x00000000000004b7       0x34 ./Drivers/STM32L4xx_HAL_Driver/stm32l4xx_hal_rcc.o
 .ARM.attributes
                0x00000000000004eb       0x34 ./Drivers/STM32L4xx_HAL_Driver/stm32l4xx_hal_rcc_ex.o
 .ARM.attributes
                0x000000000000051f       0x34 ./Drivers/STM32L4xx_HAL_Driver/stm32l4xx_hal_rng.o
 .ARM.attributes
                0x0000000000000553       0x34 ./Drivers/STM32L4xx_HAL_Driver/stm32l4xx_hal_spi.o
 .ARM.attributes
                0x0000000000000587       0x34 ./Drivers/STM32L4xx_HAL_Driver/stm32l4xx_hal_tim.o
 .ARM.attributes
                0x00000000000005bb       0x34 ./Drivers/STM32L4xx_HAL_Driver/stm32l4xx_hal_tim_ex.o
 .ARM.attributes
                0x00000000000005ef       0x34 ./Drivers/STM32L4xx_HAL_Driver/stm32l4xx_ll_gpio.o
 .ARM.attributes
                0x0000000000000623       0x34 ./Drivers/STM32L4xx_HAL_Driver/stm32l4xx_ll_rcc.o
 .ARM.attributes
                0x0000000000000657       0x34 ./Drivers/STM32L4xx_HAL_Driver/stm32l4xx_ll_usart.o
 .ARM.attributes
                0x000000000000068b       0x34 ./Middlewares/FreeRTOS/cmsis_os2.o
 .ARM.attributes
                0x00000000000006bf       0x34 ./Middlewares/FreeRTOS/heap_4.o
 .ARM.attributes
                0x00000000000006f3       0x34 ./Middlewares/FreeRTOS/list.o
 .ARM.attributes
                0x0000000000000727       0x34 ./Middlewares/FreeRTOS/port.o
 .ARM.attributes
                0x000000000000075b       0x34 ./Middlewares/FreeRTOS/queue.o
 .ARM.attributes
                0x000000000000078f       0x34 ./Middlewares/FreeRTOS/tasks.o
 .ARM.attributes
                0x00000000000007c3       0x34 ./Middlewares/FreeRTOS/timers.o
 .ARM.attributes
                0x00000000000007f7       0x34 c:/st/stm32cubeide_1.12.0/stm32cubeide/plugins/com.st.stm32cube.ide.mcu.externaltools.gnu-tools-for-stm32.10.3-2021.10.win32_1.0.200.202301161003/tools/bin/../lib/gcc/arm-none-eabi/10.3.1/../../../../arm-none-eabi/lib/thumb/v7e-m+fp/hard\libc_nano.a(lib_a-findfp.o)
 .ARM.attributes
                0x000000000000082b       0x34 c:/st/stm32cubeide_1.12.0/stm32cubeide/plugins/com.st.stm32cube.ide.mcu.externaltools.gnu-tools-for-stm32.10.3-2021.10.win32_1.0.200.202301161003/tools/bin/../lib/gcc/arm-none-eabi/10.3.1/../../../../arm-none-eabi/lib/thumb/v7e-m+fp/hard\libc_nano.a(lib_a-impure.o)
 .ARM.attributes
                0x000000000000085f       0x34 c:/st/stm32cubeide_1.12.0/stm32cubeide/plugins/com.st.stm32cube.ide.mcu.externaltools.gnu-tools-for-stm32.10.3-2021.10.win32_1.0.200.202301161003/tools/bin/../lib/gcc/arm-none-eabi/10.3.1/../../../../arm-none-eabi/lib/thumb/v7e-m+fp/hard\libc_nano.a(lib_a-init.o)
 .ARM.attributes
                0x0000000000000893       0x34 c:/st/stm32cubeide_1.12.0/stm32cubeide/plugins/com.st.stm32cube.ide.mcu.externaltools.gnu-tools-for-stm32.10.3-2021.10.win32_1.0.200.202301161003/tools/bin/../lib/gcc/arm-none-eabi/10.3.1/../../../../arm-none-eabi/lib/thumb/v7e-m+fp/hard\libc_nano.a(lib_a-lock.o)
 .ARM.attributes
                0x00000000000008c7       0x34 c:/st/stm32cubeide_1.12.0/stm32cubeide/plugins/com.st.stm32cube.ide.mcu.externaltools.gnu-tools-for-stm32.10.3-2021.10.win32_1.0.200.202301161003/tools/bin/../lib/gcc/arm-none-eabi/10.3.1/../../../../arm-none-eabi/lib/thumb/v7e-m+fp/hard\libc_nano.a(lib_a-memcpy-stub.o)
 .ARM.attributes
                0x00000000000008fb       0x34 c:/st/stm32cubeide_1.12.0/stm32cubeide/plugins/com.st.stm32cube.ide.mcu.externaltools.gnu-tools-for-stm32.10.3-2021.10.win32_1.0.200.202301161003/tools/bin/../lib/gcc/arm-none-eabi/10.3.1/../../../../arm-none-eabi/lib/thumb/v7e-m+fp/hard\libc_nano.a(lib_a-memset.o)
 .ARM.attributes
                0x000000000000092f       0x34 c:/st/stm32cubeide_1.12.0/stm32cubeide/plugins/com.st.stm32cube.ide.mcu.externaltools.gnu-tools-for-stm32.10.3-2021.10.win32_1.0.200.202301161003/tools/bin/../lib/gcc/arm-none-eabi/10.3.1/../../../../arm-none-eabi/lib/thumb/v7e-m+fp/hard\libc_nano.a(lib_a-nano-mallocr.o)
 .ARM.attributes
                0x0000000000000963       0x34 c:/st/stm32cubeide_1.12.0/stm32cubeide/plugins/com.st.stm32cube.ide.mcu.externaltools.gnu-tools-for-stm32.10.3-2021.10.win32_1.0.200.202301161003/tools/bin/../lib/gcc/arm-none-eabi/10.3.1/../../../../arm-none-eabi/lib/thumb/v7e-m+fp/hard\libc_nano.a(lib_a-reent.o)
 .ARM.attributes
                0x0000000000000997       0x34 c:/st/stm32cubeide_1.12.0/stm32cubeide/plugins/com.st.stm32cube.ide.mcu.externaltools.gnu-tools-for-stm32.10.3-2021.10.win32_1.0.200.202301161003/tools/bin/../lib/gcc/arm-none-eabi/10.3.1/../../../../arm-none-eabi/lib/thumb/v7e-m+fp/hard\libc_nano.a(lib_a-mlock.o)
 .ARM.attributes
                0x00000000000009cb       0x34 c:/st/stm32cubeide_1.12.0/stm32cubeide/plugins/com.st.stm32cube.ide.mcu.externaltools.gnu-tools-for-stm32.10.3-2021.10.win32_1.0.200.202301161003/tools/bin/../lib/gcc/arm-none-eabi/10.3.1/../../../../arm-none-eabi/lib/thumb/v7e-m+fp/hard\libc_nano.a(lib_a-nano-freer.o)
 .ARM.attributes
                0x00000000000009ff       0x34 c:/st/stm32cubeide_1.12.0/stm32cubeide/plugins/com.st.stm32cube.ide.mcu.externaltools.gnu-tools-for-stm32.10.3-2021.10.win32_1.0.200.202301161003/tools/bin/../lib/gcc/arm-none-eabi/10.3.1/../../../../arm-none-eabi/lib/thumb/v7e-m+fp/hard\libm.a(lib_a-sf_llround.o)
 .ARM.attributes
                0x0000000000000a33       0x1e c:/st/stm32cubeide_1.12.0/stm32cubeide/plugins/com.st.stm32cube.ide.mcu.externaltools.gnu-tools-for-stm32.10.3-2021.10.win32_1.0.200.202301161003/tools/bin/../lib/gcc/arm-none-eabi/10.3.1/thumb/v7e-m+fp/hard\libgcc.a(_arm_addsubsf3.o)
 .ARM.attributes
                0x0000000000000a51       0x1e c:/st/stm32cubeide_1.12.0/stm32cubeide/plugins/com.st.stm32cube.ide.mcu.externaltools.gnu-tools-for-stm32.10.3-2021.10.win32_1.0.200.202301161003/tools/bin/../lib/gcc/arm-none-eabi/10.3.1/thumb/v7e-m+fp/hard\libgcc.a(_aeabi_uldivmod.o)
 .ARM.attributes
                0x0000000000000a6f       0x34 c:/st/stm32cubeide_1.12.0/stm32cubeide/plugins/com.st.stm32cube.ide.mcu.externaltools.gnu-tools-for-stm32.10.3-2021.10.win32_1.0.200.202301161003/tools/bin/../lib/gcc/arm-none-eabi/10.3.1/thumb/v7e-m+fp/hard\libgcc.a(_fixsfdi.o)
 .ARM.attributes
                0x0000000000000aa3       0x34 c:/st/stm32cubeide_1.12.0/stm32cubeide/plugins/com.st.stm32cube.ide.mcu.externaltools.gnu-tools-for-stm32.10.3-2021.10.win32_1.0.200.202301161003/tools/bin/../lib/gcc/arm-none-eabi/10.3.1/thumb/v7e-m+fp/hard\libgcc.a(_fixunssfdi.o)
 .ARM.attributes
                0x0000000000000ad7       0x34 c:/st/stm32cubeide_1.12.0/stm32cubeide/plugins/com.st.stm32cube.ide.mcu.externaltools.gnu-tools-for-stm32.10.3-2021.10.win32_1.0.200.202301161003/tools/bin/../lib/gcc/arm-none-eabi/10.3.1/thumb/v7e-m+fp/hard\libgcc.a(_udivmoddi4.o)
 .ARM.attributes
                0x0000000000000b0b       0x1e c:/st/stm32cubeide_1.12.0/stm32cubeide/plugins/com.st.stm32cube.ide.mcu.externaltools.gnu-tools-for-stm32.10.3-2021.10.win32_1.0.200.202301161003/tools/bin/../lib/gcc/arm-none-eabi/10.3.1/thumb/v7e-m+fp/hard\libgcc.a(_arm_muldf3.o)
 .ARM.attributes
                0x0000000000000b29       0x1e c:/st/stm32cubeide_1.12.0/stm32cubeide/plugins/com.st.stm32cube.ide.mcu.externaltools.gnu-tools-for-stm32.10.3-2021.10.win32_1.0.200.202301161003/tools/bin/../lib/gcc/arm-none-eabi/10.3.1/thumb/v7e-m+fp/hard\libgcc.a(_dvmd_tls.o)
 .ARM.attributes
                0x0000000000000b47       0x1e c:/st/stm32cubeide_1.12.0/stm32cubeide/plugins/com.st.stm32cube.ide.mcu.externaltools.gnu-tools-for-stm32.10.3-2021.10.win32_1.0.200.202301161003/tools/bin/../lib/gcc/arm-none-eabi/10.3.1/thumb/v7e-m+fp/hard\libgcc.a(_arm_addsubdf3.o)
 .ARM.attributes