Archive member included to satisfy reference by file (symbol)

c:/st/stm32cubeide_1.12.0/stm32cubeide/plugins/com.st.stm32cube.ide.mcu.externaltools.gnu-tools-for-stm32.10.3-2021.10.win32_1.0.200.202301161003/tools/bin/../lib/gcc/arm-none-eabi/10.3.1/../../../../arm-none-eabi/lib/thumb/v7e-m+fp/hard\libc_nano.a(lib_a-errno.o)
                              ./Core/Src/syscalls.o (__errno)
c:/st/stm32cubeide_1.12.0/stm32cubeide/plugins/com.st.stm32cube.ide.mcu.externaltools.gnu-tools-for-stm32.10.3-2021.10.win32_1.0.200.202301161003/tools/bin/../lib/gcc/arm-none-eabi/10.3.1/../../../../arm-none-eabi/lib/thumb/v7e-m+fp/hard\libc_nano.a(lib_a-exit.o)
                              c:/st/stm32cubeide_1.12.0/stm32cubeide/plugins/com.st.stm32cube.ide.mcu.externaltools.gnu-tools-for-stm32.10.3-2021.10.win32_1.0.200.202301161003/tools/bin/../lib/gcc/arm-none-eabi/10.3.1/../../../../arm-none-eabi/lib/thumb/v7e-m+fp/hard/crt0.o (exit)
c:/st/stm32cubeide_1.12.0/stm32cubeide/plugins/com.st.stm32cube.ide.mcu.externaltools.gnu-tools-for-stm32.10.3-2021.10.win32_1.0.200.202301161003/tools/bin/../lib/gcc/arm-none-eabi/10.3.1/../../../../arm-none-eabi/lib/thumb/v7e-m+fp/hard\libc_nano.a(lib_a-findfp.o)
                              ./Middlewares/FreeRTOS/tasks.o (__sf_fake_stderr)
c:/st/stm32cubeide_1.12.0/stm32cubeide/plugins/com.st.stm32cube.ide.mcu.externaltools.gnu-tools-for-stm32.10.3-2021.10.win32_1.0.200.202301161003/tools/bin/../lib/gcc/arm-none-eabi/10.3.1/../../../../arm-none-eabi/lib/thumb/v7e-m+fp/hard\libc_nano.a(lib_a-fwalk.o)
                              c:/st/stm32cubeide_1.12.0/stm32cubeide/plugins/com.st.stm32cube.ide.mcu.externaltools.gnu-tools-for-stm32.10.3-2021.10.win32_1.0.200.202301161003/tools/bin/../lib/gcc/arm-none-eabi/10.3.1/../../../../arm-none-eabi/lib/thumb/v7e-m+fp/hard\libc_nano.a(lib_a-findfp.o) (_fwalk)
c:/st/stm32cubeide_1.12.0/stm32cubeide/plugins/com.st.stm32cube.ide.mcu.externaltools.gnu-tools-for-stm32.10.3-2021.10.win32_1.0.200.202301161003/tools/bin/../lib/gcc/arm-none-eabi/10.3.1/../../../../arm-none-eabi/lib/thumb/v7e-m+fp/hard\libc_nano.a(lib_a-impure.o)
                              c:/st/stm32cubeide_1.12.0/stm32cubeide/plugins/com.st.stm32cube.ide.mcu.externaltools.gnu-tools-for-stm32.10.3-2021.10.win32_1.0.200.202301161003/tools/bin/../lib/gcc/arm-none-eabi/10.3.1/../../../../arm-none-eabi/lib/thumb/v7e-m+fp/hard\libc_nano.a(lib_a-exit.o) (_global_impure_ptr)
c:/st/stm32cubeide_1.12.0/stm32cubeide/plugins/com.st.stm32cube.ide.mcu.externaltools.gnu-tools-for-stm32.10.3-2021.10.win32_1.0.200.202301161003/tools/bin/../lib/gcc/arm-none-eabi/10.3.1/../../../../arm-none-eabi/lib/thumb/v7e-m+fp/hard\libc_nano.a(lib_a-init.o)
                              c:/st/stm32cubeide_1.12.0/stm32cubeide/plugins/com.st.stm32cube.ide.mcu.externaltools.gnu-tools-for-stm32.10.3-2021.10.win32_1.0.200.202301161003/tools/bin/../lib/gcc/arm-none-eabi/10.3.1/../../../../arm-none-eabi/lib/thumb/v7e-m+fp/hard/crt0.o (__libc_init_array)
c:/st/stm32cubeide_1.12.0/stm32cubeide/plugins/com.st.stm32cube.ide.mcu.externaltools.gnu-tools-for-stm32.10.3-2021.10.win32_1.0.200.202301161003/tools/bin/../lib/gcc/arm-none-eabi/10.3.1/../../../../arm-none-eabi/lib/thumb/v7e-m+fp/hard\libc_nano.a(lib_a-lock.o)
                              c:/st/stm32cubeide_1.12.0/stm32cubeide/plugins/com.st.stm32cube.ide.mcu.externaltools.gnu-tools-for-stm32.10.3-2021.10.win32_1.0.200.202301161003/tools/bin/../lib/gcc/arm-none-eabi/10.3.1/../../../../arm-none-eabi/lib/thumb/v7e-m+fp/hard\libc_nano.a(lib_a-findfp.o) (__retarget_lock_init_recursive)
c:/st/stm32cubeide_1.12.0/stm32cubeide/plugins/com.st.stm32cube.ide.mcu.externaltools.gnu-tools-for-stm32.10.3-2021.10.win32_1.0.200.202301161003/tools/bin/../lib/gcc/arm-none-eabi/10.3.1/../../../../arm-none-eabi/lib/thumb/v7e-m+fp/hard\libc_nano.a(lib_a-memcpy-stub.o)
                              ./Middlewares/FreeRTOS/cmsis_os2.o (memcpy)
c:/st/stm32cubeide_1.12.0/stm32cubeide/plugins/com.st.stm32cube.ide.mcu.externaltools.gnu-tools-for-stm32.10.3-2021.10.win32_1.0.200.202301161003/tools/bin/../lib/gcc/arm-none-eabi/10.3.1/../../../../arm-none-eabi/lib/thumb/v7e-m+fp/hard\libc_nano.a(lib_a-memset.o)
                              c:/st/stm32cubeide_1.12.0/stm32cubeide/plugins/com.st.stm32cube.ide.mcu.externaltools.gnu-tools-for-stm32.10.3-2021.10.win32_1.0.200.202301161003/tools/bin/../lib/gcc/arm-none-eabi/10.3.1/../../../../arm-none-eabi/lib/thumb/v7e-m+fp/hard/crt0.o (memset)
c:/st/stm32cubeide_1.12.0/stm32cubeide/plugins/com.st.stm32cube.ide.mcu.externaltools.gnu-tools-for-stm32.10.3-2021.10.win32_1.0.200.202301161003/tools/bin/../lib/gcc/arm-none-eabi/10.3.1/../../../../arm-none-eabi/lib/thumb/v7e-m+fp/hard\libc_nano.a(lib_a-nano-mallocr.o)
[...]
Memory Configuration

Name             Origin             Length             Attributes
RAM              0x0000000020000000 0x0000000000010000 xrw
RAM2             0x0000000010000000 0x0000000000004000 xrw
FLASH            0x0000000008000000 0x0000000000040000 xr
*default*        0x0000000000000000 0xffffffffffffffff

Linker script and memory map

LOAD c:/st/stm32cubeide_1.12.0/stm32cubeide/plugins/com.st.stm32cube.ide.mcu.externaltools.gnu-tools-for-stm32.10.3-2021.10.win32_1.0.200.202301161003/tools/bin/../lib/gcc/arm-none-eabi/10.3.1/thumb/v7e-m+fp/hard/crti.o
LOAD c:/st/stm32cubeide_1.12.0/stm32cubeide/plugins/com.st.stm32cube.ide.mcu.externaltools.gnu-tools-for-stm32.10.3-2021.10.win32_1.0.200.202301161003/tools/bin/../lib/gcc/arm-none-eabi/10.3.1/thumb/v7e-m+fp/hard/crtbegin.o
LOAD c:/st/stm32cubeide_1.12.0/stm32cubeide/plugins/com.st.stm32cube.ide.mcu.externaltools.gnu-tools-for-stm32.10.3-2021.10.win32_1.0.200.202301161003/tools/bin/../lib/gcc/arm-none-eabi/10.3.1/../../../../arm-none-eabi/lib/thumb/v7e-m+fp/hard/crt0.o
LOAD ./Core/Src/adc.o
LOAD ./Core/Src/can.o
LOAD ./Core/Src/dma.o
LOAD ./Core/Src/freertos.o
LOAD ./Core/Src/gpio.o
LOAD ./Core/Src/main.o
LOAD ./Core/Src/rng.o
LOAD ./Core/Src/spi.o
LOAD ./Core/Src/stm32l4xx_hal_msp.o
LOAD ./Core/Src/stm32l4xx_it.o
LOAD ./Core/Src/syscalls.o
LOAD ./Core/Src/sysmem.o
LOAD ./Core/Src/system_stm32l4xx.o
LOAD ./Core/Src/tim.o
LOAD ./Core/Src/usart.o
LOAD ./Core/Startup/startup_stm32l431cctx.o
LOAD ./Drivers/STM32L4xx_HAL_Driver/stm32l4xx_hal.o
LOAD ./Drivers/STM32L4xx_HAL_Driver/stm32l4xx_hal_adc.o
LOAD ./Drivers/STM32L4xx_HAL_Driver/stm32l4xx_hal_adc_ex.o
LOAD ./Drivers/STM32L4xx_HAL_Driver/stm32l4xx_hal_can.o
LOAD ./Drivers/STM32L4xx_HAL_Driver/stm32l4xx_hal_cortex.o
LOAD ./Drivers/STM32L4xx_HAL_Driver/stm32l4xx_hal_dma.o
LOAD ./Drivers/STM32L4xx_HAL_Driver/stm32l4xx_hal_dma_ex.o
LOAD ./Drivers/STM32L4xx_HAL_Driver/stm32l4xx_hal_exti.o
LOAD ./Drivers/STM32L4xx_HAL_Driver/stm32l4xx_hal_flash.o
LOAD ./Drivers/STM32L4xx_HAL_Driver/stm32l4xx_hal_flash_ex.o
LOAD ./Drivers/STM32L4xx_HAL_Driver/stm32l4xx_hal_flash_ramfunc.o
LOAD ./Drivers/STM32L4xx_HAL_Driver/stm32l4xx_hal_gpio.o
LOAD ./Drivers/STM32L4xx_HAL_Driver/stm32l4xx_hal_pwr.o
LOAD ./Drivers/STM32L4xx_HAL_Driver/stm32l4xx_hal_pwr_ex.o
LOAD ./Drivers/STM32L4xx_HAL_Driver/stm32l4xx_hal_rcc.o
LOAD ./Drivers/STM32L4xx_HAL_Driver/stm32l4xx_hal_rcc_ex.o
LOAD ./Drivers/STM32L4xx_HAL_Driver/stm32l4xx_hal_rng.o
LOAD ./Drivers/STM32L4xx_HAL_Driver/stm32l4xx_hal_spi.o
LOAD ./Drivers/STM32L4xx_HAL_Driver/stm32l4xx_hal_spi_ex.o
LOAD ./Drivers/STM32L4xx_HAL_Driver/stm32l4xx_hal_tim.o
LOAD ./Drivers/STM32L4xx_HAL_Driver/stm32l4xx_hal_tim_ex.o
LOAD ./Drivers/STM32L4xx_HAL_Driver/stm32l4xx_ll_dma.o
LOAD ./Drivers/STM32L4xx_HAL_Driver/stm32l4xx_ll_exti.o
LOAD ./Drivers/STM32L4xx_HAL_Driver/stm32l4xx_ll_gpio.o
LOAD ./Drivers/STM32L4xx_HAL_Driver/stm32l4xx_ll_rcc.o
LOAD ./Drivers/STM32L4xx_HAL_Driver/stm32l4xx_ll_tim.o
LOAD ./Drivers/STM32L4xx_HAL_Driver/stm32l4xx_ll_usart.o
LOAD ./Drivers/STM32L4xx_HAL_Driver/stm32l4xx_ll_utils.o
LOAD ./Middlewares/FreeRTOS/cmsis_os2.o
LOAD ./Middlewares/FreeRTOS/croutine.o
LOAD ./Middlewares/FreeRTOS/event_groups.o
LOAD ./Middlewares/FreeRTOS/heap_4.o
LOAD ./Middlewares/FreeRTOS/list.o
LOAD ./Middlewares/FreeRTOS/port.o
LOAD ./Middlewares/FreeRTOS/queue.o
LOAD ./Middlewares/FreeRTOS/stream_buffer.o
LOAD ./Middlewares/FreeRTOS/tasks.o
LOAD ./Middlewares/FreeRTOS/timers.o
START GROUP
LOAD c:/st/stm32cubeide_1.12.0/stm32cubeide/plugins/com.st.stm32cube.ide.mcu.externaltools.gnu-tools-for-stm32.10.3-2021.10.win32_1.0.200.202301161003/tools/bin/../lib/gcc/arm-none-eabi/10.3.1/../../../../arm-none-eabi/lib/thumb/v7e-m+fp/hard\libc_nano.a
LOAD c:/st/stm32cubeide_1.12.0/stm32cubeide/plugins/com.st.stm32cube.ide.mcu.externaltools.gnu-tools-for-stm32.10.3-2021.10.win32_1.0.200.202301161003/tools/bin/../lib/gcc/arm-none-eabi/10.3.1/../../../../arm-none-eabi/lib/thumb/v7e-m+fp/hard\libm.a
END GROUP
START GROUP
LOAD c:/st/stm32cubeide_1.12.0/stm32cubeide/plugins/com.st.stm32cube.ide.mcu.externaltools.gnu-tools-for-stm32.10.3-2021.10.win32_1.0.200.202301161003/tools/bin/../lib/gcc/arm-none-eabi/10.3.1/thumb/v7e-m+fp/hard\libgcc.a
LOAD c:/st/stm32cubeide_1.12.0/stm32cubeide/plugins/com.st.stm32cube.ide.mcu.externaltools.gnu-tools-for-stm32.10.3-2021.10.win32_1.0.200.202301161003/tools/bin/../lib/gcc/arm-none-eabi/10.3.1/../../../../arm-none-eabi/lib/thumb/v7e-m+fp/hard\libc_nano.a
END GROUP
START GROUP
LOAD c:/st/stm32cubeide_1.12.0/stm32cubeide/plugins/com.st.stm32cube.ide.mcu.externaltools.gnu-tools-for-stm32.10.3-2021.10.win32_1.0.200.202301161003/tools/bin/../lib/gcc/arm-none-eabi/10.3.1/thumb/v7e-m+fp/hard\libgcc.a
LOAD c:/st/stm32cubeide_1.12.0/stm32cubeide/plugins/com.st.stm32cube.ide.mcu.externaltools.gnu-tools-for-stm32.10.3-2021.10.win32_1.0.200.202301161003/tools/bin/../lib/gcc/arm-none-eabi/10.3.1/../../../../arm-none-eabi/lib/thumb/v7e-m+fp/hard\libc_nano.a
LOAD c:/st/stm32cubeide_1.12.0/stm32cubeide/plugins/com.st.stm32cube.ide.mcu.externaltools.gnu-tools-for-stm32.10.3-2021.10.win32_1.0.200.202301161003/tools/bin/../lib/gcc/arm-none-eabi/10.3.1/../../../../arm-none-eabi/lib/thumb/v7e-m+fp/hard\libnosys.a
END GROUP
START GROUP
LOAD c:/st/stm32cubeide_1.12.0/stm32cubeide/plugins/com.st.stm32cube.ide.mcu.externaltools.gnu-tools-for-stm32.10.3-2021.10.win32_1.0.200.202301161003/tools/bin/../lib/gcc/arm-none-eabi/10.3.1/thumb/v7e-m+fp/hard\libgcc.a
LOAD c:/st/stm32cubeide_1.12.0/stm32cubeide/plugins/com.st.stm32cube.ide.mcu.externaltools.gnu-tools-for-stm32.10.3-2021.10.win32_1.0.200.202301161003/tools/bin/../lib/gcc/arm-none-eabi/10.3.1/../../../../arm-none-eabi/lib/thumb/v7e-m+fp/hard\libc_nano.a
LOAD c:/st/stm32cubeide_1.12.0/stm32cubeide/plugins/com.st.stm32cube.ide.mcu.externaltools.gnu-tools-for-stm32.10.3-2021.10.win32_1.0.200.202301161003/tools/bin/../lib/gcc/arm-none-eabi/10.3.1/../../../../arm-none-eabi/lib/thumb/v7e-m+fp/hard\libnosys.a
END GROUP
LOAD c:/st/stm32cubeide_1.12.0/stm32cubeide/plugins/com.st.stm32cube.ide.mcu.externaltools.gnu-tools-for-stm32.10.3-2021.10.win32_1.0.200.202301161003/tools/bin/../lib/gcc/arm-none-eabi/10.3.1/thumb/v7e-m+fp/hard/crtend.o
LOAD c:/st/stm32cubeide_1.12.0/stm32cubeide/plugins/com.st.stm32cube.ide.mcu.externaltools.gnu-tools-for-stm32.10.3-2021.10.win32_1.0.200.202301161003/tools/bin/../lib/gcc/arm-none-eabi/10.3.1/thumb/v7e-m+fp/hard/crtn.o
                0x0000000020010000                _estack = (ORIGIN (RAM) + LENGTH (RAM))
                0x0000000000000200                _Min_Heap_Size = 0x200
                0x0000000000000400                _Min_Stack_Size = 0x400

.isr_vector     0x0000000008000000      0x18c
                0x0000000008000000                . = ALIGN (0x4)
 *(.isr_vector)
 .isr_vector    0x0000000008000000      0x18c ./Core/Startup/startup_stm32l431cctx.o
                0x0000000008000000                g_pfnVectors
                0x000000000800018c                . = ALIGN (0x4)

.text           0x0000000008000190     0xa7c8
                0x0000000008000190                . = ALIGN (0x4)
 *(.text)
 .text          0x0000000008000190       0x40 c:/st/stm32cubeide_1.12.0/stm32cubeide/plugins/com.st.stm32cube.ide.mcu.externaltools.gnu-tools-for-stm32.10.3-2021.10.win32_1.0.200.202301161003/tools/bin/../lib/gcc/arm-none-eabi/10.3.1/thumb/v7e-m+fp/hard/crtbegin.o
 .text          0x00000000080001d0      0x21c c:/st/stm32cubeide_1.12.0/stm32cubeide/plugins/com.st.stm32cube.ide.mcu.externaltools.gnu-tools-for-stm32.10.3-2021.10.win32_1.0.200.202301161003/tools/bin/../lib/gcc/arm-none-eabi/10.3.1/thumb/v7e-m+fp/hard\libgcc.a(_arm_addsubsf3.o)
                0x00000000080001d0                __aeabi_frsub
                0x00000000080001d8                __subsf3
                0x00000000080001d8                __aeabi_fsub
                0x00000000080001dc                __aeabi_fadd
                0x00000000080001dc                __addsf3
                0x000000000800033c                __aeabi_ui2f
                0x000000000800033c                __floatunsisf
                0x0000000008000344                __aeabi_i2f
                0x0000000008000344                __floatsisf
                0x0000000008000360                __aeabi_ul2f
                0x0000000008000360                __floatundisf
                0x0000000008000370                __aeabi_l2f
                0x0000000008000370                __floatdisf
 .text          0x00000000080003ec       0x30 c:/st/stm32cubeide_1.12.0/stm32cubeide/plugins/com.st.stm32cube.ide.mcu.externaltools.gnu-tools-for-stm32.10.3-2021.10.win32_1.0.200.202301161003/tools/bin/../lib/gcc/arm-none-eabi/10.3.1/thumb/v7e-m+fp/hard\libgcc.a(_aeabi_uldivmod.o)
                0x00000000080003ec                __aeabi_uldivmod
 .text          0x000000000800041c       0x28 c:/st/stm32cubeide_1.12.0/stm32cubeide/plugins/com.st.stm32cube.ide.mcu.externaltools.gnu-tools-for-stm32.10.3-2021.10.win32_1.0.200.202301161003/tools/bin/../lib/gcc/arm-none-eabi/10.3.1/thumb/v7e-m+fp/hard\libgcc.a(_fixsfdi.o)
                0x000000000800041c                __fixsfdi
                0x000000000800041c                __aeabi_f2lz
 .text          0x0000000008000444       0x40 c:/st/stm32cubeide_1.12.0/stm32cubeide/plugins/com.st.stm32cube.ide.mcu.externaltools.gnu-tools-for-stm32.10.3-2021.10.win32_1.0.200.202301161003/tools/bin/../lib/gcc/arm-none-eabi/10.3.1/thumb/v7e-m+fp/hard\libgcc.a(_fixunssfdi.o)
                0x0000000008000444                __fixunssfdi
                0x0000000008000444                __aeabi_f2ulz
 .text          0x0000000008000484      0x2d0 c:/st/stm32cubeide_1.12.0/stm32cubeide/plugins/com.st.stm32cube.ide.mcu.externaltools.gnu-tools-for-stm32.10.3-2021.10.win32_1.0.200.202301161003/tools/bin/../lib/gcc/arm-none-eabi/10.3.1/thumb/v7e-m+fp/hard\libgcc.a(_udivmoddi4.o)
                0x0000000008000484                __udivmoddi4
 .text          0x0000000008000754      0x254 c:/st/stm32cubeide_1.12.0/stm32cubeide/plugins/com.st.stm32cube.ide.mcu.externaltools.gnu-tools-for-stm32.10.3-2021.10.win32_1.0.200.202301161003/tools/bin/../lib/gcc/arm-none-eabi/10.3.1/thumb/v7e-m+fp/hard\libgcc.a(_arm_muldf3.o)
                0x0000000008000754                __muldf3
                0x0000000008000754                __aeabi_dmul
 .text          0x00000000080009a8        0x4 c:/st/stm32cubeide_1.12.0/stm32cubeide/plugins/com.st.stm32cube.ide.mcu.externaltools.gnu-tools-for-stm32.10.3-2021.10.win32_1.0.200.202301161003/tools/bin/../lib/gcc/arm-none-eabi/10.3.1/thumb/v7e-m+fp/hard\libgcc.a(_dvmd_tls.o)
                0x00000000080009a8                __aeabi_idiv0
                0x00000000080009a8                __aeabi_ldiv0
 .text          0x00000000080009ac      0x378 c:/st/stm32cubeide_1.12.0/stm32cubeide/plugins/com.st.stm32cube.ide.mcu.externaltools.gnu-tools-for-stm32.10.3-2021.10.win32_1.0.200.202301161003/tools/bin/../lib/gcc/arm-none-eabi/10.3.1/thumb/v7e-m+fp/hard\libgcc.a(_arm_addsubdf3.o)
                0x00000000080009ac                __aeabi_drsub
                0x00000000080009b4                __aeabi_dsub
                0x00000000080009b4                __subdf3
                0x00000000080009b8                __aeabi_dadd
                0x00000000080009b8                __adddf3
                0x0000000008000c30                __floatunsidf
                0x0000000008000c30                __aeabi_ui2d
                0x0000000008000c50                __floatsidf
                0x0000000008000c50                __aeabi_i2d
                0x0000000008000c74                __aeabi_f2d
                0x0000000008000c74                __extendsfdf2
                0x0000000008000cb8                __floatundidf
                0x0000000008000cb8                __aeabi_ul2d
                0x0000000008000cc8                __floatdidf
                0x0000000008000cc8                __aeabi_l2d
 .text          0x0000000008000d24       0x40 c:/st/stm32cubeide_1.12.0/stm32cubeide/plugins/com.st.stm32cube.ide.mcu.externaltools.gnu-tools-for-stm32.10.3-2021.10.win32_1.0.200.202301161003/tools/bin/../lib/gcc/arm-none-eabi/10.3.1/thumb/v7e-m+fp/hard\libgcc.a(_arm_fixunsdfsi.o)
                0x0000000008000d24                __aeabi_d2uiz
                0x0000000008000d24                __fixunsdfsi
 *(.text*)
 .text.MX_ADC1_Init
                0x0000000008000d64       0xc8 ./Core/Src/adc.o
                0x0000000008000d64                MX_ADC1_Init
 .text.HAL_ADC_MspInit
                0x0000000008000e2c      0x118 ./Core/Src/adc.o
                0x0000000008000e2c                HAL_ADC_MspInit
 .text.MX_CAN1_Init
                0x0000000008000f44       0xd4 ./Core/Src/can.o
                0x0000000008000f44                MX_CAN1_Init
 .text.HAL_CAN_MspInit
                0x0000000008001018       0x88 ./Core/Src/can.o
                0x0000000008001018                HAL_CAN_MspInit
 .text.HAL_CAN_RxFifo0MsgPendingCallback
                0x00000000080010a0       0x50 ./Core/Src/can.o
                0x00000000080010a0                HAL_CAN_RxFifo0MsgPendingCallback
 .text.MX_DMA_Init
                0x00000000080010f0       0x3c ./Core/Src/dma.o
                0x00000000080010f0                MX_DMA_Init
 .text.LL_GPIO_SetOutputPin
                0x000000000800112c       0x1c ./Core/Src/freertos.o
 .text.LL_GPIO_ResetOutputPin
                0x0000000008001148       0x1c ./Core/Src/freertos.o
 .text.MX_FREERTOS_Init
                0x0000000008001164       0x74 ./Core/Src/freertos.o
                0x0000000008001164                MX_FREERTOS_Init
 .text.StartCanTask
                0x00000000080011d8       0xa4 ./Core/Src/freertos.o
                0x00000000080011d8                StartCanTask
 .text.StartTxMgr
                0x000000000800127c       0x30 ./Core/Src/freertos.o
                0x000000000800127c                StartTxMgr
 .text.StartBlink
                0x00000000080012ac       0x30 ./Core/Src/freertos.o
                0x00000000080012ac                StartBlink
 .text.LL_GPIO_SetOutputPin
                0x00000000080012dc       0x1c ./Core/Src/gpio.o
 .text.LL_GPIO_ResetOutputPin
                0x00000000080012f8       0x1c ./Core/Src/gpio.o
 .text.LL_AHB2_GRP1_EnableClock
                0x0000000008001314       0x30 ./Core/Src/gpio.o
 .text.MX_GPIO_Init
                0x0000000008001344      0x11c ./Core/Src/gpio.o
                0x0000000008001344                MX_GPIO_Init
 .text.LL_USART_TransmitData8
                0x0000000008001460       0x20 ./Core/Src/main.o
 .text.LL_GPIO_SetOutputPin
                0x0000000008001480       0x1c ./Core/Src/main.o
 .text.main     0x000000000800149c       0x48 ./Core/Src/main.o
                0x000000000800149c                main
 .text.SystemClock_Config
                0x00000000080014e4       0x8a ./Core/Src/main.o
                0x00000000080014e4                SystemClock_Config
 *fill*         0x000000000800156e        0x2 
 .text.Error_Handler
                0x0000000008001570       0x24 ./Core/Src/main.o
                0x0000000008001570                Error_Handler
 .text.MX_RNG_Init
                0x0000000008001594       0x28 ./Core/Src/rng.o
                0x0000000008001594                MX_RNG_Init
 .text.HAL_RNG_MspInit
                0x00000000080015bc       0x68 ./Core/Src/rng.o
                0x00000000080015bc                HAL_RNG_MspInit
 .text.LL_GPIO_SetOutputPin
                0x0000000008001624       0x1c ./Core/Src/spi.o
 .text.LL_GPIO_ResetOutputPin
                0x0000000008001640       0x1c ./Core/Src/spi.o
 .text.MX_SPI2_Init
                0x000000000800165c       0x7c ./Core/Src/spi.o
                0x000000000800165c                MX_SPI2_Init
 .text.HAL_SPI_MspInit
                0x00000000080016d8       0x88 ./Core/Src/spi.o
                0x00000000080016d8                HAL_SPI_MspInit
 .text.SPIInitTiPll
                0x0000000008001760       0xbc ./Core/Src/spi.o
                0x0000000008001760                SPIInitTiPll
 .text.SPISetTiPllOutAPwr
                0x000000000800181c       0x70 ./Core/Src/spi.o
                0x000000000800181c                SPISetTiPllOutAPwr
 .text.SPISetTiPllFreq
                0x000000000800188c      0x188 ./Core/Src/spi.o
                0x000000000800188c                SPISetTiPllFreq
 .text.SPISetTiPllRampFreqFromBuf
                0x0000000008001a14       0x84 ./Core/Src/spi.o
                0x0000000008001a14                SPISetTiPllRampFreqFromBuf
 .text.SPISetTiPllRampFreq
                0x0000000008001a98      0x588 ./Core/Src/spi.o
                0x0000000008001a98                SPISetTiPllRampFreq
 .text.SPIInitTiAdc
                0x0000000008002020       0x78 ./Core/Src/spi.o
                0x0000000008002020                SPIInitTiAdc
 .text.HAL_MspInit
                0x0000000008002098       0x50 ./Core/Src/stm32l4xx_hal_msp.o
                0x0000000008002098                HAL_MspInit
 .text.NMI_Handler
                0x00000000080020e8        0x6 ./Core/Src/stm32l4xx_it.o
                0x00000000080020e8                NMI_Handler
 .text.HardFault_Handler
                0x00000000080020ee        0x6 ./Core/Src/stm32l4xx_it.o
                0x00000000080020ee                HardFault_Handler
 .text.MemManage_Handler
                0x00000000080020f4        0x6 ./Core/Src/stm32l4xx_it.o
                0x00000000080020f4                MemManage_Handler
 .text.BusFault_Handler
                0x00000000080020fa        0x6 ./Core/Src/stm32l4xx_it.o
                0x00000000080020fa                BusFault_Handler
 .text.UsageFault_Handler
                0x0000000008002100        0x6 ./Core/Src/stm32l4xx_it.o
                0x0000000008002100                UsageFault_Handler
 .text.DebugMon_Handler
                0x0000000008002106        0xe ./Core/Src/stm32l4xx_it.o
                0x0000000008002106                DebugMon_Handler
 .text.SysTick_Handler
                0x0000000008002114       0x1a ./Core/Src/stm32l4xx_it.o
                0x0000000008002114                SysTick_Handler
 *fill*         0x000000000800212e        0x2 
 .text.DMA1_Channel1_IRQHandler
                0x0000000008002130       0x14 ./Core/Src/stm32l4xx_it.o
                0x0000000008002130                DMA1_Channel1_IRQHandler
 .text.ADC1_IRQHandler
                0x0000000008002144       0x14 ./Core/Src/stm32l4xx_it.o
                0x0000000008002144                ADC1_IRQHandler
 .text.TIM1_BRK_TIM15_IRQHandler
                0x0000000008002158        0xe ./Core/Src/stm32l4xx_it.o
                0x0000000008002158                TIM1_BRK_TIM15_IRQHandler
 *fill*         0x0000000008002166        0x2 
 .text.SystemInit
                0x0000000008002168       0x24 ./Core/Src/system_stm32l4xx.o
                0x0000000008002168                SystemInit
 .text.__NVIC_GetPriorityGrouping
                0x000000000800218c       0x1c ./Core/Src/tim.o
 .text.__NVIC_SetPriority
                0x00000000080021a8       0x54 ./Core/Src/tim.o
 .text.NVIC_EncodePriority
                0x00000000080021fc       0x66 ./Core/Src/tim.o
 .text.LL_TIM_EnableCounter
                0x0000000008002262       0x20 ./Core/Src/tim.o
 .text.LL_TIM_DisableARRPreload
                0x0000000008002282       0x20 ./Core/Src/tim.o
 *fill*         0x00000000080022a2        0x2 
 .text.LL_TIM_OC_DisableFast
                0x00000000080022a4       0xa4 ./Core/Src/tim.o
 .text.LL_TIM_SetClockSource
                0x0000000008002348       0x2a ./Core/Src/tim.o
 .text.LL_TIM_SetTriggerOutput
                0x0000000008002372       0x26 ./Core/Src/tim.o
 .text.LL_TIM_DisableMasterSlaveMode
                0x0000000008002398       0x20 ./Core/Src/tim.o
 .text.LL_AHB2_GRP1_EnableClock
                0x00000000080023b8       0x30 ./Core/Src/tim.o
 .text.LL_APB2_GRP1_EnableClock
                0x00000000080023e8       0x30 ./Core/Src/tim.o
 .text.MX_TIM15_Init
                0x0000000008002418      0x184 ./Core/Src/tim.o
                0x0000000008002418                MX_TIM15_Init
 .text.TIM15TiPllRampStart
                0x000000000800259c       0x14 ./Core/Src/tim.o
                0x000000000800259c                TIM15TiPllRampStart
 .text.LL_USART_Enable
                0x00000000080025b0       0x20 ./Core/Src/usart.o
 .text.LL_USART_ConfigAsyncMode
                0x00000000080025d0       0x2c ./Core/Src/usart.o
 .text.LL_AHB2_GRP1_EnableClock
                0x00000000080025fc       0x30 ./Core/Src/usart.o
 .text.LL_APB2_GRP1_EnableClock
                0x000000000800262c       0x30 ./Core/Src/usart.o
 .text.MX_USART1_UART_Init
                0x000000000800265c       0xfc ./Core/Src/usart.o
                0x000000000800265c                MX_USART1_UART_Init
 .text.Reset_Handler
                0x0000000008002758       0x50 ./Core/Startup/startup_stm32l431cctx.o
                0x0000000008002758                Reset_Handler
 .text.Default_Handler
                0x00000000080027a8        0x2 ./Core/Startup/startup_stm32l431cctx.o
                0x00000000080027a8                RTC_Alarm_IRQHandler
                0x00000000080027a8                EXTI2_IRQHandler
                0x00000000080027a8                TIM1_CC_IRQHandler
                0x00000000080027a8                TSC_IRQHandler
                0x00000000080027a8                TAMP_STAMP_IRQHandler
                0x00000000080027a8                EXTI3_IRQHandler
                0x00000000080027a8                LPTIM2_IRQHandler
                0x00000000080027a8                I2C3_ER_IRQHandler
                0x00000000080027a8                EXTI0_IRQHandler
                0x00000000080027a8                I2C2_EV_IRQHandler
                0x00000000080027a8                CAN1_RX0_IRQHandler
                0x00000000080027a8                FPU_IRQHandler
                0x00000000080027a8                TIM1_UP_TIM16_IRQHandler
                0x00000000080027a8                SPI1_IRQHandler
                0x00000000080027a8                TIM6_DAC_IRQHandler
                0x00000000080027a8                DMA2_Channel2_IRQHandler
                0x00000000080027a8                DMA1_Channel4_IRQHandler
                0x00000000080027a8                USART3_IRQHandler
                0x00000000080027a8                DMA1_Channel7_IRQHandler
                0x00000000080027a8                CAN1_RX1_IRQHandler
                0x00000000080027a8                DMA2_Channel1_IRQHandler
                0x00000000080027a8                QUADSPI_IRQHandler
                0x00000000080027a8                I2C1_EV_IRQHandler
                0x00000000080027a8                DMA1_Channel6_IRQHandler
                0x00000000080027a8                DMA2_Channel4_IRQHandler
                0x00000000080027a8                RCC_IRQHandler
                0x00000000080027a8                TIM1_TRG_COM_IRQHandler
                0x00000000080027a8                Default_Handler
                0x00000000080027a8                DMA2_Channel7_IRQHandler
                0x00000000080027a8                EXTI15_10_IRQHandler
                0x00000000080027a8                TIM7_IRQHandler
                0x00000000080027a8                SDMMC1_IRQHandler
                0x00000000080027a8                I2C3_EV_IRQHandler
                0x00000000080027a8                EXTI9_5_IRQHandler
                0x00000000080027a8                RTC_WKUP_IRQHandler
                0x00000000080027a8                PVD_PVM_IRQHandler
                0x00000000080027a8                SPI2_IRQHandler
                0x00000000080027a8                CAN1_TX_IRQHandler
                0x00000000080027a8                DMA2_Channel5_IRQHandler
                0x00000000080027a8                CRS_IRQHandler
                0x00000000080027a8                DMA1_Channel5_IRQHandler
                0x00000000080027a8                EXTI4_IRQHandler
                0x00000000080027a8                RNG_IRQHandler
                0x00000000080027a8                DMA1_Channel3_IRQHandler
                0x00000000080027a8                COMP_IRQHandler
                0x00000000080027a8                WWDG_IRQHandler
                0x00000000080027a8                LPUART1_IRQHandler
                0x00000000080027a8                DMA2_Channel6_IRQHandler
                0x00000000080027a8                TIM2_IRQHandler
                0x00000000080027a8                EXTI1_IRQHandler
                0x00000000080027a8                USART2_IRQHandler
                0x00000000080027a8                I2C2_ER_IRQHandler
                0x00000000080027a8                DMA1_Channel2_IRQHandler
                0x00000000080027a8                CAN1_SCE_IRQHandler
                0x00000000080027a8                FLASH_IRQHandler
                0x00000000080027a8                USART1_IRQHandler
                0x00000000080027a8                SPI3_IRQHandler
                0x00000000080027a8                I2C1_ER_IRQHandler
                0x00000000080027a8                SWPMI1_IRQHandler
                0x00000000080027a8                LPTIM1_IRQHandler
                0x00000000080027a8                SAI1_IRQHandler
                0x00000000080027a8                DMA2_Channel3_IRQHandler
 .text.HAL_Init
                0x00000000080027aa       0x30 ./Drivers/STM32L4xx_HAL_Driver/stm32l4xx_hal.o
                0x00000000080027aa                HAL_Init
 *fill*         0x00000000080027da        0x2 
 .text.HAL_InitTick
                0x00000000080027dc       0x78 ./Drivers/STM32L4xx_HAL_Driver/stm32l4xx_hal.o
                0x00000000080027dc                HAL_InitTick
 .text.HAL_IncTick
                0x0000000008002854       0x28 ./Drivers/STM32L4xx_HAL_Driver/stm32l4xx_hal.o
                0x0000000008002854                HAL_IncTick
 .text.HAL_GetTick
                0x000000000800287c       0x18 ./Drivers/STM32L4xx_HAL_Driver/stm32l4xx_hal.o
                0x000000000800287c                HAL_GetTick
 .text.LL_ADC_SetCommonClock
                0x0000000008002894       0x26 ./Drivers/STM32L4xx_HAL_Driver/stm32l4xx_hal_adc.o
 .text.LL_ADC_SetCommonPathInternalCh
                0x00000000080028ba       0x26 ./Drivers/STM32L4xx_HAL_Driver/stm32l4xx_hal_adc.o
 .text.LL_ADC_GetCommonPathInternalCh
                0x00000000080028e0       0x1c ./Drivers/STM32L4xx_HAL_Driver/stm32l4xx_hal_adc.o
 .text.LL_ADC_SetOffset
                0x00000000080028fc       0x48 ./Drivers/STM32L4xx_HAL_Driver/stm32l4xx_hal_adc.o
 .text.LL_ADC_GetOffsetChannel
                0x0000000008002944       0x2c ./Drivers/STM32L4xx_HAL_Driver/stm32l4xx_hal_adc.o
 .text.LL_ADC_SetOffsetState
                0x0000000008002970       0x36 ./Drivers/STM32L4xx_HAL_Driver/stm32l4xx_hal_adc.o
 .text.LL_ADC_REG_IsTriggerSourceSWStart
                0x00000000080029a6       0x26 ./Drivers/STM32L4xx_HAL_Driver/stm32l4xx_hal_adc.o
 .text.LL_ADC_REG_SetSequencerRanks
                0x00000000080029cc       0x58 ./Drivers/STM32L4xx_HAL_Driver/stm32l4xx_hal_adc.o
 .text.LL_ADC_INJ_IsTriggerSourceSWStart
                0x0000000008002a24       0x26 ./Drivers/STM32L4xx_HAL_Driver/stm32l4xx_hal_adc.o
 .text.LL_ADC_SetChannelSamplingTime
                0x0000000008002a4a       0x56 ./Drivers/STM32L4xx_HAL_Driver/stm32l4xx_hal_adc.o
 .text.LL_ADC_SetChannelSingleDiff
                0x0000000008002aa0       0x48 ./Drivers/STM32L4xx_HAL_Driver/stm32l4xx_hal_adc.o
 .text.LL_ADC_DisableDeepPowerDown
                0x0000000008002ae8       0x24 ./Drivers/STM32L4xx_HAL_Driver/stm32l4xx_hal_adc.o
 .text.LL_ADC_IsDeepPowerDownEnabled
                0x0000000008002b0c       0x28 ./Drivers/STM32L4xx_HAL_Driver/stm32l4xx_hal_adc.o
 .text.LL_ADC_EnableInternalRegulator
                0x0000000008002b34       0x28 ./Drivers/STM32L4xx_HAL_Driver/stm32l4xx_hal_adc.o
 .text.LL_ADC_IsInternalRegulatorEnabled
                0x0000000008002b5c       0x28 ./Drivers/STM32L4xx_HAL_Driver/stm32l4xx_hal_adc.o
 .text.LL_ADC_IsEnabled
                0x0000000008002b84       0x26 ./Drivers/STM32L4xx_HAL_Driver/stm32l4xx_hal_adc.o
 .text.LL_ADC_REG_IsConversionOngoing
                0x0000000008002baa       0x26 ./Drivers/STM32L4xx_HAL_Driver/stm32l4xx_hal_adc.o
 .text.LL_ADC_INJ_IsConversionOngoing
                0x0000000008002bd0       0x26 ./Drivers/STM32L4xx_HAL_Driver/stm32l4xx_hal_adc.o
 *fill*         0x0000000008002bf6        0x2 
 .text.HAL_ADC_Init
                0x0000000008002bf8      0x290 ./Drivers/STM32L4xx_HAL_Driver/stm32l4xx_hal_adc.o
                0x0000000008002bf8                HAL_ADC_Init
 .text.HAL_ADC_IRQHandler
                0x0000000008002e88      0x368 ./Drivers/STM32L4xx_HAL_Driver/stm32l4xx_hal_adc.o
                0x0000000008002e88                HAL_ADC_IRQHandler
 .text.HAL_ADC_ConvCpltCallback
                0x00000000080031f0       0x14 ./Drivers/STM32L4xx_HAL_Driver/stm32l4xx_hal_adc.o
                0x00000000080031f0                HAL_ADC_ConvCpltCallback
 .text.HAL_ADC_LevelOutOfWindowCallback
                0x0000000008003204       0x14 ./Drivers/STM32L4xx_HAL_Driver/stm32l4xx_hal_adc.o
                0x0000000008003204                HAL_ADC_LevelOutOfWindowCallback
 .text.HAL_ADC_ErrorCallback
                0x0000000008003218       0x14 ./Drivers/STM32L4xx_HAL_Driver/stm32l4xx_hal_adc.o
                0x0000000008003218                HAL_ADC_ErrorCallback
 .text.HAL_ADC_ConfigChannel
                0x000000000800322c      0x7c0 ./Drivers/STM32L4xx_HAL_Driver/stm32l4xx_hal_adc.o
                0x000000000800322c                HAL_ADC_ConfigChannel
 .text.HAL_ADCEx_InjectedConvCpltCallback
                0x00000000080039ec       0x14 ./Drivers/STM32L4xx_HAL_Driver/stm32l4xx_hal_adc_ex.o
                0x00000000080039ec                HAL_ADCEx_InjectedConvCpltCallback
 .text.HAL_ADCEx_InjectedQueueOverflowCallback
                0x0000000008003a00       0x14 ./Drivers/STM32L4xx_HAL_Driver/stm32l4xx_hal_adc_ex.o
                0x0000000008003a00                HAL_ADCEx_InjectedQueueOverflowCallback
 .text.HAL_ADCEx_LevelOutOfWindow2Callback
                0x0000000008003a14       0x14 ./Drivers/STM32L4xx_HAL_Driver/stm32l4xx_hal_adc_ex.o
                0x0000000008003a14                HAL_ADCEx_LevelOutOfWindow2Callback
 .text.HAL_ADCEx_LevelOutOfWindow3Callback
                0x0000000008003a28       0x14 ./Drivers/STM32L4xx_HAL_Driver/stm32l4xx_hal_adc_ex.o
                0x0000000008003a28                HAL_ADCEx_LevelOutOfWindow3Callback
 .text.HAL_ADCEx_EndOfSamplingCallback
                0x0000000008003a3c       0x14 ./Drivers/STM32L4xx_HAL_Driver/stm32l4xx_hal_adc_ex.o
                0x0000000008003a3c                HAL_ADCEx_EndOfSamplingCallback
 .text.HAL_CAN_Init
                0x0000000008003a50      0x28c ./Drivers/STM32L4xx_HAL_Driver/stm32l4xx_hal_can.o
                0x0000000008003a50                HAL_CAN_Init
 .text.HAL_CAN_ConfigFilter
                0x0000000008003cdc      0x194 ./Drivers/STM32L4xx_HAL_Driver/stm32l4xx_hal_can.o
                0x0000000008003cdc                HAL_CAN_ConfigFilter
 .text.HAL_CAN_GetRxMessage
                0x0000000008003e70      0x224 ./Drivers/STM32L4xx_HAL_Driver/stm32l4xx_hal_can.o
                0x0000000008003e70                HAL_CAN_GetRxMessage
 .text.HAL_CAN_ActivateNotification
                0x0000000008004094       0x4c ./Drivers/STM32L4xx_HAL_Driver/stm32l4xx_hal_can.o
                0x0000000008004094                HAL_CAN_ActivateNotification
 .text.HAL_CAN_TxMailbox0CompleteCallback
                0x00000000080040e0       0x14 ./Drivers/STM32L4xx_HAL_Driver/stm32l4xx_hal_can.o
                0x00000000080040e0                HAL_CAN_TxMailbox0CompleteCallback
 .text.HAL_CAN_TxMailbox1CompleteCallback
                0x00000000080040f4       0x14 ./Drivers/STM32L4xx_HAL_Driver/stm32l4xx_hal_can.o
                0x00000000080040f4                HAL_CAN_TxMailbox1CompleteCallback
 .text.HAL_CAN_TxMailbox2CompleteCallback
                0x0000000008004108       0x14 ./Drivers/STM32L4xx_HAL_Driver/stm32l4xx_hal_can.o
                0x0000000008004108                HAL_CAN_TxMailbox2CompleteCallback
 .text.HAL_CAN_TxMailbox0AbortCallback
                0x000000000800411c       0x14 ./Drivers/STM32L4xx_HAL_Driver/stm32l4xx_hal_can.o
                0x000000000800411c                HAL_CAN_TxMailbox0AbortCallback
 .text.HAL_CAN_TxMailbox1AbortCallback
                0x0000000008004130       0x14 ./Drivers/STM32L4xx_HAL_Driver/stm32l4xx_hal_can.o
                0x0000000008004130                HAL_CAN_TxMailbox1AbortCallback
 .text.HAL_CAN_TxMailbox2AbortCallback
                0x0000000008004144       0x14 ./Drivers/STM32L4xx_HAL_Driver/stm32l4xx_hal_can.o
                0x0000000008004144                HAL_CAN_TxMailbox2AbortCallback
 .text.HAL_CAN_RxFifo0FullCallback
                0x0000000008004158       0x14 ./Drivers/STM32L4xx_HAL_Driver/stm32l4xx_hal_can.o
                0x0000000008004158                HAL_CAN_RxFifo0FullCallback
 .text.HAL_CAN_RxFifo1MsgPendingCallback
                0x000000000800416c       0x14 ./Drivers/STM32L4xx_HAL_Driver/stm32l4xx_hal_can.o
                0x000000000800416c                HAL_CAN_RxFifo1MsgPendingCallback
 .text.HAL_CAN_RxFifo1FullCallback
                0x0000000008004180       0x14 ./Drivers/STM32L4xx_HAL_Driver/stm32l4xx_hal_can.o
                0x0000000008004180                HAL_CAN_RxFifo1FullCallback
 .text.HAL_CAN_SleepCallback
                0x0000000008004194       0x14 ./Drivers/STM32L4xx_HAL_Driver/stm32l4xx_hal_can.o
                0x0000000008004194                HAL_CAN_SleepCallback
 .text.HAL_CAN_WakeUpFromRxMsgCallback
                0x00000000080041a8       0x14 ./Drivers/STM32L4xx_HAL_Driver/stm32l4xx_hal_can.o
                0x00000000080041a8                HAL_CAN_WakeUpFromRxMsgCallback
 .text.HAL_CAN_ErrorCallback
                0x00000000080041bc       0x14 ./Drivers/STM32L4xx_HAL_Driver/stm32l4xx_hal_can.o
                0x00000000080041bc                HAL_CAN_ErrorCallback
 .text.__NVIC_SetPriorityGrouping
                0x00000000080041d0       0x48 ./Drivers/STM32L4xx_HAL_Driver/stm32l4xx_hal_cortex.o
 .text.__NVIC_GetPriorityGrouping
                0x0000000008004218       0x1c ./Drivers/STM32L4xx_HAL_Driver/stm32l4xx_hal_cortex.o
 .text.__NVIC_EnableIRQ
                0x0000000008004234       0x3c ./Drivers/STM32L4xx_HAL_Driver/stm32l4xx_hal_cortex.o
 .text.__NVIC_SetPriority
                0x0000000008004270       0x54 ./Drivers/STM32L4xx_HAL_Driver/stm32l4xx_hal_cortex.o
 .text.NVIC_EncodePriority
                0x00000000080042c4       0x66 ./Drivers/STM32L4xx_HAL_Driver/stm32l4xx_hal_cortex.o
 *fill*         0x000000000800432a        0x2 
 .text.SysTick_Config
                0x000000000800432c       0x44 ./Drivers/STM32L4xx_HAL_Driver/stm32l4xx_hal_cortex.o
 .text.HAL_NVIC_SetPriorityGrouping
                0x0000000008004370       0x16 ./Drivers/STM32L4xx_HAL_Driver/stm32l4xx_hal_cortex.o
                0x0000000008004370                HAL_NVIC_SetPriorityGrouping
 .text.HAL_NVIC_SetPriority
                0x0000000008004386       0x38 ./Drivers/STM32L4xx_HAL_Driver/stm32l4xx_hal_cortex.o
                0x0000000008004386                HAL_NVIC_SetPriority
 .text.HAL_NVIC_EnableIRQ
                0x00000000080043be       0x1c ./Drivers/STM32L4xx_HAL_Driver/stm32l4xx_hal_cortex.o
                0x00000000080043be                HAL_NVIC_EnableIRQ
 .text.HAL_SYSTICK_Config
                0x00000000080043da       0x18 ./Drivers/STM32L4xx_HAL_Driver/stm32l4xx_hal_cortex.o
                0x00000000080043da                HAL_SYSTICK_Config
 *fill*         0x00000000080043f2        0x2 
 .text.HAL_DMA_Init
                0x00000000080043f4      0x170 ./Drivers/STM32L4xx_HAL_Driver/stm32l4xx_hal_dma.o
                0x00000000080043f4                HAL_DMA_Init
 .text.HAL_DMA_IRQHandler
                0x0000000008004564      0x15e ./Drivers/STM32L4xx_HAL_Driver/stm32l4xx_hal_dma.o
                0x0000000008004564                HAL_DMA_IRQHandler
 *fill*         0x00000000080046c2        0x2 
 .text.HAL_GPIO_Init
                0x00000000080046c4      0x2f4 ./Drivers/STM32L4xx_HAL_Driver/stm32l4xx_hal_gpio.o
                0x00000000080046c4                HAL_GPIO_Init
 .text.HAL_PWREx_GetVoltageRange
                0x00000000080049b8       0x1c ./Drivers/STM32L4xx_HAL_Driver/stm32l4xx_hal_pwr_ex.o
                0x00000000080049b8                HAL_PWREx_GetVoltageRange
 .text.HAL_PWREx_ControlVoltageScaling
                0x00000000080049d4       0xac ./Drivers/STM32L4xx_HAL_Driver/stm32l4xx_hal_pwr_ex.o
                0x00000000080049d4                HAL_PWREx_ControlVoltageScaling
 .text.HAL_RCC_OscConfig
                0x0000000008004a80      0x828 ./Drivers/STM32L4xx_HAL_Driver/stm32l4xx_hal_rcc.o
                0x0000000008004a80                HAL_RCC_OscConfig
 .text.HAL_RCC_ClockConfig
                0x00000000080052a8      0x200 ./Drivers/STM32L4xx_HAL_Driver/stm32l4xx_hal_rcc.o
                0x00000000080052a8                HAL_RCC_ClockConfig
 .text.HAL_RCC_GetSysClockFreq
                0x00000000080054a8      0x118 ./Drivers/STM32L4xx_HAL_Driver/stm32l4xx_hal_rcc.o
                0x00000000080054a8                HAL_RCC_GetSysClockFreq
 .text.RCC_SetFlashLatencyFromMSIRange
                0x00000000080055c0       0xc0 ./Drivers/STM32L4xx_HAL_Driver/stm32l4xx_hal_rcc.o
 .text.HAL_RCCEx_PeriphCLKConfig
                0x0000000008005680      0x430 ./Drivers/STM32L4xx_HAL_Driver/stm32l4xx_hal_rcc_ex.o
                0x0000000008005680                HAL_RCCEx_PeriphCLKConfig
 .text.RCCEx_PLLSAI1_Config
                0x0000000008005ab0      0x1e4 ./Drivers/STM32L4xx_HAL_Driver/stm32l4xx_hal_rcc_ex.o
 .text.HAL_RNG_Init
                0x0000000008005c94       0xae ./Drivers/STM32L4xx_HAL_Driver/stm32l4xx_hal_rng.o
                0x0000000008005c94                HAL_RNG_Init
 .text.HAL_SPI_Init
                0x0000000008005d42      0x146 ./Drivers/STM32L4xx_HAL_Driver/stm32l4xx_hal_spi.o
                0x0000000008005d42                HAL_SPI_Init
 .text.HAL_SPI_Transmit
                0x0000000008005e88      0x2dc ./Drivers/STM32L4xx_HAL_Driver/stm32l4xx_hal_spi.o
                0x0000000008005e88                HAL_SPI_Transmit
 .text.SPI_WaitFlagStateUntilTimeout
                0x0000000008006164      0x110 ./Drivers/STM32L4xx_HAL_Driver/stm32l4xx_hal_spi.o
 .text.SPI_WaitFifoStateUntilTimeout
                0x0000000008006274      0x12c ./Drivers/STM32L4xx_HAL_Driver/stm32l4xx_hal_spi.o
 .text.SPI_EndRxTxTransaction
                0x00000000080063a0       0x8c ./Drivers/STM32L4xx_HAL_Driver/stm32l4xx_hal_spi.o
 .text.LL_GPIO_SetPinMode
                0x000000000800642c       0x7a ./Drivers/STM32L4xx_HAL_Driver/stm32l4xx_ll_gpio.o
 .text.LL_GPIO_SetPinOutputType
                0x00000000080064a6       0x30 ./Drivers/STM32L4xx_HAL_Driver/stm32l4xx_ll_gpio.o
 .text.LL_GPIO_SetPinSpeed
                0x00000000080064d6       0x7a ./Drivers/STM32L4xx_HAL_Driver/stm32l4xx_ll_gpio.o
 .text.LL_GPIO_SetPinPull
                0x0000000008006550       0x7a ./Drivers/STM32L4xx_HAL_Driver/stm32l4xx_ll_gpio.o
 .text.LL_GPIO_SetAFPin_0_7
                0x00000000080065ca       0x7a ./Drivers/STM32L4xx_HAL_Driver/stm32l4xx_ll_gpio.o
 .text.LL_GPIO_SetAFPin_8_15
                0x0000000008006644       0x7e ./Drivers/STM32L4xx_HAL_Driver/stm32l4xx_ll_gpio.o
 .text.LL_GPIO_Init
                0x00000000080066c2       0xdc ./Drivers/STM32L4xx_HAL_Driver/stm32l4xx_ll_gpio.o
                0x00000000080066c2                LL_GPIO_Init
 *fill*         0x000000000800679e        0x2 
 .text.LL_RCC_HSI_IsReady
                0x00000000080067a0       0x28 ./Drivers/STM32L4xx_HAL_Driver/stm32l4xx_ll_rcc.o
 .text.LL_RCC_LSE_IsReady
                0x00000000080067c8       0x28 ./Drivers/STM32L4xx_HAL_Driver/stm32l4xx_ll_rcc.o
 .text.LL_RCC_MSI_IsEnabledRangeSelect
                0x00000000080067f0       0x24 ./Drivers/STM32L4xx_HAL_Driver/stm32l4xx_ll_rcc.o
 .text.LL_RCC_MSI_GetRange
                0x0000000008006814       0x1c ./Drivers/STM32L4xx_HAL_Driver/stm32l4xx_ll_rcc.o
 .text.LL_RCC_MSI_GetRangeAfterStandby
                0x0000000008006830       0x1c ./Drivers/STM32L4xx_HAL_Driver/stm32l4xx_ll_rcc.o
 .text.LL_RCC_GetSysClkSource
                0x000000000800684c       0x1c ./Drivers/STM32L4xx_HAL_Driver/stm32l4xx_ll_rcc.o
 .text.LL_RCC_GetAHBPrescaler
                0x0000000008006868       0x1c ./Drivers/STM32L4xx_HAL_Driver/stm32l4xx_ll_rcc.o
 .text.LL_RCC_GetAPB1Prescaler
                0x0000000008006884       0x1c ./Drivers/STM32L4xx_HAL_Driver/stm32l4xx_ll_rcc.o
 .text.LL_RCC_GetAPB2Prescaler
                0x00000000080068a0       0x1c ./Drivers/STM32L4xx_HAL_Driver/stm32l4xx_ll_rcc.o
 .text.LL_RCC_GetUSARTClockSource
                0x00000000080068bc       0x28 ./Drivers/STM32L4xx_HAL_Driver/stm32l4xx_ll_rcc.o
 .text.LL_RCC_PLL_GetMainSource
                0x00000000080068e4       0x1c ./Drivers/STM32L4xx_HAL_Driver/stm32l4xx_ll_rcc.o
 .text.LL_RCC_PLL_GetN
                0x0000000008006900       0x1c ./Drivers/STM32L4xx_HAL_Driver/stm32l4xx_ll_rcc.o
 .text.LL_RCC_PLL_GetR
                0x000000000800691c       0x1c ./Drivers/STM32L4xx_HAL_Driver/stm32l4xx_ll_rcc.o
 .text.LL_RCC_PLL_GetDivider
                0x0000000008006938       0x1c ./Drivers/STM32L4xx_HAL_Driver/stm32l4xx_ll_rcc.o
 .text.LL_RCC_GetUSARTClockFreq
                0x0000000008006954      0x1c8 ./Drivers/STM32L4xx_HAL_Driver/stm32l4xx_ll_rcc.o
                0x0000000008006954                LL_RCC_GetUSARTClockFreq
 .text.RCC_GetSystemClockFreq
                0x0000000008006b1c      0x120 ./Drivers/STM32L4xx_HAL_Driver/stm32l4xx_ll_rcc.o
 .text.RCC_GetHCLKClockFreq
                0x0000000008006c3c       0x2c ./Drivers/STM32L4xx_HAL_Driver/stm32l4xx_ll_rcc.o
 .text.RCC_GetPCLK1ClockFreq
                0x0000000008006c68       0x28 ./Drivers/STM32L4xx_HAL_Driver/stm32l4xx_ll_rcc.o
 .text.RCC_GetPCLK2ClockFreq
                0x0000000008006c90       0x28 ./Drivers/STM32L4xx_HAL_Driver/stm32l4xx_ll_rcc.o
 .text.RCC_PLL_GetFreqDomain_SYS
                0x0000000008006cb8      0x118 ./Drivers/STM32L4xx_HAL_Driver/stm32l4xx_ll_rcc.o
 .text.LL_TIM_SetPrescaler
                0x0000000008006dd0       0x1c ./Drivers/STM32L4xx_HAL_Driver/stm32l4xx_ll_tim.o
 .text.LL_TIM_SetAutoReload
                0x0000000008006dec       0x1c ./Drivers/STM32L4xx_HAL_Driver/stm32l4xx_ll_tim.o
 .text.LL_TIM_SetRepetitionCounter
                0x0000000008006e08       0x1c ./Drivers/STM32L4xx_HAL_Driver/stm32l4xx_ll_tim.o
 .text.LL_TIM_OC_SetCompareCH1
                0x0000000008006e24       0x1c ./Drivers/STM32L4xx_HAL_Driver/stm32l4xx_ll_tim.o
 .text.LL_TIM_OC_SetCompareCH2
                0x0000000008006e40       0x1c ./Drivers/STM32L4xx_HAL_Driver/stm32l4xx_ll_tim.o
 .text.LL_TIM_OC_SetCompareCH3
                0x0000000008006e5c       0x1c ./Drivers/STM32L4xx_HAL_Driver/stm32l4xx_ll_tim.o
 .text.LL_TIM_OC_SetCompareCH4
                0x0000000008006e78       0x1c ./Drivers/STM32L4xx_HAL_Driver/stm32l4xx_ll_tim.o
 .text.LL_TIM_OC_SetCompareCH5
                0x0000000008006e94       0x20 ./Drivers/STM32L4xx_HAL_Driver/stm32l4xx_ll_tim.o
 .text.LL_TIM_OC_SetCompareCH6
                0x0000000008006eb4       0x1c ./Drivers/STM32L4xx_HAL_Driver/stm32l4xx_ll_tim.o
 .text.LL_TIM_GenerateEvent_UPDATE
                0x0000000008006ed0       0x20 ./Drivers/STM32L4xx_HAL_Driver/stm32l4xx_ll_tim.o
 .text.LL_TIM_Init
                0x0000000008006ef0       0xbc ./Drivers/STM32L4xx_HAL_Driver/stm32l4xx_ll_tim.o
                0x0000000008006ef0                LL_TIM_Init
 .text.LL_TIM_OC_Init
                0x0000000008006fac       0xbe ./Drivers/STM32L4xx_HAL_Driver/stm32l4xx_ll_tim.o
                0x0000000008006fac                LL_TIM_OC_Init
 *fill*         0x000000000800706a        0x2 
 .text.LL_TIM_BDTR_Init
                0x000000000800706c       0xe0 ./Drivers/STM32L4xx_HAL_Driver/stm32l4xx_ll_tim.o
                0x000000000800706c                LL_TIM_BDTR_Init
 .text.OC1Config
                0x000000000800714c       0xe8 ./Drivers/STM32L4xx_HAL_Driver/stm32l4xx_ll_tim.o
 .text.OC2Config
                0x0000000008007234       0xf0 ./Drivers/STM32L4xx_HAL_Driver/stm32l4xx_ll_tim.o
 .text.OC3Config
                0x0000000008007324       0xf0 ./Drivers/STM32L4xx_HAL_Driver/stm32l4xx_ll_tim.o
 .text.OC4Config
                0x0000000008007414       0xc0 ./Drivers/STM32L4xx_HAL_Driver/stm32l4xx_ll_tim.o
 .text.OC5Config
                0x00000000080074d4       0xb0 ./Drivers/STM32L4xx_HAL_Driver/stm32l4xx_ll_tim.o
 .text.OC6Config
                0x0000000008007584       0xb0 ./Drivers/STM32L4xx_HAL_Driver/stm32l4xx_ll_tim.o
 .text.LL_USART_IsEnabled
                0x0000000008007634       0x26 ./Drivers/STM32L4xx_HAL_Driver/stm32l4xx_ll_usart.o
 .text.LL_USART_SetStopBitsLength
                0x000000000800765a       0x26 ./Drivers/STM32L4xx_HAL_Driver/stm32l4xx_ll_usart.o
 .text.LL_USART_SetHWFlowCtrl
                0x0000000008007680       0x26 ./Drivers/STM32L4xx_HAL_Driver/stm32l4xx_ll_usart.o
 .text.LL_USART_SetBaudRate
                0x00000000080076a6       0x6e ./Drivers/STM32L4xx_HAL_Driver/stm32l4xx_ll_usart.o
 .text.LL_USART_Init
                0x0000000008007714       0xcc ./Drivers/STM32L4xx_HAL_Driver/stm32l4xx_ll_usart.o
                0x0000000008007714                LL_USART_Init
 .text.__NVIC_SetPriority
                0x00000000080077e0       0x54 ./Middlewares/FreeRTOS/cmsis_os2.o
 .text.SVC_Setup
                0x0000000008007834       0x12 ./Middlewares/FreeRTOS/cmsis_os2.o
 *fill*         0x0000000008007846        0x2 
 .text.osKernelInitialize
                0x0000000008007848       0x48 ./Middlewares/FreeRTOS/cmsis_os2.o
                0x0000000008007848                osKernelInitialize
 .text.osKernelStart
                0x0000000008007890       0x4c ./Middlewares/FreeRTOS/cmsis_os2.o
                0x0000000008007890                osKernelStart
 .text.osThreadNew
                0x00000000080078dc      0x124 ./Middlewares/FreeRTOS/cmsis_os2.o
                0x00000000080078dc                osThreadNew
 .text.osDelay  0x0000000008007a00       0x36 ./Middlewares/FreeRTOS/cmsis_os2.o
                0x0000000008007a00                osDelay
 .text.osMessageQueueNew
                0x0000000008007a36       0xe6 ./Middlewares/FreeRTOS/cmsis_os2.o
                0x0000000008007a36                osMessageQueueNew
 .text.vApplicationGetIdleTaskMemory
                0x0000000008007b1c       0x34 ./Middlewares/FreeRTOS/cmsis_os2.o
                0x0000000008007b1c                vApplicationGetIdleTaskMemory
 .text.vApplicationGetTimerTaskMemory
                0x0000000008007b50       0x34 ./Middlewares/FreeRTOS/cmsis_os2.o
                0x0000000008007b50                vApplicationGetTimerTaskMemory
 .text.pvPortMalloc
                0x0000000008007b84      0x198 ./Middlewares/FreeRTOS/heap_4.o
                0x0000000008007b84                pvPortMalloc
 .text.vPortFree
                0x0000000008007d1c       0xc4 ./Middlewares/FreeRTOS/heap_4.o
                0x0000000008007d1c                vPortFree
 .text.prvHeapInit
                0x0000000008007de0       0xc4 ./Middlewares/FreeRTOS/heap_4.o
 .text.prvInsertBlockIntoFreeList
                0x0000000008007ea4       0xb4 ./Middlewares/FreeRTOS/heap_4.o
 .text.vListInitialise
                0x0000000008007f58       0x40 ./Middlewares/FreeRTOS/list.o
                0x0000000008007f58                vListInitialise
 .text.vListInitialiseItem
                0x0000000008007f98       0x1a ./Middlewares/FreeRTOS/list.o
                0x0000000008007f98                vListInitialiseItem
 .text.vListInsertEnd
                0x0000000008007fb2       0x48 ./Middlewares/FreeRTOS/list.o
                0x0000000008007fb2                vListInsertEnd
 .text.vListInsert
                0x0000000008007ffa       0x72 ./Middlewares/FreeRTOS/list.o
                0x0000000008007ffa                vListInsert
 .text.uxListRemove
                0x000000000800806c       0x54 ./Middlewares/FreeRTOS/list.o
                0x000000000800806c                uxListRemove
 .text.pxPortInitialiseStack
                0x00000000080080c0       0x68 ./Middlewares/FreeRTOS/port.o
                0x00000000080080c0                pxPortInitialiseStack
 .text.prvTaskExitError
                0x0000000008008128       0x58 ./Middlewares/FreeRTOS/port.o
 .text.SVC_Handler
                0x0000000008008180       0x28 ./Middlewares/FreeRTOS/port.o
                0x0000000008008180                SVC_Handler
 .text.prvPortStartFirstTask
                0x00000000080081a8       0x28 ./Middlewares/FreeRTOS/port.o
 .text.xPortStartScheduler
                0x00000000080081d0      0x144 ./Middlewares/FreeRTOS/port.o
                0x00000000080081d0                xPortStartScheduler
 .text.vPortEnterCritical
                0x0000000008008314       0x60 ./Middlewares/FreeRTOS/port.o
                0x0000000008008314                vPortEnterCritical
 .text.vPortExitCritical
                0x0000000008008374       0x54 ./Middlewares/FreeRTOS/port.o
                0x0000000008008374                vPortExitCritical
 *fill*         0x00000000080083c8        0x8 
 .text.PendSV_Handler
                0x00000000080083d0       0x68 ./Middlewares/FreeRTOS/port.o
                0x00000000080083d0                PendSV_Handler
 .text.xPortSysTickHandler
                0x0000000008008438       0x44 ./Middlewares/FreeRTOS/port.o
                0x0000000008008438                xPortSysTickHandler
 .text.vPortSetupTimerInterrupt
                0x000000000800847c       0x48 ./Middlewares/FreeRTOS/port.o
                0x000000000800847c                vPortSetupTimerInterrupt
 .text.vPortEnableVFP
                0x00000000080084c4       0x14 ./Middlewares/FreeRTOS/port.o
 .text.vPortValidateInterruptPriority
                0x00000000080084d8       0x80 ./Middlewares/FreeRTOS/port.o
                0x00000000080084d8                vPortValidateInterruptPriority
 .text.xQueueGenericReset
                0x0000000008008558       0xd0 ./Middlewares/FreeRTOS/queue.o
                0x0000000008008558                xQueueGenericReset
 .text.xQueueGenericCreateStatic
                0x0000000008008628       0xf0 ./Middlewares/FreeRTOS/queue.o
                0x0000000008008628                xQueueGenericCreateStatic
 .text.xQueueGenericCreate
                0x0000000008008718       0x74 ./Middlewares/FreeRTOS/queue.o
                0x0000000008008718                xQueueGenericCreate
 .text.prvInitialiseNewQueue
                0x000000000800878c       0x46 ./Middlewares/FreeRTOS/queue.o
 *fill*         0x00000000080087d2        0x2 
 .text.xQueueGenericSend
                0x00000000080087d4      0x1fc ./Middlewares/FreeRTOS/queue.o
                0x00000000080087d4                xQueueGenericSend
 .text.xQueueGenericSendFromISR
                0x00000000080089d0      0x136 ./Middlewares/FreeRTOS/queue.o
                0x00000000080089d0                xQueueGenericSendFromISR
 *fill*         0x0000000008008b06        0x2 
 .text.xQueueReceive
                0x0000000008008b08      0x1c0 ./Middlewares/FreeRTOS/queue.o
                0x0000000008008b08                xQueueReceive
 .text.prvCopyDataToQueue
                0x0000000008008cc8       0xd4 ./Middlewares/FreeRTOS/queue.o
 .text.prvCopyDataFromQueue
                0x0000000008008d9c       0x4c ./Middlewares/FreeRTOS/queue.o
 .text.prvUnlockQueue
                0x0000000008008de8       0xa4 ./Middlewares/FreeRTOS/queue.o
 .text.prvIsQueueEmpty
                0x0000000008008e8c       0x2c ./Middlewares/FreeRTOS/queue.o
 .text.prvIsQueueFull
                0x0000000008008eb8       0x30 ./Middlewares/FreeRTOS/queue.o
 .text.vQueueAddToRegistry
                0x0000000008008ee8       0x54 ./Middlewares/FreeRTOS/queue.o
                0x0000000008008ee8                vQueueAddToRegistry
 .text.vQueueWaitForMessageRestricted
                0x0000000008008f3c       0x68 ./Middlewares/FreeRTOS/queue.o
                0x0000000008008f3c                vQueueWaitForMessageRestricted
 .text.xTaskCreateStatic
                0x0000000008008fa4       0xba ./Middlewares/FreeRTOS/tasks.o
                0x0000000008008fa4                xTaskCreateStatic
 .text.xTaskCreate
                0x000000000800905e       0x8a ./Middlewares/FreeRTOS/tasks.o
                0x000000000800905e                xTaskCreate
 .text.prvInitialiseNewTask
                0x00000000080090e8      0x14c ./Middlewares/FreeRTOS/tasks.o
 .text.prvAddNewTaskToReadyList
                0x0000000008009234       0xe0 ./Middlewares/FreeRTOS/tasks.o
 .text.vTaskDelay
                0x0000000008009314       0x68 ./Middlewares/FreeRTOS/tasks.o
                0x0000000008009314                vTaskDelay
 .text.vTaskStartScheduler
                0x000000000800937c       0xe0 ./Middlewares/FreeRTOS/tasks.o
                0x000000000800937c                vTaskStartScheduler
 .text.vTaskSuspendAll
                0x000000000800945c       0x1c ./Middlewares/FreeRTOS/tasks.o
                0x000000000800945c                vTaskSuspendAll
 .text.xTaskResumeAll
                0x0000000008009478      0x13c ./Middlewares/FreeRTOS/tasks.o
                0x0000000008009478                xTaskResumeAll
 .text.xTaskGetTickCount
                0x00000000080095b4       0x20 ./Middlewares/FreeRTOS/tasks.o
                0x00000000080095b4                xTaskGetTickCount
 .text.xTaskIncrementTick
                0x00000000080095d4      0x174 ./Middlewares/FreeRTOS/tasks.o
                0x00000000080095d4                xTaskIncrementTick
 .text.vTaskSwitchContext
                0x0000000008009748       0xc8 ./Middlewares/FreeRTOS/tasks.o
                0x0000000008009748                vTaskSwitchContext
 .text.vTaskPlaceOnEventList
                0x0000000008009810       0x48 ./Middlewares/FreeRTOS/tasks.o
                0x0000000008009810                vTaskPlaceOnEventList
 .text.vTaskPlaceOnEventListRestricted
                0x0000000008009858       0x58 ./Middlewares/FreeRTOS/tasks.o
                0x0000000008009858                vTaskPlaceOnEventListRestricted
 .text.xTaskRemoveFromEventList
                0x00000000080098b0       0xc8 ./Middlewares/FreeRTOS/tasks.o
                0x00000000080098b0                xTaskRemoveFromEventList
 .text.vTaskInternalSetTimeOutState
                0x0000000008009978       0x2c ./Middlewares/FreeRTOS/tasks.o
                0x0000000008009978                vTaskInternalSetTimeOutState
 .text.xTaskCheckForTimeOut
                0x00000000080099a4       0xc4 ./Middlewares/FreeRTOS/tasks.o
                0x00000000080099a4                xTaskCheckForTimeOut
 .text.vTaskMissedYield
                0x0000000008009a68       0x18 ./Middlewares/FreeRTOS/tasks.o
                0x0000000008009a68                vTaskMissedYield
 .text.prvIdleTask
                0x0000000008009a80       0x30 ./Middlewares/FreeRTOS/tasks.o
 .text.prvInitialiseTaskLists
                0x0000000008009ab0       0x80 ./Middlewares/FreeRTOS/tasks.o
 .text.prvCheckTasksWaitingTermination
                0x0000000008009b30       0x5c ./Middlewares/FreeRTOS/tasks.o
 .text.prvDeleteTCB
                0x0000000008009b8c       0x68 ./Middlewares/FreeRTOS/tasks.o
 .text.prvResetNextTaskUnblockTime
                0x0000000008009bf4       0x40 ./Middlewares/FreeRTOS/tasks.o
 .text.xTaskGetSchedulerState
                0x0000000008009c34       0x3c ./Middlewares/FreeRTOS/tasks.o
                0x0000000008009c34                xTaskGetSchedulerState
 .text.xTaskPriorityDisinherit
                0x0000000008009c70       0xdc ./Middlewares/FreeRTOS/tasks.o
                0x0000000008009c70                xTaskPriorityDisinherit
 .text.xTaskNotifyWait
                0x0000000008009d4c       0xc0 ./Middlewares/FreeRTOS/tasks.o
                0x0000000008009d4c                xTaskNotifyWait
 .text.xTaskGenericNotify
                0x0000000008009e0c      0x17c ./Middlewares/FreeRTOS/tasks.o
                0x0000000008009e0c                xTaskGenericNotify
 .text.prvAddCurrentTaskToDelayedList
                0x0000000008009f88       0xa8 ./Middlewares/FreeRTOS/tasks.o
 .text.xTimerCreateTimerTask
                0x000000000800a030       0x90 ./Middlewares/FreeRTOS/timers.o
                0x000000000800a030                xTimerCreateTimerTask
 .text.xTimerGenericCommand
                0x000000000800a0c0       0x9c ./Middlewares/FreeRTOS/timers.o
                0x000000000800a0c0                xTimerGenericCommand
 .text.prvProcessExpiredTimer
                0x000000000800a15c       0x98 ./Middlewares/FreeRTOS/timers.o
 .text.prvTimerTask
                0x000000000800a1f4       0x24 ./Middlewares/FreeRTOS/timers.o
 .text.prvProcessTimerOrBlockTask
                0x000000000800a218       0x9c ./Middlewares/FreeRTOS/timers.o
 .text.prvGetNextExpireTime
                0x000000000800a2b4       0x48 ./Middlewares/FreeRTOS/timers.o
 .text.prvSampleTimeNow
                0x000000000800a2fc       0x40 ./Middlewares/FreeRTOS/timers.o
 .text.prvInsertTimerInActiveList
                0x000000000800a33c       0x84 ./Middlewares/FreeRTOS/timers.o
 .text.prvProcessReceivedCommands
                0x000000000800a3c0      0x1c4 ./Middlewares/FreeRTOS/timers.o
 .text.prvSwitchTimerLists
                0x000000000800a584       0xc8 ./Middlewares/FreeRTOS/timers.o
 .text.prvCheckForValidListAndQueue
                0x000000000800a64c       0x80 ./Middlewares/FreeRTOS/timers.o
 .text.__libc_init_array
                0x000000000800a6cc       0x48 c:/st/stm32cubeide_1.12.0/stm32cubeide/plugins/com.st.stm32cube.ide.mcu.externaltools.gnu-tools-for-stm32.10.3-2021.10.win32_1.0.200.202301161003/tools/bin/../lib/gcc/arm-none-eabi/10.3.1/../../../../arm-none-eabi/lib/thumb/v7e-m+fp/hard\libc_nano.a(lib_a-init.o)
                0x000000000800a6cc                __libc_init_array
 .text.__retarget_lock_acquire_recursive
                0x000000000800a714        0x2 c:/st/stm32cubeide_1.12.0/stm32cubeide/plugins/com.st.stm32cube.ide.mcu.externaltools.gnu-tools-for-stm32.10.3-2021.10.win32_1.0.200.202301161003/tools/bin/../lib/gcc/arm-none-eabi/10.3.1/../../../../arm-none-eabi/lib/thumb/v7e-m+fp/hard\libc_nano.a(lib_a-lock.o)
                0x000000000800a714                __retarget_lock_acquire_recursive
 .text.__retarget_lock_release_recursive
                0x000000000800a716        0x2 c:/st/stm32cubeide_1.12.0/stm32cubeide/plugins/com.st.stm32cube.ide.mcu.externaltools.gnu-tools-for-stm32.10.3-2021.10.win32_1.0.200.202301161003/tools/bin/../lib/gcc/arm-none-eabi/10.3.1/../../../../arm-none-eabi/lib/thumb/v7e-m+fp/hard\libc_nano.a(lib_a-lock.o)
                0x000000000800a716                __retarget_lock_release_recursive
 .text.memcpy   0x000000000800a718       0x1c c:/st/stm32cubeide_1.12.0/stm32cubeide/plugins/com.st.stm32cube.ide.mcu.externaltools.gnu-tools-for-stm32.10.3-2021.10.win32_1.0.200.202301161003/tools/bin/../lib/gcc/arm-none-eabi/10.3.1/../../../../arm-none-eabi/lib/thumb/v7e-m+fp/hard\libc_nano.a(lib_a-memcpy-stub.o)
                0x000000000800a718                memcpy
 .text.memset   0x000000000800a734       0x10 c:/st/stm32cubeide_1.12.0/stm32cubeide/plugins/com.st.stm32cube.ide.mcu.externaltools.gnu-tools-for-stm32.10.3-2021.10.win32_1.0.200.202301161003/tools/bin/../lib/gcc/arm-none-eabi/10.3.1/../../../../arm-none-eabi/lib/thumb/v7e-m+fp/hard\libc_nano.a(lib_a-memset.o)
                0x000000000800a734                memset
 .text.cleanup_glue
                0x000000000800a744       0x1a c:/st/stm32cubeide_1.12.0/stm32cubeide/plugins/com.st.stm32cube.ide.mcu.externaltools.gnu-tools-for-stm32.10.3-2021.10.win32_1.0.200.202301161003/tools/bin/../lib/gcc/arm-none-eabi/10.3.1/../../../../arm-none-eabi/lib/thumb/v7e-m+fp/hard\libc_nano.a(lib_a-reent.o)
                0x000000000800a744                cleanup_glue
 *fill*         0x000000000800a75e        0x2 
 .text._reclaim_reent
                0x000000000800a760       0xb8 c:/st/stm32cubeide_1.12.0/stm32cubeide/plugins/com.st.stm32cube.ide.mcu.externaltools.gnu-tools-for-stm32.10.3-2021.10.win32_1.0.200.202301161003/tools/bin/../lib/gcc/arm-none-eabi/10.3.1/../../../../arm-none-eabi/lib/thumb/v7e-m+fp/hard\libc_nano.a(lib_a-reent.o)
                0x000000000800a760                _reclaim_reent
 .text.__malloc_lock
                0x000000000800a818        0xc c:/st/stm32cubeide_1.12.0/stm32cubeide/plugins/com.st.stm32cube.ide.mcu.externaltools.gnu-tools-for-stm32.10.3-2021.10.win32_1.0.200.202301161003/tools/bin/../lib/gcc/arm-none-eabi/10.3.1/../../../../arm-none-eabi/lib/thumb/v7e-m+fp/hard\libc_nano.a(lib_a-mlock.o)
                0x000000000800a818                __malloc_lock
 .text.__malloc_unlock
                0x000000000800a824        0xc c:/st/stm32cubeide_1.12.0/stm32cubeide/plugins/com.st.stm32cube.ide.mcu.externaltools.gnu-tools-for-stm32.10.3-2021.10.win32_1.0.200.202301161003/tools/bin/../lib/gcc/arm-none-eabi/10.3.1/../../../../arm-none-eabi/lib/thumb/v7e-m+fp/hard\libc_nano.a(lib_a-mlock.o)
                0x000000000800a824                __malloc_unlock
 .text._free_r  0x000000000800a830       0x98 c:/st/stm32cubeide_1.12.0/stm32cubeide/plugins/com.st.stm32cube.ide.mcu.externaltools.gnu-tools-for-stm32.10.3-2021.10.win32_1.0.200.202301161003/tools/bin/../lib/gcc/arm-none-eabi/10.3.1/../../../../arm-none-eabi/lib/thumb/v7e-m+fp/hard\libc_nano.a(lib_a-nano-freer.o)
                0x000000000800a830                _free_r
 .text.llroundf
                0x000000000800a8c8       0x78 c:/st/stm32cubeide_1.12.0/stm32cubeide/plugins/com.st.stm32cube.ide.mcu.externaltools.gnu-tools-for-stm32.10.3-2021.10.win32_1.0.200.202301161003/tools/bin/../lib/gcc/arm-none-eabi/10.3.1/../../../../arm-none-eabi/lib/thumb/v7e-m+fp/hard\libm.a(lib_a-sf_llround.o)
                0x000000000800a8c8                llroundf
 *(.glue_7)
 .glue_7        0x000000000800a940        0x0 linker stubs
 *(.glue_7t)
 .glue_7t       0x000000000800a940        0x0 linker stubs
 *(.eh_frame)
 .eh_frame      0x000000000800a940        0x0 c:/st/stm32cubeide_1.12.0/stm32cubeide/plugins/com.st.stm32cube.ide.mcu.externaltools.gnu-tools-for-stm32.10.3-2021.10.win32_1.0.200.202301161003/tools/bin/../lib/gcc/arm-none-eabi/10.3.1/thumb/v7e-m+fp/hard/crtbegin.o
 *(.init)
 .init          0x000000000800a940        0x4 c:/st/stm32cubeide_1.12.0/stm32cubeide/plugins/com.st.stm32cube.ide.mcu.externaltools.gnu-tools-for-stm32.10.3-2021.10.win32_1.0.200.202301161003/tools/bin/../lib/gcc/arm-none-eabi/10.3.1/thumb/v7e-m+fp/hard/crti.o
                0x000000000800a940                _init
 .init          0x000000000800a944        0x8 c:/st/stm32cubeide_1.12.0/stm32cubeide/plugins/com.st.stm32cube.ide.mcu.externaltools.gnu-tools-for-stm32.10.3-2021.10.win32_1.0.200.202301161003/tools/bin/../lib/gcc/arm-none-eabi/10.3.1/thumb/v7e-m+fp/hard/crtn.o
 *(.fini)
 .fini          0x000000000800a94c        0x4 c:/st/stm32cubeide_1.12.0/stm32cubeide/plugins/com.st.stm32cube.ide.mcu.externaltools.gnu-tools-for-stm32.10.3-2021.10.win32_1.0.200.202301161003/tools/bin/../lib/gcc/arm-none-eabi/10.3.1/thumb/v7e-m+fp/hard/crti.o
                0x000000000800a94c                _fini
 .fini          0x000000000800a950        0x8 c:/st/stm32cubeide_1.12.0/stm32cubeide/plugins/com.st.stm32cube.ide.mcu.externaltools.gnu-tools-for-stm32.10.3-2021.10.win32_1.0.200.202301161003/tools/bin/../lib/gcc/arm-none-eabi/10.3.1/thumb/v7e-m+fp/hard/crtn.o
                0x000000000800a958                . = ALIGN (0x4)
                0x000000000800a958                _etext = .

.vfp11_veneer   0x000000000800a958        0x0
 .vfp11_veneer  0x000000000800a958        0x0 linker stubs

.v4_bx          0x000000000800a958        0x0
 .v4_bx         0x000000000800a958        0x0 linker stubs

.iplt           0x000000000800a958        0x0
 .iplt          0x000000000800a958        0x0 c:/st/stm32cubeide_1.12.0/stm32cubeide/plugins/com.st.stm32cube.ide.mcu.externaltools.gnu-tools-for-stm32.10.3-2021.10.win32_1.0.200.202301161003/tools/bin/../lib/gcc/arm-none-eabi/10.3.1/thumb/v7e-m+fp/hard/crtbegin.o

.rodata         0x000000000800a958      0x1ac
                0x000000000800a958                . = ALIGN (0x4)
 *(.rodata)
 .rodata        0x000000000800a958       0x23 ./Core/Src/freertos.o
 *fill*         0x000000000800a97b        0x1 
 .rodata        0x000000000800a97c       0x2a ./Core/Src/spi.o
 *fill*         0x000000000800a9a6        0x2 
 .rodata        0x000000000800a9a8        0x5 ./Middlewares/FreeRTOS/tasks.o
 *fill*         0x000000000800a9ad        0x3 
 .rodata        0x000000000800a9b0        0xd ./Middlewares/FreeRTOS/timers.o
 *(.rodata*)
 *fill*         0x000000000800a9bd        0x3 
 .rodata.CanTask_attributes
                0x000000000800a9c0       0x24 ./Core/Src/freertos.o
                0x000000000800a9c0                CanTask_attributes
 .rodata.TxMgr_attributes
                0x000000000800a9e4       0x24 ./Core/Src/freertos.o
                0x000000000800a9e4                TxMgr_attributes
 .rodata.Blink_attributes
                0x000000000800aa08       0x24 ./Core/Src/freertos.o
                0x000000000800aa08                Blink_attributes
 .rodata.CANRxQueue_attributes
                0x000000000800aa2c       0x18 ./Core/Src/freertos.o
                0x000000000800aa2c                CANRxQueue_attributes
 .rodata.AHBPrescTable
                0x000000000800aa44       0x10 ./Core/Src/system_stm32l4xx.o
                0x000000000800aa44                AHBPrescTable
 .rodata.APBPrescTable
                0x000000000800aa54        0x8 ./Core/Src/system_stm32l4xx.o
                0x000000000800aa54                APBPrescTable
 .rodata.MSIRangeTable
                0x000000000800aa5c       0x30 ./Core/Src/system_stm32l4xx.o
                0x000000000800aa5c                MSIRangeTable
 .rodata.OFFSET_TAB_CCMRx
                0x000000000800aa8c        0x9 ./Core/Src/tim.o
 *fill*         0x000000000800aa95        0x3 
 .rodata.SHIFT_TAB_OCxx
                0x000000000800aa98        0x9 ./Core/Src/tim.o
 *fill*         0x000000000800aaa1        0x3 
 .rodata.__sf_fake_stderr
                0x000000000800aaa4       0x20 c:/st/stm32cubeide_1.12.0/stm32cubeide/plugins/com.st.stm32cube.ide.mcu.externaltools.gnu-tools-for-stm32.10.3-2021.10.win32_1.0.200.202301161003/tools/bin/../lib/gcc/arm-none-eabi/10.3.1/../../../../arm-none-eabi/lib/thumb/v7e-m+fp/hard\libc_nano.a(lib_a-findfp.o)
                0x000000000800aaa4                __sf_fake_stderr
 .rodata.__sf_fake_stdin
                0x000000000800aac4       0x20 c:/st/stm32cubeide_1.12.0/stm32cubeide/plugins/com.st.stm32cube.ide.mcu.externaltools.gnu-tools-for-stm32.10.3-2021.10.win32_1.0.200.202301161003/tools/bin/../lib/gcc/arm-none-eabi/10.3.1/../../../../arm-none-eabi/lib/thumb/v7e-m+fp/hard\libc_nano.a(lib_a-findfp.o)
                0x000000000800aac4                __sf_fake_stdin
 .rodata.__sf_fake_stdout
                0x000000000800aae4       0x20 c:/st/stm32cubeide_1.12.0/stm32cubeide/plugins/com.st.stm32cube.ide.mcu.externaltools.gnu-tools-for-stm32.10.3-2021.10.win32_1.0.200.202301161003/tools/bin/../lib/gcc/arm-none-eabi/10.3.1/../../../../arm-none-eabi/lib/thumb/v7e-m+fp/hard\libc_nano.a(lib_a-findfp.o)
                0x000000000800aae4                __sf_fake_stdout
                0x000000000800ab04                . = ALIGN (0x4)

.ARM.extab      0x000000000800ab04        0x0
                0x000000000800ab04                . = ALIGN (0x4)
 *(.ARM.extab* .gnu.linkonce.armextab.*)
                0x000000000800ab04                . = ALIGN (0x4)

.ARM            0x000000000800ab04        0x8
                0x000000000800ab04                . = ALIGN (0x4)
                0x000000000800ab04                __exidx_start = .
 *(.ARM.exidx*)
 .ARM.exidx     0x000000000800ab04        0x8 c:/st/stm32cubeide_1.12.0/stm32cubeide/plugins/com.st.stm32cube.ide.mcu.externaltools.gnu-tools-for-stm32.10.3-2021.10.win32_1.0.200.202301161003/tools/bin/../lib/gcc/arm-none-eabi/10.3.1/thumb/v7e-m+fp/hard\libgcc.a(_udivmoddi4.o)
                0x000000000800ab0c                __exidx_end = .
                0x000000000800ab0c                . = ALIGN (0x4)

.rel.dyn        0x000000000800ab0c        0x0
 .rel.iplt      0x000000000800ab0c        0x0 c:/st/stm32cubeide_1.12.0/stm32cubeide/plugins/com.st.stm32cube.ide.mcu.externaltools.gnu-tools-for-stm32.10.3-2021.10.win32_1.0.200.202301161003/tools/bin/../lib/gcc/arm-none-eabi/10.3.1/thumb/v7e-m+fp/hard/crtbegin.o

.preinit_array  0x000000000800ab0c        0x0
                0x000000000800ab0c                . = ALIGN (0x4)
                0x000000000800ab0c                PROVIDE (__preinit_array_start = .)
 *(.preinit_array*)
                0x000000000800ab0c                PROVIDE (__preinit_array_end = .)
                0x000000000800ab0c                . = ALIGN (0x4)

.init_array     0x000000000800ab0c        0x4
                0x000000000800ab0c                . = ALIGN (0x4)
                0x000000000800ab0c                PROVIDE (__init_array_start = .)
 *(SORT_BY_NAME(.init_array.*))
 *(.init_array*)
 .init_array    0x000000000800ab0c        0x4 c:/st/stm32cubeide_1.12.0/stm32cubeide/plugins/com.st.stm32cube.ide.mcu.externaltools.gnu-tools-for-stm32.10.3-2021.10.win32_1.0.200.202301161003/tools/bin/../lib/gcc/arm-none-eabi/10.3.1/thumb/v7e-m+fp/hard/crtbegin.o
                0x000000000800ab10                PROVIDE (__init_array_end = .)
                0x000000000800ab10                . = ALIGN (0x4)

.fini_array     0x000000000800ab10        0x4
                0x000000000800ab10                . = ALIGN (0x4)
                [!provide]                        PROVIDE (__fini_array_start = .)
 *(SORT_BY_NAME(.fini_array.*))
 *(.fini_array*)
 .fini_array    0x000000000800ab10        0x4 c:/st/stm32cubeide_1.12.0/stm32cubeide/plugins/com.st.stm32cube.ide.mcu.externaltools.gnu-tools-for-stm32.10.3-2021.10.win32_1.0.200.202301161003/tools/bin/../lib/gcc/arm-none-eabi/10.3.1/thumb/v7e-m+fp/hard/crtbegin.o
                [!provide]                        PROVIDE (__fini_array_end = .)
                0x000000000800ab14                . = ALIGN (0x4)
                0x000000000800ab14                _sidata = LOADADDR (.data)

.data           0x0000000020000000       0x78 load address 0x000000000800ab14
                0x0000000020000000                . = ALIGN (0x4)
                0x0000000020000000                _sdata = .
 *(.data)
 *(.data*)
 .data.TIPLL_DENQ
                0x0000000020000000        0x1 ./Core/Src/spi.o
                0x0000000020000000                TIPLL_DENQ
 *fill*         0x0000000020000001        0x3 
 .data.SystemCoreClock
                0x0000000020000004        0x4 ./Core/Src/system_stm32l4xx.o
                0x0000000020000004                SystemCoreClock
 .data.uwTickPrio
                0x0000000020000008        0x4 ./Drivers/STM32L4xx_HAL_Driver/stm32l4xx_hal.o
                0x0000000020000008                uwTickPrio
 .data.uwTickFreq
                0x000000002000000c        0x1 ./Drivers/STM32L4xx_HAL_Driver/stm32l4xx_hal.o
                0x000000002000000c                uwTickFreq
 *fill*         0x000000002000000d        0x3 
 .data.uxCriticalNesting
                0x0000000020000010        0x4 ./Middlewares/FreeRTOS/port.o
 .data._impure_ptr
                0x0000000020000014        0x4 c:/st/stm32cubeide_1.12.0/stm32cubeide/plugins/com.st.stm32cube.ide.mcu.externaltools.gnu-tools-for-stm32.10.3-2021.10.win32_1.0.200.202301161003/tools/bin/../lib/gcc/arm-none-eabi/10.3.1/../../../../arm-none-eabi/lib/thumb/v7e-m+fp/hard\libc_nano.a(lib_a-impure.o)
                0x0000000020000014                _impure_ptr
 .data.impure_data
                0x0000000020000018       0x60 c:/st/stm32cubeide_1.12.0/stm32cubeide/plugins/com.st.stm32cube.ide.mcu.externaltools.gnu-tools-for-stm32.10.3-2021.10.win32_1.0.200.202301161003/tools/bin/../lib/gcc/arm-none-eabi/10.3.1/../../../../arm-none-eabi/lib/thumb/v7e-m+fp/hard\libc_nano.a(lib_a-impure.o)
 *(.RamFunc)
 *(.RamFunc*)
                0x0000000020000078                . = ALIGN (0x4)
                0x0000000020000078                _edata = .

.igot.plt       0x0000000020000078        0x0 load address 0x000000000800ab8c
 .igot.plt      0x0000000020000078        0x0 c:/st/stm32cubeide_1.12.0/stm32cubeide/plugins/com.st.stm32cube.ide.mcu.externaltools.gnu-tools-for-stm32.10.3-2021.10.win32_1.0.200.202301161003/tools/bin/../lib/gcc/arm-none-eabi/10.3.1/thumb/v7e-m+fp/hard/crtbegin.o
                0x0000000020000078                . = ALIGN (0x4)

.bss            0x0000000020000078     0x27c8 load address 0x000000000800ab8c
                0x0000000020000078                _sbss = .
                0x0000000020000078                __bss_start__ = _sbss
 *(.bss)
 .bss           0x0000000020000078       0x1c c:/st/stm32cubeide_1.12.0/stm32cubeide/plugins/com.st.stm32cube.ide.mcu.externaltools.gnu-tools-for-stm32.10.3-2021.10.win32_1.0.200.202301161003/tools/bin/../lib/gcc/arm-none-eabi/10.3.1/thumb/v7e-m+fp/hard/crtbegin.o
 *(.bss*)
 .bss.hadc1     0x0000000020000094       0x64 ./Core/Src/adc.o
                0x0000000020000094                hadc1
 .bss.hdma_adc1
                0x00000000200000f8       0x48 ./Core/Src/adc.o
                0x00000000200000f8                hdma_adc1
 .bss.can1Filter0
                0x0000000020000140       0x28 ./Core/Src/can.o
                0x0000000020000140                can1Filter0
 .bss.canRxHeader
                0x0000000020000168       0x1c ./Core/Src/can.o
                0x0000000020000168                canRxHeader
 .bss.canRxData
                0x0000000020000184       0x40 ./Core/Src/can.o
                0x0000000020000184                canRxData
 .bss.hcan1     0x00000000200001c4       0x64 ./Core/Src/can.o
                0x00000000200001c4                hcan1
 .bss.CanTaskHandle
                0x0000000020000228        0x4 ./Core/Src/freertos.o
                0x0000000020000228                CanTaskHandle
 .bss.TxMgrHandle
                0x000000002000022c        0x4 ./Core/Src/freertos.o
                0x000000002000022c                TxMgrHandle
 .bss.BlinkHandle
                0x0000000020000230        0x4 ./Core/Src/freertos.o
                0x0000000020000230                BlinkHandle
 .bss.CANRxQueueHandle
                0x0000000020000234        0x4 ./Core/Src/freertos.o
                0x0000000020000234                CANRxQueueHandle
 .bss.hrng      0x0000000020000238       0x10 ./Core/Src/rng.o
                0x0000000020000238                hrng
 .bss.hspi2     0x0000000020000248       0x64 ./Core/Src/spi.o
                0x0000000020000248                hspi2
 .bss.RFBPllData
                0x00000000200002ac        0x8 ./Core/Src/spi.o
                0x00000000200002ac                RFBPllData
 .bss.uwTick    0x00000000200002b4        0x4 ./Drivers/STM32L4xx_HAL_Driver/stm32l4xx_hal.o
                0x00000000200002b4                uwTick
 .bss.KernelState
                0x00000000200002b8        0x4 ./Middlewares/FreeRTOS/cmsis_os2.o
 .bss.Idle_TCB.3
                0x00000000200002bc       0xbc ./Middlewares/FreeRTOS/cmsis_os2.o
 .bss.Idle_Stack.2
                0x0000000020000378      0x200 ./Middlewares/FreeRTOS/cmsis_os2.o
 .bss.Timer_TCB.1
                0x0000000020000578       0xbc ./Middlewares/FreeRTOS/cmsis_os2.o
 .bss.Timer_Stack.0
                0x0000000020000634      0x400 ./Middlewares/FreeRTOS/cmsis_os2.o
 .bss.ucHeap    0x0000000020000a34     0x1770 ./Middlewares/FreeRTOS/heap_4.o
 .bss.xStart    0x00000000200021a4        0x8 ./Middlewares/FreeRTOS/heap_4.o
 .bss.pxEnd     0x00000000200021ac        0x4 ./Middlewares/FreeRTOS/heap_4.o
 .bss.xFreeBytesRemaining
                0x00000000200021b0        0x4 ./Middlewares/FreeRTOS/heap_4.o
 .bss.xMinimumEverFreeBytesRemaining
                0x00000000200021b4        0x4 ./Middlewares/FreeRTOS/heap_4.o
 .bss.xNumberOfSuccessfulAllocations
                0x00000000200021b8        0x4 ./Middlewares/FreeRTOS/heap_4.o
 .bss.xNumberOfSuccessfulFrees
                0x00000000200021bc        0x4 ./Middlewares/FreeRTOS/heap_4.o
 .bss.xBlockAllocatedBit
                0x00000000200021c0        0x4 ./Middlewares/FreeRTOS/heap_4.o
 .bss.ucMaxSysCallPriority
                0x00000000200021c4        0x1 ./Middlewares/FreeRTOS/port.o
 *fill*         0x00000000200021c5        0x3 
 .bss.ulMaxPRIGROUPValue
                0x00000000200021c8        0x4 ./Middlewares/FreeRTOS/port.o
 .bss.xQueueRegistry
                0x00000000200021cc       0x40 ./Middlewares/FreeRTOS/queue.o
                0x00000000200021cc                xQueueRegistry
 .bss.pxCurrentTCB
                0x000000002000220c        0x4 ./Middlewares/FreeRTOS/tasks.o
                0x000000002000220c                pxCurrentTCB
 .bss.pxReadyTasksLists
                0x0000000020002210      0x460 ./Middlewares/FreeRTOS/tasks.o
 .bss.xDelayedTaskList1
                0x0000000020002670       0x14 ./Middlewares/FreeRTOS/tasks.o
 .bss.xDelayedTaskList2
                0x0000000020002684       0x14 ./Middlewares/FreeRTOS/tasks.o
 .bss.pxDelayedTaskList
                0x0000000020002698        0x4 ./Middlewares/FreeRTOS/tasks.o
 .bss.pxOverflowDelayedTaskList
                0x000000002000269c        0x4 ./Middlewares/FreeRTOS/tasks.o
 .bss.xPendingReadyList
                0x00000000200026a0       0x14 ./Middlewares/FreeRTOS/tasks.o
 .bss.xTasksWaitingTermination
                0x00000000200026b4       0x14 ./Middlewares/FreeRTOS/tasks.o
 .bss.uxDeletedTasksWaitingCleanUp
                0x00000000200026c8        0x4 ./Middlewares/FreeRTOS/tasks.o
 .bss.xSuspendedTaskList
                0x00000000200026cc       0x14 ./Middlewares/FreeRTOS/tasks.o
 .bss.uxCurrentNumberOfTasks
                0x00000000200026e0        0x4 ./Middlewares/FreeRTOS/tasks.o
 .bss.xTickCount
                0x00000000200026e4        0x4 ./Middlewares/FreeRTOS/tasks.o
 .bss.uxTopReadyPriority
                0x00000000200026e8        0x4 ./Middlewares/FreeRTOS/tasks.o
 .bss.xSchedulerRunning
                0x00000000200026ec        0x4 ./Middlewares/FreeRTOS/tasks.o
 .bss.xPendedTicks
                0x00000000200026f0        0x4 ./Middlewares/FreeRTOS/tasks.o
 .bss.xYieldPending
                0x00000000200026f4        0x4 ./Middlewares/FreeRTOS/tasks.o
 .bss.xNumOfOverflows
                0x00000000200026f8        0x4 ./Middlewares/FreeRTOS/tasks.o
 .bss.uxTaskNumber
                0x00000000200026fc        0x4 ./Middlewares/FreeRTOS/tasks.o
 .bss.xNextTaskUnblockTime
                0x0000000020002700        0x4 ./Middlewares/FreeRTOS/tasks.o
 .bss.xIdleTaskHandle
                0x0000000020002704        0x4 ./Middlewares/FreeRTOS/tasks.o
 .bss.uxSchedulerSuspended
                0x0000000020002708        0x4 ./Middlewares/FreeRTOS/tasks.o
 .bss.xActiveTimerList1
                0x000000002000270c       0x14 ./Middlewares/FreeRTOS/timers.o
 .bss.xActiveTimerList2
                0x0000000020002720       0x14 ./Middlewares/FreeRTOS/timers.o
 .bss.pxCurrentTimerList
                0x0000000020002734        0x4 ./Middlewares/FreeRTOS/timers.o
 .bss.pxOverflowTimerList
                0x0000000020002738        0x4 ./Middlewares/FreeRTOS/timers.o
 .bss.xTimerQueue
                0x000000002000273c        0x4 ./Middlewares/FreeRTOS/timers.o
 .bss.xTimerTaskHandle
                0x0000000020002740        0x4 ./Middlewares/FreeRTOS/timers.o
 .bss.xLastTime.2
                0x0000000020002744        0x4 ./Middlewares/FreeRTOS/timers.o
 .bss.ucStaticTimerQueueStorage.1
                0x0000000020002748       0xa0 ./Middlewares/FreeRTOS/timers.o
 .bss.xStaticTimerQueue.0
                0x00000000200027e8       0x50 ./Middlewares/FreeRTOS/timers.o
 .bss.__lock___malloc_recursive_mutex
                0x0000000020002838        0x1 c:/st/stm32cubeide_1.12.0/stm32cubeide/plugins/com.st.stm32cube.ide.mcu.externaltools.gnu-tools-for-stm32.10.3-2021.10.win32_1.0.200.202301161003/tools/bin/../lib/gcc/arm-none-eabi/10.3.1/../../../../arm-none-eabi/lib/thumb/v7e-m+fp/hard\libc_nano.a(lib_a-lock.o)
                0x0000000020002838                __lock___malloc_recursive_mutex
 *fill*         0x0000000020002839        0x3 
 .bss.__malloc_free_list
                0x000000002000283c        0x4 c:/st/stm32cubeide_1.12.0/stm32cubeide/plugins/com.st.stm32cube.ide.mcu.externaltools.gnu-tools-for-stm32.10.3-2021.10.win32_1.0.200.202301161003/tools/bin/../lib/gcc/arm-none-eabi/10.3.1/../../../../arm-none-eabi/lib/thumb/v7e-m+fp/hard\libc_nano.a(lib_a-nano-mallocr.o)
                0x000000002000283c                __malloc_free_list
 *(COMMON)
                0x0000000020002840                . = ALIGN (0x4)
                0x0000000020002840                _ebss = .
                0x0000000020002840                __bss_end__ = _ebss

._user_heap_stack
                0x0000000020002840      0x600 load address 0x000000000800ab8c
                0x0000000020002840                . = ALIGN (0x8)
                [!provide]                        PROVIDE (end = .)
                0x0000000020002840                PROVIDE (_end = .)
                0x0000000020002a40                . = (. + _Min_Heap_Size)
 *fill*         0x0000000020002840      0x200 
                0x0000000020002e40                . = (. + _Min_Stack_Size)
 *fill*         0x0000000020002a40      0x400 
                0x0000000020002e40                . = ALIGN (0x8)

/DISCARD/
 libc.a(*)
 libm.a(*)
 libgcc.a(*)

.ARM.attributes
                0x0000000000000000       0x30
 *(.ARM.attributes)
 .ARM.attributes
                0x0000000000000000       0x1e c:/st/stm32cubeide_1.12.0/stm32cubeide/plugins/com.st.stm32cube.ide.mcu.externaltools.gnu-tools-for-stm32.10.3-2021.10.win32_1.0.200.202301161003/tools/bin/../lib/gcc/arm-none-eabi/10.3.1/thumb/v7e-m+fp/hard/crti.o
 .ARM.attributes
                0x000000000000001e       0x34 c:/st/stm32cubeide_1.12.0/stm32cubeide/plugins/com.st.stm32cube.ide.mcu.externaltools.gnu-tools-for-stm32.10.3-2021.10.win32_1.0.200.202301161003/tools/bin/../lib/gcc/arm-none-eabi/10.3.1/thumb/v7e-m+fp/hard/crtbegin.o
 .ARM.attributes
                0x0000000000000052       0x34 ./Core/Src/adc.o
 .ARM.attributes
                0x0000000000000086       0x34 ./Core/Src/can.o
 .ARM.attributes
                0x00000000000000ba       0x34 ./Core/Src/dma.o
 .ARM.attributes
                0x00000000000000ee       0x34 ./Core/Src/freertos.o
 .ARM.attributes
                0x0000000000000122       0x34 ./Core/Src/gpio.o
 .ARM.attributes
                0x0000000000000156       0x34 ./Core/Src/main.o
 .ARM.attributes
                0x000000000000018a       0x34 ./Core/Src/rng.o
 .ARM.attributes
                0x00000000000001be       0x34 ./Core/Src/spi.o
 .ARM.attributes
                0x00000000000001f2       0x34 ./Core/Src/stm32l4xx_hal_msp.o
 .ARM.attributes
                0x0000000000000226       0x34 ./Core/Src/stm32l4xx_it.o
 .ARM.attributes
                0x000000000000025a       0x34 ./Core/Src/system_stm32l4xx.o
 .ARM.attributes
                0x000000000000028e       0x34 ./Core/Src/tim.o
 .ARM.attributes
                0x00000000000002c2       0x34 ./Core/Src/usart.o
 .ARM.attributes
                0x00000000000002f6       0x21 ./Core/Startup/startup_stm32l431cctx.o
 .ARM.attributes
                0x0000000000000317       0x34 ./Drivers/STM32L4xx_HAL_Driver/stm32l4xx_hal.o
 .ARM.attributes
                0x000000000000034b       0x34 ./Drivers/STM32L4xx_HAL_Driver/stm32l4xx_hal_adc.o
 .ARM.attributes
                0x000000000000037f       0x34 ./Drivers/STM32L4xx_HAL_Driver/stm32l4xx_hal_adc_ex.o
 .ARM.attributes
                0x00000000000003b3       0x34 ./Drivers/STM32L4xx_HAL_Driver/stm32l4xx_hal_can.o
 .ARM.attributes
                0x00000000000003e7       0x34 ./Drivers/STM32L4xx_HAL_Driver/stm32l4xx_hal_cortex.o
 .ARM.attributes
                0x000000000000041b       0x34 ./Drivers/STM32L4xx_HAL_Driver/stm32l4xx_hal_dma.o
 .ARM.attributes
                0x000000000000044f       0x34 ./Drivers/STM32L4xx_HAL_Driver/stm32l4xx_hal_gpio.o
 .ARM.attributes
                0x0000000000000483       0x34 ./Drivers/STM32L4xx_HAL_Driver/stm32l4xx_hal_pwr_ex.o
 .ARM.attributes
                0x00000000000004b7       0x34 ./Drivers/STM32L4xx_HAL_Driver/stm32l4xx_hal_rcc.o
 .ARM.attributes
                0x00000000000004eb       0x34 ./Drivers/STM32L4xx_HAL_Driver/stm32l4xx_hal_rcc_ex.o
 .ARM.attributes
                0x000000000000051f       0x34 ./Drivers/STM32L4xx_HAL_Driver/stm32l4xx_hal_rng.o
 .ARM.attributes
                0x0000000000000553       0x34 ./Drivers/STM32L4xx_HAL_Driver/stm32l4xx_hal_spi.o
 .ARM.attributes
                0x0000000000000587       0x34 ./Drivers/STM32L4xx_HAL_Driver/stm32l4xx_ll_gpio.o
 .ARM.attributes
                0x00000000000005bb       0x34 ./Drivers/STM32L4xx_HAL_Driver/stm32l4xx_ll_rcc.o
 .ARM.attributes
                0x00000000000005ef       0x34 ./Drivers/STM32L4xx_HAL_Driver/stm32l4xx_ll_tim.o
 .ARM.attributes
                0x0000000000000623       0x34 ./Drivers/STM32L4xx_HAL_Driver/stm32l4xx_ll_usart.o
 .ARM.attributes
                0x0000000000000657       0x34 ./Middlewares/FreeRTOS/cmsis_os2.o
 .ARM.attributes
                0x000000000000068b       0x34 ./Middlewares/FreeRTOS/heap_4.o
 .ARM.attributes
                0x00000000000006bf       0x34 ./Middlewares/FreeRTOS/list.o
 .ARM.attributes
                0x00000000000006f3       0x34 ./Middlewares/FreeRTOS/port.o
 .ARM.attributes
                0x0000000000000727       0x34 ./Middlewares/FreeRTOS/queue.o
 .ARM.attributes
                0x000000000000075b       0x34 ./Middlewares/FreeRTOS/tasks.o
 .ARM.attributes
                0x000000000000078f       0x34 ./Middlewares/FreeRTOS/timers.o
 .ARM.attributes
                0x00000000000007c3       0x34 c:/st/stm32cubeide_1.12.0/stm32cubeide/plugins/com.st.stm32cube.ide.mcu.externaltools.gnu-tools-for-stm32.10.3-2021.10.win32_1.0.200.202301161003/tools/bin/../lib/gcc/arm-none-eabi/10.3.1/../../../../arm-none-eabi/lib/thumb/v7e-m+fp/hard\libc_nano.a(lib_a-findfp.o)
 .ARM.attributes
                0x00000000000007f7       0x34 c:/st/stm32cubeide_1.12.0/stm32cubeide/plugins/com.st.stm32cube.ide.mcu.externaltools.gnu-tools-for-stm32.10.3-2021.10.win32_1.0.200.202301161003/tools/bin/../lib/gcc/arm-none-eabi/10.3.1/../../../../arm-none-eabi/lib/thumb/v7e-m+fp/hard\libc_nano.a(lib_a-impure.o)
 .ARM.attributes
                0x000000000000082b       0x34 c:/st/stm32cubeide_1.12.0/stm32cubeide/plugins/com.st.stm32cube.ide.mcu.externaltools.gnu-tools-for-stm32.10.3-2021.10.win32_1.0.200.202301161003/tools/bin/../lib/gcc/arm-none-eabi/10.3.1/../../../../arm-none-eabi/lib/thumb/v7e-m+fp/hard\libc_nano.a(lib_a-init.o)
 .ARM.attributes
                0x000000000000085f       0x34 c:/st/stm32cubeide_1.12.0/stm32cubeide/plugins/com.st.stm32cube.ide.mcu.externaltools.gnu-tools-for-stm32.10.3-2021.10.win32_1.0.200.202301161003/tools/bin/../lib/gcc/arm-none-eabi/10.3.1/../../../../arm-none-eabi/lib/thumb/v7e-m+fp/hard\libc_nano.a(lib_a-lock.o)
 .ARM.attributes
                0x0000000000000893       0x34 c:/st/stm32cubeide_1.12.0/stm32cubeide/plugins/com.st.stm32cube.ide.mcu.externaltools.gnu-tools-for-stm32.10.3-2021.10.win32_1.0.200.202301161003/tools/bin/../lib/gcc/arm-none-eabi/10.3.1/../../../../arm-none-eabi/lib/thumb/v7e-m+fp/hard\libc_nano.a(lib_a-memcpy-stub.o)
 .ARM.attributes
                0x00000000000008c7       0x34 c:/st/stm32cubeide_1.12.0/stm32cubeide/plugins/com.st.stm32cube.ide.mcu.externaltools.gnu-tools-for-stm32.10.3-2021.10.win32_1.0.200.202301161003/tools/bin/../lib/gcc/arm-none-eabi/10.3.1/../../../../arm-none-eabi/lib/thumb/v7e-m+fp/hard\libc_nano.a(lib_a-memset.o)
 .ARM.attributes
                0x00000000000008fb       0x34 c:/st/stm32cubeide_1.12.0/stm32cubeide/plugins/com.st.stm32cube.ide.mcu.externaltools.gnu-tools-for-stm32.10.3-2021.10.win32_1.0.200.202301161003/tools/bin/../lib/gcc/arm-none-eabi/10.3.1/../../../../arm-none-eabi/lib/thumb/v7e-m+fp/hard\libc_nano.a(lib_a-nano-mallocr.o)
 .ARM.attributes
                0x000000000000092f       0x34 c:/st/stm32cubeide_1.12.0/stm32cubeide/plugins/com.st.stm32cube.ide.mcu.externaltools.gnu-tools-for-stm32.10.3-2021.10.win32_1.0.200.202301161003/tools/bin/../lib/gcc/arm-none-eabi/10.3.1/../../../../arm-none-eabi/lib/thumb/v7e-m+fp/hard\libc_nano.a(lib_a-reent.o)
 .ARM.attributes
                0x0000000000000963       0x34 c:/st/stm32cubeide_1.12.0/stm32cubeide/plugins/com.st.stm32cube.ide.mcu.externaltools.gnu-tools-for-stm32.10.3-2021.10.win32_1.0.200.202301161003/tools/bin/../lib/gcc/arm-none-eabi/10.3.1/../../../../arm-none-eabi/lib/thumb/v7e-m+fp/hard\libc_nano.a(lib_a-mlock.o)
 .ARM.attributes
                0x0000000000000997       0x34 c:/st/stm32cubeide_1.12.0/stm32cubeide/plugins/com.st.stm32cube.ide.mcu.externaltools.gnu-tools-for-stm32.10.3-2021.10.win32_1.0.200.202301161003/tools/bin/../lib/gcc/arm-none-eabi/10.3.1/../../../../arm-none-eabi/lib/thumb/v7e-m+fp/hard\libc_nano.a(lib_a-nano-freer.o)
 .ARM.attributes
                0x00000000000009cb       0x34 c:/st/stm32cubeide_1.12.0/stm32cubeide/plugins/com.st.stm32cube.ide.mcu.externaltools.gnu-tools-for-stm32.10.3-2021.10.win32_1.0.200.202301161003/tools/bin/../lib/gcc/arm-none-eabi/10.3.1/../../../../arm-none-eabi/lib/thumb/v7e-m+fp/hard\libm.a(lib_a-sf_llround.o)
 .ARM.attributes
                0x00000000000009ff       0x1e c:/st/stm32cubeide_1.12.0/stm32cubeide/plugins/com.st.stm32cube.ide.mcu.externaltools.gnu-tools-for-stm32.10.3-2021.10.win32_1.0.200.202301161003/tools/bin/../lib/gcc/arm-none-eabi/10.3.1/thumb/v7e-m+fp/hard\libgcc.a(_arm_addsubsf3.o)
 .ARM.attributes
                0x0000000000000a1d       0x1e c:/st/stm32cubeide_1.12.0/stm32cubeide/plugins/com.st.stm32cube.ide.mcu.externaltools.gnu-tools-for-stm32.10.3-2021.10.win32_1.0.200.202301161003/tools/bin/../lib/gcc/arm-none-eabi/10.3.1/thumb/v7e-m+fp/hard\libgcc.a(_aeabi_uldivmod.o)
 .ARM.attributes
                0x0000000000000a3b       0x34 c:/st/stm32cubeide_1.12.0/stm32cubeide/plugins/com.st.stm32cube.ide.mcu.externaltools.gnu-tools-for-stm32.10.3-2021.10.win32_1.0.200.202301161003/tools/bin/../lib/gcc/arm-none-eabi/10.3.1/thumb/v7e-m+fp/hard\libgcc.a(_fixsfdi.o)
 .ARM.attributes
                0x0000000000000a6f       0x34 c:/st/stm32cubeide_1.12.0/stm32cubeide/plugins/com.st.stm32cube.ide.mcu.externaltools.gnu-tools-for-stm32.10.3-2021.10.win32_1.0.200.202301161003/tools/bin/../lib/gcc/arm-none-eabi/10.3.1/thumb/v7e-m+fp/hard\libgcc.a(_fixunssfdi.o)
 .ARM.attributes
                0x0000000000000aa3       0x34 c:/st/stm32cubeide_1.12.0/stm32cubeide/plugins/com.st.stm32cube.ide.mcu.externaltools.gnu-tools-for-stm32.10.3-2021.10.win32_1.0.200.202301161003/tools/bin/../lib/gcc/arm-none-eabi/10.3.1/thumb/v7e-m+fp/hard\libgcc.a(_udivmoddi4.o)
 .ARM.attributes
                0x0000000000000ad7       0x1e c:/st/stm32cubeide_1.12.0/stm32cubeide/plugins/com.st.stm32cube.ide.mcu.externaltools.gnu-tools-for-stm32.10.3-2021.10.win32_1.0.200.202301161003/tools/bin/../lib/gcc/arm-none-eabi/10.3.1/thumb/v7e-m+fp/hard\libgcc.a(_arm_muldf3.o)
 .ARM.attributes
                0x0000000000000af5       0x1e c:/st/stm32cubeide_1.12.0/stm32cubeide/plugins/com.st.stm32cube.ide.mcu.externaltools.gnu-tools-for-stm32.10.3-2021.10.win32_1.0.200.202301161003/tools/bin/../lib/gcc/arm-none-eabi/10.3.1/thumb/v7e-m+fp/hard\libgcc.a(_dvmd_tls.o)
 .ARM.attributes
                0x0000000000000b13       0x1e c:/st/stm32cubeide_1.12.0/stm32cubeide/plugins/com.st.stm32cube.ide.mcu.externaltools.gnu-tools-for-stm32.10.3-2021.10.win32_1.0.200.202301161003/tools/bin/../lib/gcc/arm-none-eabi/10.3.1/thumb/v7e-m+fp/hard\libgcc.a(_arm_addsubdf3.o)
 .ARM.attributes
                0x0000000000000b31       0x1e c:/st/stm32cubeide_1.12.0/stm32cubeide/plugins/com.st.stm32cube.ide.mcu.externaltools.gnu-tools-for-stm32.10.3-2021.10.win32_1.0.200.202301161003/tools/bin/../lib/gcc/arm-none-eabi/10.3.1/thumb/v7e-m+fp/hard\libgcc.a(_arm_fixunsdfsi.o)
 .ARM.attributes
                0x0000000000000b4f       0x1e c:/st/stm32cubeide_1.12.0/stm32cubeide/plugins/com.st.stm32cube.ide.mcu.externaltools.gnu-tools-for-stm32.10.3-2021.10.win32_1.0.200.202301161003/tools/bin/../lib/gcc/arm-none-eabi/10.3.1/thumb/v7e-m+fp/hard/crtn.o
OUTPUT(RFBCON_L4.elf elf32-littlearm)
LOAD linker stubs
LOAD c:/st/stm32cubeide_1.12.0/stm32cubeide/plugins/com.st.stm32cube.ide.mcu.externaltools.gnu-tools-for-stm32.10.3-2021.10.win32_1.0.200.202301161003/tools/bin/../lib/gcc/arm-none-eabi/10.3.1/../../../../arm-none-eabi/lib/thumb/v7e-m+fp/hard\libc.a
LOAD c:/st/stm32cubeide_1.12.0/stm32cubeide/plugins/com.st.stm32cube.ide.mcu.externaltools.gnu-tools-for-stm32.10.3-2021.10.win32_1.0.200.202301161003/tools/bin/../lib/gcc/arm-none-eabi/10.3.1/../../../../arm-none-eabi/lib/thumb/v7e-m+fp/hard\libm.a
LOAD c:/st/stm32cubeide_1.12.0/stm32cubeide/plugins/com.st.stm32cube.ide.mcu.externaltools.gnu-tools-for-stm32.10.3-2021.10.win32_1.0.200.202301161003/tools/bin/../lib/gcc/arm-none-eabi/10.3.1/thumb/v7e-m+fp/hard\libgcc.a

.debug_info     0x0000000000000000    0x21618
 .debug_info    0x0000000000000000     0x111e ./Core/Src/adc.o
 .debug_info    0x000000000000111e      0xe0b ./Core/Src/can.o
 .debug_info    0x0000000000001f29      0x5ad ./Core/Src/dma.o
 .debug_info    0x00000000000024d6      0x8cf ./Core/Src/freertos.o
 .debug_info    0x0000000000002da5      0x5b6 ./Core/Src/gpio.o
 .debug_info    0x000000000000335b      0x6c8 ./Core/Src/main.o
 .debug_info    0x0000000000003a23      0x6ff ./Core/Src/rng.o
 .debug_info    0x0000000000004122      0xfd9 ./Core/Src/spi.o
 .debug_info    0x00000000000050fb      0x5b7 ./Core/Src/stm32l4xx_hal_msp.o
 .debug_info    0x00000000000056b2      0x8c2 ./Core/Src/stm32l4xx_it.o
 .debug_info    0x0000000000005f74      0x5d4 ./Core/Src/system_stm32l4xx.o
 .debug_info    0x0000000000006548     0x1057 ./Core/Src/tim.o