22:29:45 **** Incremental Build of configuration Debug for project RFBCON_L4 ****
make -j4 all 
arm-none-eabi-gcc "C:/Users/penta/STM32Cube/Repository/STM32Cube_FW_L4_V1.17.2/Middlewares/Third_Party/FreeRTOS/Source/CMSIS_RTOS_V2/cmsis_os2.c" -mcpu=cortex-m4 -std=gnu11 -g3 -DDEBUG -DUSE_FULL_LL_DRIVER -DUSE_HAL_DRIVER -DSTM32L431xx -c -I../Core/Inc -IC:/Users/penta/STM32Cube/Repository/STM32Cube_FW_L4_V1.17.2/Drivers/STM32L4xx_HAL_Driver/Inc -IC:/Users/penta/STM32Cube/Repository/STM32Cube_FW_L4_V1.17.2/Drivers/STM32L4xx_HAL_Driver/Inc/Legacy -IC:/Users/penta/STM32Cube/Repository/STM32Cube_FW_L4_V1.17.2/Middlewares/Third_Party/FreeRTOS/Source/include -IC:/Users/penta/STM32Cube/Repository/STM32Cube_FW_L4_V1.17.2/Middlewares/Third_Party/FreeRTOS/Source/portable/GCC/ARM_CM4F -IC:/Users/penta/STM32Cube/Repository/STM32Cube_FW_L4_V1.17.2/Drivers/CMSIS/Device/ST/STM32L4xx/Include -IC:/Users/penta/STM32Cube/Repository/STM32Cube_FW_L4_V1.17.2/Drivers/CMSIS/Include -IC:/Users/penta/STM32Cube/Repository/STM32Cube_FW_L4_V1.17.2/Middlewares/Third_Party/FreeRTOS/Source/CMSIS_RTOS_V2 -O0 -ffunction-sections -fdata-sections -Wall -fstack-usage -fcyclomatic-complexity -MMD -MP -MF"Middlewares/FreeRTOS/cmsis_os2.d" -MT"Middlewares/FreeRTOS/cmsis_os2.o" --specs=nano.specs -mfpu=fpv4-sp-d16 -mfloat-abi=hard -mthumb -o "Middlewares/FreeRTOS/cmsis_os2.o"
arm-none-eabi-gcc "C:/Users/penta/STM32Cube/Repository/STM32Cube_FW_L4_V1.17.2/Middlewares/Third_Party/FreeRTOS/Source/croutine.c" -mcpu=cortex-m4 -std=gnu11 -g3 -DDEBUG -DUSE_FULL_LL_DRIVER -DUSE_HAL_DRIVER -DSTM32L431xx -c -I../Core/Inc -IC:/Users/penta/STM32Cube/Repository/STM32Cube_FW_L4_V1.17.2/Drivers/STM32L4xx_HAL_Driver/Inc -IC:/Users/penta/STM32Cube/Repository/STM32Cube_FW_L4_V1.17.2/Drivers/STM32L4xx_HAL_Driver/Inc/Legacy -IC:/Users/penta/STM32Cube/Repository/STM32Cube_FW_L4_V1.17.2/Middlewares/Third_Party/FreeRTOS/Source/include -IC:/Users/penta/STM32Cube/Repository/STM32Cube_FW_L4_V1.17.2/Middlewares/Third_Party/FreeRTOS/Source/portable/GCC/ARM_CM4F -IC:/Users/penta/STM32Cube/Repository/STM32Cube_FW_L4_V1.17.2/Drivers/CMSIS/Device/ST/STM32L4xx/Include -IC:/Users/penta/STM32Cube/Repository/STM32Cube_FW_L4_V1.17.2/Drivers/CMSIS/Include -IC:/Users/penta/STM32Cube/Repository/STM32Cube_FW_L4_V1.17.2/Middlewares/Third_Party/FreeRTOS/Source/CMSIS_RTOS_V2 -O0 -ffunction-sections -fdata-sections -Wall -fstack-usage -fcyclomatic-complexity -MMD -MP -MF"Middlewares/FreeRTOS/croutine.d" -MT"Middlewares/FreeRTOS/croutine.o" --specs=nano.specs -mfpu=fpv4-sp-d16 -mfloat-abi=hard -mthumb -o "Middlewares/FreeRTOS/croutine.o"
arm-none-eabi-gcc "C:/Users/penta/STM32Cube/Repository/STM32Cube_FW_L4_V1.17.2/Middlewares/Third_Party/FreeRTOS/Source/event_groups.c" -mcpu=cortex-m4 -std=gnu11 -g3 -DDEBUG -DUSE_FULL_LL_DRIVER -DUSE_HAL_DRIVER -DSTM32L431xx -c -I../Core/Inc -IC:/Users/penta/STM32Cube/Repository/STM32Cube_FW_L4_V1.17.2/Drivers/STM32L4xx_HAL_Driver/Inc -IC:/Users/penta/STM32Cube/Repository/STM32Cube_FW_L4_V1.17.2/Drivers/STM32L4xx_HAL_Driver/Inc/Legacy -IC:/Users/penta/STM32Cube/Repository/STM32Cube_FW_L4_V1.17.2/Middlewares/Third_Party/FreeRTOS/Source/include -IC:/Users/penta/STM32Cube/Repository/STM32Cube_FW_L4_V1.17.2/Middlewares/Third_Party/FreeRTOS/Source/portable/GCC/ARM_CM4F -IC:/Users/penta/STM32Cube/Repository/STM32Cube_FW_L4_V1.17.2/Drivers/CMSIS/Device/ST/STM32L4xx/Include -IC:/Users/penta/STM32Cube/Repository/STM32Cube_FW_L4_V1.17.2/Drivers/CMSIS/Include -IC:/Users/penta/STM32Cube/Repository/STM32Cube_FW_L4_V1.17.2/Middlewares/Third_Party/FreeRTOS/Source/CMSIS_RTOS_V2 -O0 -ffunction-sections -fdata-sections -Wall -fstack-usage -fcyclomatic-complexity -MMD -MP -MF"Middlewares/FreeRTOS/event_groups.d" -MT"Middlewares/FreeRTOS/event_groups.o" --specs=nano.specs -mfpu=fpv4-sp-d16 -mfloat-abi=hard -mthumb -o "Middlewares/FreeRTOS/event_groups.o"
arm-none-eabi-gcc "C:/Users/penta/STM32Cube/Repository/STM32Cube_FW_L4_V1.17.2/Middlewares/Third_Party/FreeRTOS/Source/portable/MemMang/heap_4.c" -mcpu=cortex-m4 -std=gnu11 -g3 -DDEBUG -DUSE_FULL_LL_DRIVER -DUSE_HAL_DRIVER -DSTM32L431xx -c -I../Core/Inc -IC:/Users/penta/STM32Cube/Repository/STM32Cube_FW_L4_V1.17.2/Drivers/STM32L4xx_HAL_Driver/Inc -IC:/Users/penta/STM32Cube/Repository/STM32Cube_FW_L4_V1.17.2/Drivers/STM32L4xx_HAL_Driver/Inc/Legacy -IC:/Users/penta/STM32Cube/Repository/STM32Cube_FW_L4_V1.17.2/Middlewares/Third_Party/FreeRTOS/Source/include -IC:/Users/penta/STM32Cube/Repository/STM32Cube_FW_L4_V1.17.2/Middlewares/Third_Party/FreeRTOS/Source/portable/GCC/ARM_CM4F -IC:/Users/penta/STM32Cube/Repository/STM32Cube_FW_L4_V1.17.2/Drivers/CMSIS/Device/ST/STM32L4xx/Include -IC:/Users/penta/STM32Cube/Repository/STM32Cube_FW_L4_V1.17.2/Drivers/CMSIS/Include -IC:/Users/penta/STM32Cube/Repository/STM32Cube_FW_L4_V1.17.2/Middlewares/Third_Party/FreeRTOS/Source/CMSIS_RTOS_V2 -O0 -ffunction-sections -fdata-sections -Wall -fstack-usage -fcyclomatic-complexity -MMD -MP -MF"Middlewares/FreeRTOS/heap_4.d" -MT"Middlewares/FreeRTOS/heap_4.o" --specs=nano.specs -mfpu=fpv4-sp-d16 -mfloat-abi=hard -mthumb -o "Middlewares/FreeRTOS/heap_4.o"
arm-none-eabi-gcc "C:/Users/penta/STM32Cube/Repository/STM32Cube_FW_L4_V1.17.2/Middlewares/Third_Party/FreeRTOS/Source/list.c" -mcpu=cortex-m4 -std=gnu11 -g3 -DDEBUG -DUSE_FULL_LL_DRIVER -DUSE_HAL_DRIVER -DSTM32L431xx -c -I../Core/Inc -IC:/Users/penta/STM32Cube/Repository/STM32Cube_FW_L4_V1.17.2/Drivers/STM32L4xx_HAL_Driver/Inc -IC:/Users/penta/STM32Cube/Repository/STM32Cube_FW_L4_V1.17.2/Drivers/STM32L4xx_HAL_Driver/Inc/Legacy -IC:/Users/penta/STM32Cube/Repository/STM32Cube_FW_L4_V1.17.2/Middlewares/Third_Party/FreeRTOS/Source/include -IC:/Users/penta/STM32Cube/Repository/STM32Cube_FW_L4_V1.17.2/Middlewares/Third_Party/FreeRTOS/Source/portable/GCC/ARM_CM4F -IC:/Users/penta/STM32Cube/Repository/STM32Cube_FW_L4_V1.17.2/Drivers/CMSIS/Device/ST/STM32L4xx/Include -IC:/Users/penta/STM32Cube/Repository/STM32Cube_FW_L4_V1.17.2/Drivers/CMSIS/Include -IC:/Users/penta/STM32Cube/Repository/STM32Cube_FW_L4_V1.17.2/Middlewares/Third_Party/FreeRTOS/Source/CMSIS_RTOS_V2 -O0 -ffunction-sections -fdata-sections -Wall -fstack-usage -fcyclomatic-complexity -MMD -MP -MF"Middlewares/FreeRTOS/list.d" -MT"Middlewares/FreeRTOS/list.o" --specs=nano.specs -mfpu=fpv4-sp-d16 -mfloat-abi=hard -mthumb -o "Middlewares/FreeRTOS/list.o"
arm-none-eabi-gcc "C:/Users/penta/STM32Cube/Repository/STM32Cube_FW_L4_V1.17.2/Middlewares/Third_Party/FreeRTOS/Source/portable/GCC/ARM_CM4F/port.c" -mcpu=cortex-m4 -std=gnu11 -g3 -DDEBUG -DUSE_FULL_LL_DRIVER -DUSE_HAL_DRIVER -DSTM32L431xx -c -I../Core/Inc -IC:/Users/penta/STM32Cube/Repository/STM32Cube_FW_L4_V1.17.2/Drivers/STM32L4xx_HAL_Driver/Inc -IC:/Users/penta/STM32Cube/Repository/STM32Cube_FW_L4_V1.17.2/Drivers/STM32L4xx_HAL_Driver/Inc/Legacy -IC:/Users/penta/STM32Cube/Repository/STM32Cube_FW_L4_V1.17.2/Middlewares/Third_Party/FreeRTOS/Source/include -IC:/Users/penta/STM32Cube/Repository/STM32Cube_FW_L4_V1.17.2/Middlewares/Third_Party/FreeRTOS/Source/portable/GCC/ARM_CM4F -IC:/Users/penta/STM32Cube/Repository/STM32Cube_FW_L4_V1.17.2/Drivers/CMSIS/Device/ST/STM32L4xx/Include -IC:/Users/penta/STM32Cube/Repository/STM32Cube_FW_L4_V1.17.2/Drivers/CMSIS/Include -IC:/Users/penta/STM32Cube/Repository/STM32Cube_FW_L4_V1.17.2/Middlewares/Third_Party/FreeRTOS/Source/CMSIS_RTOS_V2 -O0 -ffunction-sections -fdata-sections -Wall -fstack-usage -fcyclomatic-complexity -MMD -MP -MF"Middlewares/FreeRTOS/port.d" -MT"Middlewares/FreeRTOS/port.o" --specs=nano.specs -mfpu=fpv4-sp-d16 -mfloat-abi=hard -mthumb -o "Middlewares/FreeRTOS/port.o"
arm-none-eabi-gcc "C:/Users/penta/STM32Cube/Repository/STM32Cube_FW_L4_V1.17.2/Middlewares/Third_Party/FreeRTOS/Source/queue.c" -mcpu=cortex-m4 -std=gnu11 -g3 -DDEBUG -DUSE_FULL_LL_DRIVER -DUSE_HAL_DRIVER -DSTM32L431xx -c -I../Core/Inc -IC:/Users/penta/STM32Cube/Repository/STM32Cube_FW_L4_V1.17.2/Drivers/STM32L4xx_HAL_Driver/Inc -IC:/Users/penta/STM32Cube/Repository/STM32Cube_FW_L4_V1.17.2/Drivers/STM32L4xx_HAL_Driver/Inc/Legacy -IC:/Users/penta/STM32Cube/Repository/STM32Cube_FW_L4_V1.17.2/Middlewares/Third_Party/FreeRTOS/Source/include -IC:/Users/penta/STM32Cube/Repository/STM32Cube_FW_L4_V1.17.2/Middlewares/Third_Party/FreeRTOS/Source/portable/GCC/ARM_CM4F -IC:/Users/penta/STM32Cube/Repository/STM32Cube_FW_L4_V1.17.2/Drivers/CMSIS/Device/ST/STM32L4xx/Include -IC:/Users/penta/STM32Cube/Repository/STM32Cube_FW_L4_V1.17.2/Drivers/CMSIS/Include -IC:/Users/penta/STM32Cube/Repository/STM32Cube_FW_L4_V1.17.2/Middlewares/Third_Party/FreeRTOS/Source/CMSIS_RTOS_V2 -O0 -ffunction-sections -fdata-sections -Wall -fstack-usage -fcyclomatic-complexity -MMD -MP -MF"Middlewares/FreeRTOS/queue.d" -MT"Middlewares/FreeRTOS/queue.o" --specs=nano.specs -mfpu=fpv4-sp-d16 -mfloat-abi=hard -mthumb -o "Middlewares/FreeRTOS/queue.o"
arm-none-eabi-gcc "C:/Users/penta/STM32Cube/Repository/STM32Cube_FW_L4_V1.17.2/Middlewares/Third_Party/FreeRTOS/Source/stream_buffer.c" -mcpu=cortex-m4 -std=gnu11 -g3 -DDEBUG -DUSE_FULL_LL_DRIVER -DUSE_HAL_DRIVER -DSTM32L431xx -c -I../Core/Inc -IC:/Users/penta/STM32Cube/Repository/STM32Cube_FW_L4_V1.17.2/Drivers/STM32L4xx_HAL_Driver/Inc -IC:/Users/penta/STM32Cube/Repository/STM32Cube_FW_L4_V1.17.2/Drivers/STM32L4xx_HAL_Driver/Inc/Legacy -IC:/Users/penta/STM32Cube/Repository/STM32Cube_FW_L4_V1.17.2/Middlewares/Third_Party/FreeRTOS/Source/include -IC:/Users/penta/STM32Cube/Repository/STM32Cube_FW_L4_V1.17.2/Middlewares/Third_Party/FreeRTOS/Source/portable/GCC/ARM_CM4F -IC:/Users/penta/STM32Cube/Repository/STM32Cube_FW_L4_V1.17.2/Drivers/CMSIS/Device/ST/STM32L4xx/Include -IC:/Users/penta/STM32Cube/Repository/STM32Cube_FW_L4_V1.17.2/Drivers/CMSIS/Include -IC:/Users/penta/STM32Cube/Repository/STM32Cube_FW_L4_V1.17.2/Middlewares/Third_Party/FreeRTOS/Source/CMSIS_RTOS_V2 -O0 -ffunction-sections -fdata-sections -Wall -fstack-usage -fcyclomatic-complexity -MMD -MP -MF"Middlewares/FreeRTOS/stream_buffer.d" -MT"Middlewares/FreeRTOS/stream_buffer.o" --specs=nano.specs -mfpu=fpv4-sp-d16 -mfloat-abi=hard -mthumb -o "Middlewares/FreeRTOS/stream_buffer.o"
arm-none-eabi-gcc "C:/Users/penta/STM32Cube/Repository/STM32Cube_FW_L4_V1.17.2/Middlewares/Third_Party/FreeRTOS/Source/tasks.c" -mcpu=cortex-m4 -std=gnu11 -g3 -DDEBUG -DUSE_FULL_LL_DRIVER -DUSE_HAL_DRIVER -DSTM32L431xx -c -I../Core/Inc -IC:/Users/penta/STM32Cube/Repository/STM32Cube_FW_L4_V1.17.2/Drivers/STM32L4xx_HAL_Driver/Inc -IC:/Users/penta/STM32Cube/Repository/STM32Cube_FW_L4_V1.17.2/Drivers/STM32L4xx_HAL_Driver/Inc/Legacy -IC:/Users/penta/STM32Cube/Repository/STM32Cube_FW_L4_V1.17.2/Middlewares/Third_Party/FreeRTOS/Source/include -IC:/Users/penta/STM32Cube/Repository/STM32Cube_FW_L4_V1.17.2/Middlewares/Third_Party/FreeRTOS/Source/portable/GCC/ARM_CM4F -IC:/Users/penta/STM32Cube/Repository/STM32Cube_FW_L4_V1.17.2/Drivers/CMSIS/Device/ST/STM32L4xx/Include -IC:/Users/penta/STM32Cube/Repository/STM32Cube_FW_L4_V1.17.2/Drivers/CMSIS/Include -IC:/Users/penta/STM32Cube/Repository/STM32Cube_FW_L4_V1.17.2/Middlewares/Third_Party/FreeRTOS/Source/CMSIS_RTOS_V2 -O0 -ffunction-sections -fdata-sections -Wall -fstack-usage -fcyclomatic-complexity -MMD -MP -MF"Middlewares/FreeRTOS/tasks.d" -MT"Middlewares/FreeRTOS/tasks.o" --specs=nano.specs -mfpu=fpv4-sp-d16 -mfloat-abi=hard -mthumb -o "Middlewares/FreeRTOS/tasks.o"
arm-none-eabi-gcc "C:/Users/penta/STM32Cube/Repository/STM32Cube_FW_L4_V1.17.2/Middlewares/Third_Party/FreeRTOS/Source/timers.c" -mcpu=cortex-m4 -std=gnu11 -g3 -DDEBUG -DUSE_FULL_LL_DRIVER -DUSE_HAL_DRIVER -DSTM32L431xx -c -I../Core/Inc -IC:/Users/penta/STM32Cube/Repository/STM32Cube_FW_L4_V1.17.2/Drivers/STM32L4xx_HAL_Driver/Inc -IC:/Users/penta/STM32Cube/Repository/STM32Cube_FW_L4_V1.17.2/Drivers/STM32L4xx_HAL_Driver/Inc/Legacy -IC:/Users/penta/STM32Cube/Repository/STM32Cube_FW_L4_V1.17.2/Middlewares/Third_Party/FreeRTOS/Source/include -IC:/Users/penta/STM32Cube/Repository/STM32Cube_FW_L4_V1.17.2/Middlewares/Third_Party/FreeRTOS/Source/portable/GCC/ARM_CM4F -IC:/Users/penta/STM32Cube/Repository/STM32Cube_FW_L4_V1.17.2/Drivers/CMSIS/Device/ST/STM32L4xx/Include -IC:/Users/penta/STM32Cube/Repository/STM32Cube_FW_L4_V1.17.2/Drivers/CMSIS/Include -IC:/Users/penta/STM32Cube/Repository/STM32Cube_FW_L4_V1.17.2/Middlewares/Third_Party/FreeRTOS/Source/CMSIS_RTOS_V2 -O0 -ffunction-sections -fdata-sections -Wall -fstack-usage -fcyclomatic-complexity -MMD -MP -MF"Middlewares/FreeRTOS/timers.d" -MT"Middlewares/FreeRTOS/timers.o" --specs=nano.specs -mfpu=fpv4-sp-d16 -mfloat-abi=hard -mthumb -o "Middlewares/FreeRTOS/timers.o"
arm-none-eabi-gcc "C:/Users/penta/STM32Cube/Repository/STM32Cube_FW_L4_V1.17.2/Drivers/STM32L4xx_HAL_Driver/Src/stm32l4xx_hal.c" -mcpu=cortex-m4 -std=gnu11 -g3 -DDEBUG -DUSE_FULL_LL_DRIVER -DUSE_HAL_DRIVER -DSTM32L431xx -c -I../Core/Inc -IC:/Users/penta/STM32Cube/Repository/STM32Cube_FW_L4_V1.17.2/Drivers/STM32L4xx_HAL_Driver/Inc -IC:/Users/penta/STM32Cube/Repository/STM32Cube_FW_L4_V1.17.2/Drivers/STM32L4xx_HAL_Driver/Inc/Legacy -IC:/Users/penta/STM32Cube/Repository/STM32Cube_FW_L4_V1.17.2/Middlewares/Third_Party/FreeRTOS/Source/include -IC:/Users/penta/STM32Cube/Repository/STM32Cube_FW_L4_V1.17.2/Middlewares/Third_Party/FreeRTOS/Source/portable/GCC/ARM_CM4F -IC:/Users/penta/STM32Cube/Repository/STM32Cube_FW_L4_V1.17.2/Drivers/CMSIS/Device/ST/STM32L4xx/Include -IC:/Users/penta/STM32Cube/Repository/STM32Cube_FW_L4_V1.17.2/Drivers/CMSIS/Include -IC:/Users/penta/STM32Cube/Repository/STM32Cube_FW_L4_V1.17.2/Middlewares/Third_Party/FreeRTOS/Source/CMSIS_RTOS_V2 -O0 -ffunction-sections -fdata-sections -Wall -fstack-usage -fcyclomatic-complexity -MMD -MP -MF"Drivers/STM32L4xx_HAL_Driver/stm32l4xx_hal.d" -MT"Drivers/STM32L4xx_HAL_Driver/stm32l4xx_hal.o" --specs=nano.specs -mfpu=fpv4-sp-d16 -mfloat-abi=hard -mthumb -o "Drivers/STM32L4xx_HAL_Driver/stm32l4xx_hal.o"
arm-none-eabi-gcc "C:/Users/penta/STM32Cube/Repository/STM32Cube_FW_L4_V1.17.2/Drivers/STM32L4xx_HAL_Driver/Src/stm32l4xx_hal_adc.c" -mcpu=cortex-m4 -std=gnu11 -g3 -DDEBUG -DUSE_FULL_LL_DRIVER -DUSE_HAL_DRIVER -DSTM32L431xx -c -I../Core/Inc -IC:/Users/penta/STM32Cube/Repository/STM32Cube_FW_L4_V1.17.2/Drivers/STM32L4xx_HAL_Driver/Inc -IC:/Users/penta/STM32Cube/Repository/STM32Cube_FW_L4_V1.17.2/Drivers/STM32L4xx_HAL_Driver/Inc/Legacy -IC:/Users/penta/STM32Cube/Repository/STM32Cube_FW_L4_V1.17.2/Middlewares/Third_Party/FreeRTOS/Source/include -IC:/Users/penta/STM32Cube/Repository/STM32Cube_FW_L4_V1.17.2/Middlewares/Third_Party/FreeRTOS/Source/portable/GCC/ARM_CM4F -IC:/Users/penta/STM32Cube/Repository/STM32Cube_FW_L4_V1.17.2/Drivers/CMSIS/Device/ST/STM32L4xx/Include -IC:/Users/penta/STM32Cube/Repository/STM32Cube_FW_L4_V1.17.2/Drivers/CMSIS/Include -IC:/Users/penta/STM32Cube/Repository/STM32Cube_FW_L4_V1.17.2/Middlewares/Third_Party/FreeRTOS/Source/CMSIS_RTOS_V2 -O0 -ffunction-sections -fdata-sections -Wall -fstack-usage -fcyclomatic-complexity -MMD -MP -MF"Drivers/STM32L4xx_HAL_Driver/stm32l4xx_hal_adc.d" -MT"Drivers/STM32L4xx_HAL_Driver/stm32l4xx_hal_adc.o" --specs=nano.specs -mfpu=fpv4-sp-d16 -mfloat-abi=hard -mthumb -o "Drivers/STM32L4xx_HAL_Driver/stm32l4xx_hal_adc.o"
arm-none-eabi-gcc "C:/Users/penta/STM32Cube/Repository/STM32Cube_FW_L4_V1.17.2/Drivers/STM32L4xx_HAL_Driver/Src/stm32l4xx_hal_adc_ex.c" -mcpu=cortex-m4 -std=gnu11 -g3 -DDEBUG -DUSE_FULL_LL_DRIVER -DUSE_HAL_DRIVER -DSTM32L431xx -c -I../Core/Inc -IC:/Users/penta/STM32Cube/Repository/STM32Cube_FW_L4_V1.17.2/Drivers/STM32L4xx_HAL_Driver/Inc -IC:/Users/penta/STM32Cube/Repository/STM32Cube_FW_L4_V1.17.2/Drivers/STM32L4xx_HAL_Driver/Inc/Legacy -IC:/Users/penta/STM32Cube/Repository/STM32Cube_FW_L4_V1.17.2/Middlewares/Third_Party/FreeRTOS/Source/include -IC:/Users/penta/STM32Cube/Repository/STM32Cube_FW_L4_V1.17.2/Middlewares/Third_Party/FreeRTOS/Source/portable/GCC/ARM_CM4F -IC:/Users/penta/STM32Cube/Repository/STM32Cube_FW_L4_V1.17.2/Drivers/CMSIS/Device/ST/STM32L4xx/Include -IC:/Users/penta/STM32Cube/Repository/STM32Cube_FW_L4_V1.17.2/Drivers/CMSIS/Include -IC:/Users/penta/STM32Cube/Repository/STM32Cube_FW_L4_V1.17.2/Middlewares/Third_Party/FreeRTOS/Source/CMSIS_RTOS_V2 -O0 -ffunction-sections -fdata-sections -Wall -fstack-usage -fcyclomatic-complexity -MMD -MP -MF"Drivers/STM32L4xx_HAL_Driver/stm32l4xx_hal_adc_ex.d" -MT"Drivers/STM32L4xx_HAL_Driver/stm32l4xx_hal_adc_ex.o" --specs=nano.specs -mfpu=fpv4-sp-d16 -mfloat-abi=hard -mthumb -o "Drivers/STM32L4xx_HAL_Driver/stm32l4xx_hal_adc_ex.o"
arm-none-eabi-gcc "C:/Users/penta/STM32Cube/Repository/STM32Cube_FW_L4_V1.17.2/Drivers/STM32L4xx_HAL_Driver/Src/stm32l4xx_hal_can.c" -mcpu=cortex-m4 -std=gnu11 -g3 -DDEBUG -DUSE_FULL_LL_DRIVER -DUSE_HAL_DRIVER -DSTM32L431xx -c -I../Core/Inc -IC:/Users/penta/STM32Cube/Repository/STM32Cube_FW_L4_V1.17.2/Drivers/STM32L4xx_HAL_Driver/Inc -IC:/Users/penta/STM32Cube/Repository/STM32Cube_FW_L4_V1.17.2/Drivers/STM32L4xx_HAL_Driver/Inc/Legacy -IC:/Users/penta/STM32Cube/Repository/STM32Cube_FW_L4_V1.17.2/Middlewares/Third_Party/FreeRTOS/Source/include -IC:/Users/penta/STM32Cube/Repository/STM32Cube_FW_L4_V1.17.2/Middlewares/Third_Party/FreeRTOS/Source/portable/GCC/ARM_CM4F -IC:/Users/penta/STM32Cube/Repository/STM32Cube_FW_L4_V1.17.2/Drivers/CMSIS/Device/ST/STM32L4xx/Include -IC:/Users/penta/STM32Cube/Repository/STM32Cube_FW_L4_V1.17.2/Drivers/CMSIS/Include -IC:/Users/penta/STM32Cube/Repository/STM32Cube_FW_L4_V1.17.2/Middlewares/Third_Party/FreeRTOS/Source/CMSIS_RTOS_V2 -O0 -ffunction-sections -fdata-sections -Wall -fstack-usage -fcyclomatic-complexity -MMD -MP -MF"Drivers/STM32L4xx_HAL_Driver/stm32l4xx_hal_can.d" -MT"Drivers/STM32L4xx_HAL_Driver/stm32l4xx_hal_can.o" --specs=nano.specs -mfpu=fpv4-sp-d16 -mfloat-abi=hard -mthumb -o "Drivers/STM32L4xx_HAL_Driver/stm32l4xx_hal_can.o"
arm-none-eabi-gcc "C:/Users/penta/STM32Cube/Repository/STM32Cube_FW_L4_V1.17.2/Drivers/STM32L4xx_HAL_Driver/Src/stm32l4xx_hal_cortex.c" -mcpu=cortex-m4 -std=gnu11 -g3 -DDEBUG -DUSE_FULL_LL_DRIVER -DUSE_HAL_DRIVER -DSTM32L431xx -c -I../Core/Inc -IC:/Users/penta/STM32Cube/Repository/STM32Cube_FW_L4_V1.17.2/Drivers/STM32L4xx_HAL_Driver/Inc -IC:/Users/penta/STM32Cube/Repository/STM32Cube_FW_L4_V1.17.2/Drivers/STM32L4xx_HAL_Driver/Inc/Legacy -IC:/Users/penta/STM32Cube/Repository/STM32Cube_FW_L4_V1.17.2/Middlewares/Third_Party/FreeRTOS/Source/include -IC:/Users/penta/STM32Cube/Repository/STM32Cube_FW_L4_V1.17.2/Middlewares/Third_Party/FreeRTOS/Source/portable/GCC/ARM_CM4F -IC:/Users/penta/STM32Cube/Repository/STM32Cube_FW_L4_V1.17.2/Drivers/CMSIS/Device/ST/STM32L4xx/Include -IC:/Users/penta/STM32Cube/Repository/STM32Cube_FW_L4_V1.17.2/Drivers/CMSIS/Include -IC:/Users/penta/STM32Cube/Repository/STM32Cube_FW_L4_V1.17.2/Middlewares/Third_Party/FreeRTOS/Source/CMSIS_RTOS_V2 -O0 -ffunction-sections -fdata-sections -Wall -fstack-usage -fcyclomatic-complexity -MMD -MP -MF"Drivers/STM32L4xx_HAL_Driver/stm32l4xx_hal_cortex.d" -MT"Drivers/STM32L4xx_HAL_Driver/stm32l4xx_hal_cortex.o" --specs=nano.specs -mfpu=fpv4-sp-d16 -mfloat-abi=hard -mthumb -o "Drivers/STM32L4xx_HAL_Driver/stm32l4xx_hal_cortex.o"
arm-none-eabi-gcc "C:/Users/penta/STM32Cube/Repository/STM32Cube_FW_L4_V1.17.2/Drivers/STM32L4xx_HAL_Driver/Src/stm32l4xx_hal_dma.c" -mcpu=cortex-m4 -std=gnu11 -g3 -DDEBUG -DUSE_FULL_LL_DRIVER -DUSE_HAL_DRIVER -DSTM32L431xx -c -I../Core/Inc -IC:/Users/penta/STM32Cube/Repository/STM32Cube_FW_L4_V1.17.2/Drivers/STM32L4xx_HAL_Driver/Inc -IC:/Users/penta/STM32Cube/Repository/STM32Cube_FW_L4_V1.17.2/Drivers/STM32L4xx_HAL_Driver/Inc/Legacy -IC:/Users/penta/STM32Cube/Repository/STM32Cube_FW_L4_V1.17.2/Middlewares/Third_Party/FreeRTOS/Source/include -IC:/Users/penta/STM32Cube/Repository/STM32Cube_FW_L4_V1.17.2/Middlewares/Third_Party/FreeRTOS/Source/portable/GCC/ARM_CM4F -IC:/Users/penta/STM32Cube/Repository/STM32Cube_FW_L4_V1.17.2/Drivers/CMSIS/Device/ST/STM32L4xx/Include -IC:/Users/penta/STM32Cube/Repository/STM32Cube_FW_L4_V1.17.2/Drivers/CMSIS/Include -IC:/Users/penta/STM32Cube/Repository/STM32Cube_FW_L4_V1.17.2/Middlewares/Third_Party/FreeRTOS/Source/CMSIS_RTOS_V2 -O0 -ffunction-sections -fdata-sections -Wall -fstack-usage -fcyclomatic-complexity -MMD -MP -MF"Drivers/STM32L4xx_HAL_Driver/stm32l4xx_hal_dma.d" -MT"Drivers/STM32L4xx_HAL_Driver/stm32l4xx_hal_dma.o" --specs=nano.specs -mfpu=fpv4-sp-d16 -mfloat-abi=hard -mthumb -o "Drivers/STM32L4xx_HAL_Driver/stm32l4xx_hal_dma.o"
arm-none-eabi-gcc "C:/Users/penta/STM32Cube/Repository/STM32Cube_FW_L4_V1.17.2/Drivers/STM32L4xx_HAL_Driver/Src/stm32l4xx_hal_dma_ex.c" -mcpu=cortex-m4 -std=gnu11 -g3 -DDEBUG -DUSE_FULL_LL_DRIVER -DUSE_HAL_DRIVER -DSTM32L431xx -c -I../Core/Inc -IC:/Users/penta/STM32Cube/Repository/STM32Cube_FW_L4_V1.17.2/Drivers/STM32L4xx_HAL_Driver/Inc -IC:/Users/penta/STM32Cube/Repository/STM32Cube_FW_L4_V1.17.2/Drivers/STM32L4xx_HAL_Driver/Inc/Legacy -IC:/Users/penta/STM32Cube/Repository/STM32Cube_FW_L4_V1.17.2/Middlewares/Third_Party/FreeRTOS/Source/include -IC:/Users/penta/STM32Cube/Repository/STM32Cube_FW_L4_V1.17.2/Middlewares/Third_Party/FreeRTOS/Source/portable/GCC/ARM_CM4F -IC:/Users/penta/STM32Cube/Repository/STM32Cube_FW_L4_V1.17.2/Drivers/CMSIS/Device/ST/STM32L4xx/Include -IC:/Users/penta/STM32Cube/Repository/STM32Cube_FW_L4_V1.17.2/Drivers/CMSIS/Include -IC:/Users/penta/STM32Cube/Repository/STM32Cube_FW_L4_V1.17.2/Middlewares/Third_Party/FreeRTOS/Source/CMSIS_RTOS_V2 -O0 -ffunction-sections -fdata-sections -Wall -fstack-usage -fcyclomatic-complexity -MMD -MP -MF"Drivers/STM32L4xx_HAL_Driver/stm32l4xx_hal_dma_ex.d" -MT"Drivers/STM32L4xx_HAL_Driver/stm32l4xx_hal_dma_ex.o" --specs=nano.specs -mfpu=fpv4-sp-d16 -mfloat-abi=hard -mthumb -o "Drivers/STM32L4xx_HAL_Driver/stm32l4xx_hal_dma_ex.o"
arm-none-eabi-gcc "C:/Users/penta/STM32Cube/Repository/STM32Cube_FW_L4_V1.17.2/Drivers/STM32L4xx_HAL_Driver/Src/stm32l4xx_hal_exti.c" -mcpu=cortex-m4 -std=gnu11 -g3 -DDEBUG -DUSE_FULL_LL_DRIVER -DUSE_HAL_DRIVER -DSTM32L431xx -c -I../Core/Inc -IC:/Users/penta/STM32Cube/Repository/STM32Cube_FW_L4_V1.17.2/Drivers/STM32L4xx_HAL_Driver/Inc -IC:/Users/penta/STM32Cube/Repository/STM32Cube_FW_L4_V1.17.2/Drivers/STM32L4xx_HAL_Driver/Inc/Legacy -IC:/Users/penta/STM32Cube/Repository/STM32Cube_FW_L4_V1.17.2/Middlewares/Third_Party/FreeRTOS/Source/include -IC:/Users/penta/STM32Cube/Repository/STM32Cube_FW_L4_V1.17.2/Middlewares/Third_Party/FreeRTOS/Source/portable/GCC/ARM_CM4F -IC:/Users/penta/STM32Cube/Repository/STM32Cube_FW_L4_V1.17.2/Drivers/CMSIS/Device/ST/STM32L4xx/Include -IC:/Users/penta/STM32Cube/Repository/STM32Cube_FW_L4_V1.17.2/Drivers/CMSIS/Include -IC:/Users/penta/STM32Cube/Repository/STM32Cube_FW_L4_V1.17.2/Middlewares/Third_Party/FreeRTOS/Source/CMSIS_RTOS_V2 -O0 -ffunction-sections -fdata-sections -Wall -fstack-usage -fcyclomatic-complexity -MMD -MP -MF"Drivers/STM32L4xx_HAL_Driver/stm32l4xx_hal_exti.d" -MT"Drivers/STM32L4xx_HAL_Driver/stm32l4xx_hal_exti.o" --specs=nano.specs -mfpu=fpv4-sp-d16 -mfloat-abi=hard -mthumb -o "Drivers/STM32L4xx_HAL_Driver/stm32l4xx_hal_exti.o"
arm-none-eabi-gcc "C:/Users/penta/STM32Cube/Repository/STM32Cube_FW_L4_V1.17.2/Drivers/STM32L4xx_HAL_Driver/Src/stm32l4xx_hal_flash.c" -mcpu=cortex-m4 -std=gnu11 -g3 -DDEBUG -DUSE_FULL_LL_DRIVER -DUSE_HAL_DRIVER -DSTM32L431xx -c -I../Core/Inc -IC:/Users/penta/STM32Cube/Repository/STM32Cube_FW_L4_V1.17.2/Drivers/STM32L4xx_HAL_Driver/Inc -IC:/Users/penta/STM32Cube/Repository/STM32Cube_FW_L4_V1.17.2/Drivers/STM32L4xx_HAL_Driver/Inc/Legacy -IC:/Users/penta/STM32Cube/Repository/STM32Cube_FW_L4_V1.17.2/Middlewares/Third_Party/FreeRTOS/Source/include -IC:/Users/penta/STM32Cube/Repository/STM32Cube_FW_L4_V1.17.2/Middlewares/Third_Party/FreeRTOS/Source/portable/GCC/ARM_CM4F -IC:/Users/penta/STM32Cube/Repository/STM32Cube_FW_L4_V1.17.2/Drivers/CMSIS/Device/ST/STM32L4xx/Include -IC:/Users/penta/STM32Cube/Repository/STM32Cube_FW_L4_V1.17.2/Drivers/CMSIS/Include -IC:/Users/penta/STM32Cube/Repository/STM32Cube_FW_L4_V1.17.2/Middlewares/Third_Party/FreeRTOS/Source/CMSIS_RTOS_V2 -O0 -ffunction-sections -fdata-sections -Wall -fstack-usage -fcyclomatic-complexity -MMD -MP -MF"Drivers/STM32L4xx_HAL_Driver/stm32l4xx_hal_flash.d" -MT"Drivers/STM32L4xx_HAL_Driver/stm32l4xx_hal_flash.o" --specs=nano.specs -mfpu=fpv4-sp-d16 -mfloat-abi=hard -mthumb -o "Drivers/STM32L4xx_HAL_Driver/stm32l4xx_hal_flash.o"
arm-none-eabi-gcc "C:/Users/penta/STM32Cube/Repository/STM32Cube_FW_L4_V1.17.2/Drivers/STM32L4xx_HAL_Driver/Src/stm32l4xx_hal_flash_ex.c" -mcpu=cortex-m4 -std=gnu11 -g3 -DDEBUG -DUSE_FULL_LL_DRIVER -DUSE_HAL_DRIVER -DSTM32L431xx -c -I../Core/Inc -IC:/Users/penta/STM32Cube/Repository/STM32Cube_FW_L4_V1.17.2/Drivers/STM32L4xx_HAL_Driver/Inc -IC:/Users/penta/STM32Cube/Repository/STM32Cube_FW_L4_V1.17.2/Drivers/STM32L4xx_HAL_Driver/Inc/Legacy -IC:/Users/penta/STM32Cube/Repository/STM32Cube_FW_L4_V1.17.2/Middlewares/Third_Party/FreeRTOS/Source/include -IC:/Users/penta/STM32Cube/Repository/STM32Cube_FW_L4_V1.17.2/Middlewares/Third_Party/FreeRTOS/Source/portable/GCC/ARM_CM4F -IC:/Users/penta/STM32Cube/Repository/STM32Cube_FW_L4_V1.17.2/Drivers/CMSIS/Device/ST/STM32L4xx/Include -IC:/Users/penta/STM32Cube/Repository/STM32Cube_FW_L4_V1.17.2/Drivers/CMSIS/Include -IC:/Users/penta/STM32Cube/Repository/STM32Cube_FW_L4_V1.17.2/Middlewares/Third_Party/FreeRTOS/Source/CMSIS_RTOS_V2 -O0 -ffunction-sections -fdata-sections -Wall -fstack-usage -fcyclomatic-complexity -MMD -MP -MF"Drivers/STM32L4xx_HAL_Driver/stm32l4xx_hal_flash_ex.d" -MT"Drivers/STM32L4xx_HAL_Driver/stm32l4xx_hal_flash_ex.o" --specs=nano.specs -mfpu=fpv4-sp-d16 -mfloat-abi=hard -mthumb -o "Drivers/STM32L4xx_HAL_Driver/stm32l4xx_hal_flash_ex.o"
arm-none-eabi-gcc "C:/Users/penta/STM32Cube/Repository/STM32Cube_FW_L4_V1.17.2/Drivers/STM32L4xx_HAL_Driver/Src/stm32l4xx_hal_flash_ramfunc.c" -mcpu=cortex-m4 -std=gnu11 -g3 -DDEBUG -DUSE_FULL_LL_DRIVER -DUSE_HAL_DRIVER -DSTM32L431xx -c -I../Core/Inc -IC:/Users/penta/STM32Cube/Repository/STM32Cube_FW_L4_V1.17.2/Drivers/STM32L4xx_HAL_Driver/Inc -IC:/Users/penta/STM32Cube/Repository/STM32Cube_FW_L4_V1.17.2/Drivers/STM32L4xx_HAL_Driver/Inc/Legacy -IC:/Users/penta/STM32Cube/Repository/STM32Cube_FW_L4_V1.17.2/Middlewares/Third_Party/FreeRTOS/Source/include -IC:/Users/penta/STM32Cube/Repository/STM32Cube_FW_L4_V1.17.2/Middlewares/Third_Party/FreeRTOS/Source/portable/GCC/ARM_CM4F -IC:/Users/penta/STM32Cube/Repository/STM32Cube_FW_L4_V1.17.2/Drivers/CMSIS/Device/ST/STM32L4xx/Include -IC:/Users/penta/STM32Cube/Repository/STM32Cube_FW_L4_V1.17.2/Drivers/CMSIS/Include -IC:/Users/penta/STM32Cube/Repository/STM32Cube_FW_L4_V1.17.2/Middlewares/Third_Party/FreeRTOS/Source/CMSIS_RTOS_V2 -O0 -ffunction-sections -fdata-sections -Wall -fstack-usage -fcyclomatic-complexity -MMD -MP -MF"Drivers/STM32L4xx_HAL_Driver/stm32l4xx_hal_flash_ramfunc.d" -MT"Drivers/STM32L4xx_HAL_Driver/stm32l4xx_hal_flash_ramfunc.o" --specs=nano.specs -mfpu=fpv4-sp-d16 -mfloat-abi=hard -mthumb -o "Drivers/STM32L4xx_HAL_Driver/stm32l4xx_hal_flash_ramfunc.o"
arm-none-eabi-gcc "C:/Users/penta/STM32Cube/Repository/STM32Cube_FW_L4_V1.17.2/Drivers/STM32L4xx_HAL_Driver/Src/stm32l4xx_hal_gpio.c" -mcpu=cortex-m4 -std=gnu11 -g3 -DDEBUG -DUSE_FULL_LL_DRIVER -DUSE_HAL_DRIVER -DSTM32L431xx -c -I../Core/Inc -IC:/Users/penta/STM32Cube/Repository/STM32Cube_FW_L4_V1.17.2/Drivers/STM32L4xx_HAL_Driver/Inc -IC:/Users/penta/STM32Cube/Repository/STM32Cube_FW_L4_V1.17.2/Drivers/STM32L4xx_HAL_Driver/Inc/Legacy -IC:/Users/penta/STM32Cube/Repository/STM32Cube_FW_L4_V1.17.2/Middlewares/Third_Party/FreeRTOS/Source/include -IC:/Users/penta/STM32Cube/Repository/STM32Cube_FW_L4_V1.17.2/Middlewares/Third_Party/FreeRTOS/Source/portable/GCC/ARM_CM4F -IC:/Users/penta/STM32Cube/Repository/STM32Cube_FW_L4_V1.17.2/Drivers/CMSIS/Device/ST/STM32L4xx/Include -IC:/Users/penta/STM32Cube/Repository/STM32Cube_FW_L4_V1.17.2/Drivers/CMSIS/Include -IC:/Users/penta/STM32Cube/Repository/STM32Cube_FW_L4_V1.17.2/Middlewares/Third_Party/FreeRTOS/Source/CMSIS_RTOS_V2 -O0 -ffunction-sections -fdata-sections -Wall -fstack-usage -fcyclomatic-complexity -MMD -MP -MF"Drivers/STM32L4xx_HAL_Driver/stm32l4xx_hal_gpio.d" -MT"Drivers/STM32L4xx_HAL_Driver/stm32l4xx_hal_gpio.o" --specs=nano.specs -mfpu=fpv4-sp-d16 -mfloat-abi=hard -mthumb -o "Drivers/STM32L4xx_HAL_Driver/stm32l4xx_hal_gpio.o"
arm-none-eabi-gcc "C:/Users/penta/STM32Cube/Repository/STM32Cube_FW_L4_V1.17.2/Drivers/STM32L4xx_HAL_Driver/Src/stm32l4xx_hal_pwr.c" -mcpu=cortex-m4 -std=gnu11 -g3 -DDEBUG -DUSE_FULL_LL_DRIVER -DUSE_HAL_DRIVER -DSTM32L431xx -c -I../Core/Inc -IC:/Users/penta/STM32Cube/Repository/STM32Cube_FW_L4_V1.17.2/Drivers/STM32L4xx_HAL_Driver/Inc -IC:/Users/penta/STM32Cube/Repository/STM32Cube_FW_L4_V1.17.2/Drivers/STM32L4xx_HAL_Driver/Inc/Legacy -IC:/Users/penta/STM32Cube/Repository/STM32Cube_FW_L4_V1.17.2/Middlewares/Third_Party/FreeRTOS/Source/include -IC:/Users/penta/STM32Cube/Repository/STM32Cube_FW_L4_V1.17.2/Middlewares/Third_Party/FreeRTOS/Source/portable/GCC/ARM_CM4F -IC:/Users/penta/STM32Cube/Repository/STM32Cube_FW_L4_V1.17.2/Drivers/CMSIS/Device/ST/STM32L4xx/Include -IC:/Users/penta/STM32Cube/Repository/STM32Cube_FW_L4_V1.17.2/Drivers/CMSIS/Include -IC:/Users/penta/STM32Cube/Repository/STM32Cube_FW_L4_V1.17.2/Middlewares/Third_Party/FreeRTOS/Source/CMSIS_RTOS_V2 -O0 -ffunction-sections -fdata-sections -Wall -fstack-usage -fcyclomatic-complexity -MMD -MP -MF"Drivers/STM32L4xx_HAL_Driver/stm32l4xx_hal_pwr.d" -MT"Drivers/STM32L4xx_HAL_Driver/stm32l4xx_hal_pwr.o" --specs=nano.specs -mfpu=fpv4-sp-d16 -mfloat-abi=hard -mthumb -o "Drivers/STM32L4xx_HAL_Driver/stm32l4xx_hal_pwr.o"
arm-none-eabi-gcc "C:/Users/penta/STM32Cube/Repository/STM32Cube_FW_L4_V1.17.2/Drivers/STM32L4xx_HAL_Driver/Src/stm32l4xx_hal_pwr_ex.c" -mcpu=cortex-m4 -std=gnu11 -g3 -DDEBUG -DUSE_FULL_LL_DRIVER -DUSE_HAL_DRIVER -DSTM32L431xx -c -I../Core/Inc -IC:/Users/penta/STM32Cube/Repository/STM32Cube_FW_L4_V1.17.2/Drivers/STM32L4xx_HAL_Driver/Inc -IC:/Users/penta/STM32Cube/Repository/STM32Cube_FW_L4_V1.17.2/Drivers/STM32L4xx_HAL_Driver/Inc/Legacy -IC:/Users/penta/STM32Cube/Repository/STM32Cube_FW_L4_V1.17.2/Middlewares/Third_Party/FreeRTOS/Source/include -IC:/Users/penta/STM32Cube/Repository/STM32Cube_FW_L4_V1.17.2/Middlewares/Third_Party/FreeRTOS/Source/portable/GCC/ARM_CM4F -IC:/Users/penta/STM32Cube/Repository/STM32Cube_FW_L4_V1.17.2/Drivers/CMSIS/Device/ST/STM32L4xx/Include -IC:/Users/penta/STM32Cube/Repository/STM32Cube_FW_L4_V1.17.2/Drivers/CMSIS/Include -IC:/Users/penta/STM32Cube/Repository/STM32Cube_FW_L4_V1.17.2/Middlewares/Third_Party/FreeRTOS/Source/CMSIS_RTOS_V2 -O0 -ffunction-sections -fdata-sections -Wall -fstack-usage -fcyclomatic-complexity -MMD -MP -MF"Drivers/STM32L4xx_HAL_Driver/stm32l4xx_hal_pwr_ex.d" -MT"Drivers/STM32L4xx_HAL_Driver/stm32l4xx_hal_pwr_ex.o" --specs=nano.specs -mfpu=fpv4-sp-d16 -mfloat-abi=hard -mthumb -o "Drivers/STM32L4xx_HAL_Driver/stm32l4xx_hal_pwr_ex.o"
arm-none-eabi-gcc "C:/Users/penta/STM32Cube/Repository/STM32Cube_FW_L4_V1.17.2/Drivers/STM32L4xx_HAL_Driver/Src/stm32l4xx_hal_rcc.c" -mcpu=cortex-m4 -std=gnu11 -g3 -DDEBUG -DUSE_FULL_LL_DRIVER -DUSE_HAL_DRIVER -DSTM32L431xx -c -I../Core/Inc -IC:/Users/penta/STM32Cube/Repository/STM32Cube_FW_L4_V1.17.2/Drivers/STM32L4xx_HAL_Driver/Inc -IC:/Users/penta/STM32Cube/Repository/STM32Cube_FW_L4_V1.17.2/Drivers/STM32L4xx_HAL_Driver/Inc/Legacy -IC:/Users/penta/STM32Cube/Repository/STM32Cube_FW_L4_V1.17.2/Middlewares/Third_Party/FreeRTOS/Source/include -IC:/Users/penta/STM32Cube/Repository/STM32Cube_FW_L4_V1.17.2/Middlewares/Third_Party/FreeRTOS/Source/portable/GCC/ARM_CM4F -IC:/Users/penta/STM32Cube/Repository/STM32Cube_FW_L4_V1.17.2/Drivers/CMSIS/Device/ST/STM32L4xx/Include -IC:/Users/penta/STM32Cube/Repository/STM32Cube_FW_L4_V1.17.2/Drivers/CMSIS/Include -IC:/Users/penta/STM32Cube/Repository/STM32Cube_FW_L4_V1.17.2/Middlewares/Third_Party/FreeRTOS/Source/CMSIS_RTOS_V2 -O0 -ffunction-sections -fdata-sections -Wall -fstack-usage -fcyclomatic-complexity -MMD -MP -MF"Drivers/STM32L4xx_HAL_Driver/stm32l4xx_hal_rcc.d" -MT"Drivers/STM32L4xx_HAL_Driver/stm32l4xx_hal_rcc.o" --specs=nano.specs -mfpu=fpv4-sp-d16 -mfloat-abi=hard -mthumb -o "Drivers/STM32L4xx_HAL_Driver/stm32l4xx_hal_rcc.o"
arm-none-eabi-gcc "C:/Users/penta/STM32Cube/Repository/STM32Cube_FW_L4_V1.17.2/Drivers/STM32L4xx_HAL_Driver/Src/stm32l4xx_hal_rcc_ex.c" -mcpu=cortex-m4 -std=gnu11 -g3 -DDEBUG -DUSE_FULL_LL_DRIVER -DUSE_HAL_DRIVER -DSTM32L431xx -c -I../Core/Inc -IC:/Users/penta/STM32Cube/Repository/STM32Cube_FW_L4_V1.17.2/Drivers/STM32L4xx_HAL_Driver/Inc -IC:/Users/penta/STM32Cube/Repository/STM32Cube_FW_L4_V1.17.2/Drivers/STM32L4xx_HAL_Driver/Inc/Legacy -IC:/Users/penta/STM32Cube/Repository/STM32Cube_FW_L4_V1.17.2/Middlewares/Third_Party/FreeRTOS/Source/include -IC:/Users/penta/STM32Cube/Repository/STM32Cube_FW_L4_V1.17.2/Middlewares/Third_Party/FreeRTOS/Source/portable/GCC/ARM_CM4F -IC:/Users/penta/STM32Cube/Repository/STM32Cube_FW_L4_V1.17.2/Drivers/CMSIS/Device/ST/STM32L4xx/Include -IC:/Users/penta/STM32Cube/Repository/STM32Cube_FW_L4_V1.17.2/Drivers/CMSIS/Include -IC:/Users/penta/STM32Cube/Repository/STM32Cube_FW_L4_V1.17.2/Middlewares/Third_Party/FreeRTOS/Source/CMSIS_RTOS_V2 -O0 -ffunction-sections -fdata-sections -Wall -fstack-usage -fcyclomatic-complexity -MMD -MP -MF"Drivers/STM32L4xx_HAL_Driver/stm32l4xx_hal_rcc_ex.d" -MT"Drivers/STM32L4xx_HAL_Driver/stm32l4xx_hal_rcc_ex.o" --specs=nano.specs -mfpu=fpv4-sp-d16 -mfloat-abi=hard -mthumb -o "Drivers/STM32L4xx_HAL_Driver/stm32l4xx_hal_rcc_ex.o"
arm-none-eabi-gcc "C:/Users/penta/STM32Cube/Repository/STM32Cube_FW_L4_V1.17.2/Drivers/STM32L4xx_HAL_Driver/Src/stm32l4xx_hal_rng.c" -mcpu=cortex-m4 -std=gnu11 -g3 -DDEBUG -DUSE_FULL_LL_DRIVER -DUSE_HAL_DRIVER -DSTM32L431xx -c -I../Core/Inc -IC:/Users/penta/STM32Cube/Repository/STM32Cube_FW_L4_V1.17.2/Drivers/STM32L4xx_HAL_Driver/Inc -IC:/Users/penta/STM32Cube/Repository/STM32Cube_FW_L4_V1.17.2/Drivers/STM32L4xx_HAL_Driver/Inc/Legacy -IC:/Users/penta/STM32Cube/Repository/STM32Cube_FW_L4_V1.17.2/Middlewares/Third_Party/FreeRTOS/Source/include -IC:/Users/penta/STM32Cube/Repository/STM32Cube_FW_L4_V1.17.2/Middlewares/Third_Party/FreeRTOS/Source/portable/GCC/ARM_CM4F -IC:/Users/penta/STM32Cube/Repository/STM32Cube_FW_L4_V1.17.2/Drivers/CMSIS/Device/ST/STM32L4xx/Include -IC:/Users/penta/STM32Cube/Repository/STM32Cube_FW_L4_V1.17.2/Drivers/CMSIS/Include -IC:/Users/penta/STM32Cube/Repository/STM32Cube_FW_L4_V1.17.2/Middlewares/Third_Party/FreeRTOS/Source/CMSIS_RTOS_V2 -O0 -ffunction-sections -fdata-sections -Wall -fstack-usage -fcyclomatic-complexity -MMD -MP -MF"Drivers/STM32L4xx_HAL_Driver/stm32l4xx_hal_rng.d" -MT"Drivers/STM32L4xx_HAL_Driver/stm32l4xx_hal_rng.o" --specs=nano.specs -mfpu=fpv4-sp-d16 -mfloat-abi=hard -mthumb -o "Drivers/STM32L4xx_HAL_Driver/stm32l4xx_hal_rng.o"
arm-none-eabi-gcc "C:/Users/penta/STM32Cube/Repository/STM32Cube_FW_L4_V1.17.2/Drivers/STM32L4xx_HAL_Driver/Src/stm32l4xx_hal_spi.c" -mcpu=cortex-m4 -std=gnu11 -g3 -DDEBUG -DUSE_FULL_LL_DRIVER -DUSE_HAL_DRIVER -DSTM32L431xx -c -I../Core/Inc -IC:/Users/penta/STM32Cube/Repository/STM32Cube_FW_L4_V1.17.2/Drivers/STM32L4xx_HAL_Driver/Inc -IC:/Users/penta/STM32Cube/Repository/STM32Cube_FW_L4_V1.17.2/Drivers/STM32L4xx_HAL_Driver/Inc/Legacy -IC:/Users/penta/STM32Cube/Repository/STM32Cube_FW_L4_V1.17.2/Middlewares/Third_Party/FreeRTOS/Source/include -IC:/Users/penta/STM32Cube/Repository/STM32Cube_FW_L4_V1.17.2/Middlewares/Third_Party/FreeRTOS/Source/portable/GCC/ARM_CM4F -IC:/Users/penta/STM32Cube/Repository/STM32Cube_FW_L4_V1.17.2/Drivers/CMSIS/Device/ST/STM32L4xx/Include -IC:/Users/penta/STM32Cube/Repository/STM32Cube_FW_L4_V1.17.2/Drivers/CMSIS/Include -IC:/Users/penta/STM32Cube/Repository/STM32Cube_FW_L4_V1.17.2/Middlewares/Third_Party/FreeRTOS/Source/CMSIS_RTOS_V2 -O0 -ffunction-sections -fdata-sections -Wall -fstack-usage -fcyclomatic-complexity -MMD -MP -MF"Drivers/STM32L4xx_HAL_Driver/stm32l4xx_hal_spi.d" -MT"Drivers/STM32L4xx_HAL_Driver/stm32l4xx_hal_spi.o" --specs=nano.specs -mfpu=fpv4-sp-d16 -mfloat-abi=hard -mthumb -o "Drivers/STM32L4xx_HAL_Driver/stm32l4xx_hal_spi.o"
arm-none-eabi-gcc "C:/Users/penta/STM32Cube/Repository/STM32Cube_FW_L4_V1.17.2/Drivers/STM32L4xx_HAL_Driver/Src/stm32l4xx_hal_spi_ex.c" -mcpu=cortex-m4 -std=gnu11 -g3 -DDEBUG -DUSE_FULL_LL_DRIVER -DUSE_HAL_DRIVER -DSTM32L431xx -c -I../Core/Inc -IC:/Users/penta/STM32Cube/Repository/STM32Cube_FW_L4_V1.17.2/Drivers/STM32L4xx_HAL_Driver/Inc -IC:/Users/penta/STM32Cube/Repository/STM32Cube_FW_L4_V1.17.2/Drivers/STM32L4xx_HAL_Driver/Inc/Legacy -IC:/Users/penta/STM32Cube/Repository/STM32Cube_FW_L4_V1.17.2/Middlewares/Third_Party/FreeRTOS/Source/include -IC:/Users/penta/STM32Cube/Repository/STM32Cube_FW_L4_V1.17.2/Middlewares/Third_Party/FreeRTOS/Source/portable/GCC/ARM_CM4F -IC:/Users/penta/STM32Cube/Repository/STM32Cube_FW_L4_V1.17.2/Drivers/CMSIS/Device/ST/STM32L4xx/Include -IC:/Users/penta/STM32Cube/Repository/STM32Cube_FW_L4_V1.17.2/Drivers/CMSIS/Include -IC:/Users/penta/STM32Cube/Repository/STM32Cube_FW_L4_V1.17.2/Middlewares/Third_Party/FreeRTOS/Source/CMSIS_RTOS_V2 -O0 -ffunction-sections -fdata-sections -Wall -fstack-usage -fcyclomatic-complexity -MMD -MP -MF"Drivers/STM32L4xx_HAL_Driver/stm32l4xx_hal_spi_ex.d" -MT"Drivers/STM32L4xx_HAL_Driver/stm32l4xx_hal_spi_ex.o" --specs=nano.specs -mfpu=fpv4-sp-d16 -mfloat-abi=hard -mthumb -o "Drivers/STM32L4xx_HAL_Driver/stm32l4xx_hal_spi_ex.o"
arm-none-eabi-gcc "C:/Users/penta/STM32Cube/Repository/STM32Cube_FW_L4_V1.17.2/Drivers/STM32L4xx_HAL_Driver/Src/stm32l4xx_hal_tim.c" -mcpu=cortex-m4 -std=gnu11 -g3 -DDEBUG -DUSE_FULL_LL_DRIVER -DUSE_HAL_DRIVER -DSTM32L431xx -c -I../Core/Inc -IC:/Users/penta/STM32Cube/Repository/STM32Cube_FW_L4_V1.17.2/Drivers/STM32L4xx_HAL_Driver/Inc -IC:/Users/penta/STM32Cube/Repository/STM32Cube_FW_L4_V1.17.2/Drivers/STM32L4xx_HAL_Driver/Inc/Legacy -IC:/Users/penta/STM32Cube/Repository/STM32Cube_FW_L4_V1.17.2/Middlewares/Third_Party/FreeRTOS/Source/include -IC:/Users/penta/STM32Cube/Repository/STM32Cube_FW_L4_V1.17.2/Middlewares/Third_Party/FreeRTOS/Source/portable/GCC/ARM_CM4F -IC:/Users/penta/STM32Cube/Repository/STM32Cube_FW_L4_V1.17.2/Drivers/CMSIS/Device/ST/STM32L4xx/Include -IC:/Users/penta/STM32Cube/Repository/STM32Cube_FW_L4_V1.17.2/Drivers/CMSIS/Include -IC:/Users/penta/STM32Cube/Repository/STM32Cube_FW_L4_V1.17.2/Middlewares/Third_Party/FreeRTOS/Source/CMSIS_RTOS_V2 -O0 -ffunction-sections -fdata-sections -Wall -fstack-usage -fcyclomatic-complexity -MMD -MP -MF"Drivers/STM32L4xx_HAL_Driver/stm32l4xx_hal_tim.d" -MT"Drivers/STM32L4xx_HAL_Driver/stm32l4xx_hal_tim.o" --specs=nano.specs -mfpu=fpv4-sp-d16 -mfloat-abi=hard -mthumb -o "Drivers/STM32L4xx_HAL_Driver/stm32l4xx_hal_tim.o"
arm-none-eabi-gcc "C:/Users/penta/STM32Cube/Repository/STM32Cube_FW_L4_V1.17.2/Drivers/STM32L4xx_HAL_Driver/Src/stm32l4xx_hal_tim_ex.c" -mcpu=cortex-m4 -std=gnu11 -g3 -DDEBUG -DUSE_FULL_LL_DRIVER -DUSE_HAL_DRIVER -DSTM32L431xx -c -I../Core/Inc -IC:/Users/penta/STM32Cube/Repository/STM32Cube_FW_L4_V1.17.2/Drivers/STM32L4xx_HAL_Driver/Inc -IC:/Users/penta/STM32Cube/Repository/STM32Cube_FW_L4_V1.17.2/Drivers/STM32L4xx_HAL_Driver/Inc/Legacy -IC:/Users/penta/STM32Cube/Repository/STM32Cube_FW_L4_V1.17.2/Middlewares/Third_Party/FreeRTOS/Source/include -IC:/Users/penta/STM32Cube/Repository/STM32Cube_FW_L4_V1.17.2/Middlewares/Third_Party/FreeRTOS/Source/portable/GCC/ARM_CM4F -IC:/Users/penta/STM32Cube/Repository/STM32Cube_FW_L4_V1.17.2/Drivers/CMSIS/Device/ST/STM32L4xx/Include -IC:/Users/penta/STM32Cube/Repository/STM32Cube_FW_L4_V1.17.2/Drivers/CMSIS/Include -IC:/Users/penta/STM32Cube/Repository/STM32Cube_FW_L4_V1.17.2/Middlewares/Third_Party/FreeRTOS/Source/CMSIS_RTOS_V2 -O0 -ffunction-sections -fdata-sections -Wall -fstack-usage -fcyclomatic-complexity -MMD -MP -MF"Drivers/STM32L4xx_HAL_Driver/stm32l4xx_hal_tim_ex.d" -MT"Drivers/STM32L4xx_HAL_Driver/stm32l4xx_hal_tim_ex.o" --specs=nano.specs -mfpu=fpv4-sp-d16 -mfloat-abi=hard -mthumb -o "Drivers/STM32L4xx_HAL_Driver/stm32l4xx_hal_tim_ex.o"
arm-none-eabi-gcc "C:/Users/penta/STM32Cube/Repository/STM32Cube_FW_L4_V1.17.2/Drivers/STM32L4xx_HAL_Driver/Src/stm32l4xx_ll_dma.c" -mcpu=cortex-m4 -std=gnu11 -g3 -DDEBUG -DUSE_FULL_LL_DRIVER -DUSE_HAL_DRIVER -DSTM32L431xx -c -I../Core/Inc -IC:/Users/penta/STM32Cube/Repository/STM32Cube_FW_L4_V1.17.2/Drivers/STM32L4xx_HAL_Driver/Inc -IC:/Users/penta/STM32Cube/Repository/STM32Cube_FW_L4_V1.17.2/Drivers/STM32L4xx_HAL_Driver/Inc/Legacy -IC:/Users/penta/STM32Cube/Repository/STM32Cube_FW_L4_V1.17.2/Middlewares/Third_Party/FreeRTOS/Source/include -IC:/Users/penta/STM32Cube/Repository/STM32Cube_FW_L4_V1.17.2/Middlewares/Third_Party/FreeRTOS/Source/portable/GCC/ARM_CM4F -IC:/Users/penta/STM32Cube/Repository/STM32Cube_FW_L4_V1.17.2/Drivers/CMSIS/Device/ST/STM32L4xx/Include -IC:/Users/penta/STM32Cube/Repository/STM32Cube_FW_L4_V1.17.2/Drivers/CMSIS/Include -IC:/Users/penta/STM32Cube/Repository/STM32Cube_FW_L4_V1.17.2/Middlewares/Third_Party/FreeRTOS/Source/CMSIS_RTOS_V2 -O0 -ffunction-sections -fdata-sections -Wall -fstack-usage -fcyclomatic-complexity -MMD -MP -MF"Drivers/STM32L4xx_HAL_Driver/stm32l4xx_ll_dma.d" -MT"Drivers/STM32L4xx_HAL_Driver/stm32l4xx_ll_dma.o" --specs=nano.specs -mfpu=fpv4-sp-d16 -mfloat-abi=hard -mthumb -o "Drivers/STM32L4xx_HAL_Driver/stm32l4xx_ll_dma.o"
arm-none-eabi-gcc "C:/Users/penta/STM32Cube/Repository/STM32Cube_FW_L4_V1.17.2/Drivers/STM32L4xx_HAL_Driver/Src/stm32l4xx_ll_exti.c" -mcpu=cortex-m4 -std=gnu11 -g3 -DDEBUG -DUSE_FULL_LL_DRIVER -DUSE_HAL_DRIVER -DSTM32L431xx -c -I../Core/Inc -IC:/Users/penta/STM32Cube/Repository/STM32Cube_FW_L4_V1.17.2/Drivers/STM32L4xx_HAL_Driver/Inc -IC:/Users/penta/STM32Cube/Repository/STM32Cube_FW_L4_V1.17.2/Drivers/STM32L4xx_HAL_Driver/Inc/Legacy -IC:/Users/penta/STM32Cube/Repository/STM32Cube_FW_L4_V1.17.2/Middlewares/Third_Party/FreeRTOS/Source/include -IC:/Users/penta/STM32Cube/Repository/STM32Cube_FW_L4_V1.17.2/Middlewares/Third_Party/FreeRTOS/Source/portable/GCC/ARM_CM4F -IC:/Users/penta/STM32Cube/Repository/STM32Cube_FW_L4_V1.17.2/Drivers/CMSIS/Device/ST/STM32L4xx/Include -IC:/Users/penta/STM32Cube/Repository/STM32Cube_FW_L4_V1.17.2/Drivers/CMSIS/Include -IC:/Users/penta/STM32Cube/Repository/STM32Cube_FW_L4_V1.17.2/Middlewares/Third_Party/FreeRTOS/Source/CMSIS_RTOS_V2 -O0 -ffunction-sections -fdata-sections -Wall -fstack-usage -fcyclomatic-complexity -MMD -MP -MF"Drivers/STM32L4xx_HAL_Driver/stm32l4xx_ll_exti.d" -MT"Drivers/STM32L4xx_HAL_Driver/stm32l4xx_ll_exti.o" --specs=nano.specs -mfpu=fpv4-sp-d16 -mfloat-abi=hard -mthumb -o "Drivers/STM32L4xx_HAL_Driver/stm32l4xx_ll_exti.o"
arm-none-eabi-gcc "C:/Users/penta/STM32Cube/Repository/STM32Cube_FW_L4_V1.17.2/Drivers/STM32L4xx_HAL_Driver/Src/stm32l4xx_ll_gpio.c" -mcpu=cortex-m4 -std=gnu11 -g3 -DDEBUG -DUSE_FULL_LL_DRIVER -DUSE_HAL_DRIVER -DSTM32L431xx -c -I../Core/Inc -IC:/Users/penta/STM32Cube/Repository/STM32Cube_FW_L4_V1.17.2/Drivers/STM32L4xx_HAL_Driver/Inc -IC:/Users/penta/STM32Cube/Repository/STM32Cube_FW_L4_V1.17.2/Drivers/STM32L4xx_HAL_Driver/Inc/Legacy -IC:/Users/penta/STM32Cube/Repository/STM32Cube_FW_L4_V1.17.2/Middlewares/Third_Party/FreeRTOS/Source/include -IC:/Users/penta/STM32Cube/Repository/STM32Cube_FW_L4_V1.17.2/Middlewares/Third_Party/FreeRTOS/Source/portable/GCC/ARM_CM4F -IC:/Users/penta/STM32Cube/Repository/STM32Cube_FW_L4_V1.17.2/Drivers/CMSIS/Device/ST/STM32L4xx/Include -IC:/Users/penta/STM32Cube/Repository/STM32Cube_FW_L4_V1.17.2/Drivers/CMSIS/Include -IC:/Users/penta/STM32Cube/Repository/STM32Cube_FW_L4_V1.17.2/Middlewares/Third_Party/FreeRTOS/Source/CMSIS_RTOS_V2 -O0 -ffunction-sections -fdata-sections -Wall -fstack-usage -fcyclomatic-complexity -MMD -MP -MF"Drivers/STM32L4xx_HAL_Driver/stm32l4xx_ll_gpio.d" -MT"Drivers/STM32L4xx_HAL_Driver/stm32l4xx_ll_gpio.o" --specs=nano.specs -mfpu=fpv4-sp-d16 -mfloat-abi=hard -mthumb -o "Drivers/STM32L4xx_HAL_Driver/stm32l4xx_ll_gpio.o"
arm-none-eabi-gcc "C:/Users/penta/STM32Cube/Repository/STM32Cube_FW_L4_V1.17.2/Drivers/STM32L4xx_HAL_Driver/Src/stm32l4xx_ll_rcc.c" -mcpu=cortex-m4 -std=gnu11 -g3 -DDEBUG -DUSE_FULL_LL_DRIVER -DUSE_HAL_DRIVER -DSTM32L431xx -c -I../Core/Inc -IC:/Users/penta/STM32Cube/Repository/STM32Cube_FW_L4_V1.17.2/Drivers/STM32L4xx_HAL_Driver/Inc -IC:/Users/penta/STM32Cube/Repository/STM32Cube_FW_L4_V1.17.2/Drivers/STM32L4xx_HAL_Driver/Inc/Legacy -IC:/Users/penta/STM32Cube/Repository/STM32Cube_FW_L4_V1.17.2/Middlewares/Third_Party/FreeRTOS/Source/include -IC:/Users/penta/STM32Cube/Repository/STM32Cube_FW_L4_V1.17.2/Middlewares/Third_Party/FreeRTOS/Source/portable/GCC/ARM_CM4F -IC:/Users/penta/STM32Cube/Repository/STM32Cube_FW_L4_V1.17.2/Drivers/CMSIS/Device/ST/STM32L4xx/Include -IC:/Users/penta/STM32Cube/Repository/STM32Cube_FW_L4_V1.17.2/Drivers/CMSIS/Include -IC:/Users/penta/STM32Cube/Repository/STM32Cube_FW_L4_V1.17.2/Middlewares/Third_Party/FreeRTOS/Source/CMSIS_RTOS_V2 -O0 -ffunction-sections -fdata-sections -Wall -fstack-usage -fcyclomatic-complexity -MMD -MP -MF"Drivers/STM32L4xx_HAL_Driver/stm32l4xx_ll_rcc.d" -MT"Drivers/STM32L4xx_HAL_Driver/stm32l4xx_ll_rcc.o" --specs=nano.specs -mfpu=fpv4-sp-d16 -mfloat-abi=hard -mthumb -o "Drivers/STM32L4xx_HAL_Driver/stm32l4xx_ll_rcc.o"
arm-none-eabi-gcc "C:/Users/penta/STM32Cube/Repository/STM32Cube_FW_L4_V1.17.2/Drivers/STM32L4xx_HAL_Driver/Src/stm32l4xx_ll_usart.c" -mcpu=cortex-m4 -std=gnu11 -g3 -DDEBUG -DUSE_FULL_LL_DRIVER -DUSE_HAL_DRIVER -DSTM32L431xx -c -I../Core/Inc -IC:/Users/penta/STM32Cube/Repository/STM32Cube_FW_L4_V1.17.2/Drivers/STM32L4xx_HAL_Driver/Inc -IC:/Users/penta/STM32Cube/Repository/STM32Cube_FW_L4_V1.17.2/Drivers/STM32L4xx_HAL_Driver/Inc/Legacy -IC:/Users/penta/STM32Cube/Repository/STM32Cube_FW_L4_V1.17.2/Middlewares/Third_Party/FreeRTOS/Source/include -IC:/Users/penta/STM32Cube/Repository/STM32Cube_FW_L4_V1.17.2/Middlewares/Third_Party/FreeRTOS/Source/portable/GCC/ARM_CM4F -IC:/Users/penta/STM32Cube/Repository/STM32Cube_FW_L4_V1.17.2/Drivers/CMSIS/Device/ST/STM32L4xx/Include -IC:/Users/penta/STM32Cube/Repository/STM32Cube_FW_L4_V1.17.2/Drivers/CMSIS/Include -IC:/Users/penta/STM32Cube/Repository/STM32Cube_FW_L4_V1.17.2/Middlewares/Third_Party/FreeRTOS/Source/CMSIS_RTOS_V2 -O0 -ffunction-sections -fdata-sections -Wall -fstack-usage -fcyclomatic-complexity -MMD -MP -MF"Drivers/STM32L4xx_HAL_Driver/stm32l4xx_ll_usart.d" -MT"Drivers/STM32L4xx_HAL_Driver/stm32l4xx_ll_usart.o" --specs=nano.specs -mfpu=fpv4-sp-d16 -mfloat-abi=hard -mthumb -o "Drivers/STM32L4xx_HAL_Driver/stm32l4xx_ll_usart.o"
arm-none-eabi-gcc "C:/Users/penta/STM32Cube/Repository/STM32Cube_FW_L4_V1.17.2/Drivers/STM32L4xx_HAL_Driver/Src/stm32l4xx_ll_utils.c" -mcpu=cortex-m4 -std=gnu11 -g3 -DDEBUG -DUSE_FULL_LL_DRIVER -DUSE_HAL_DRIVER -DSTM32L431xx -c -I../Core/Inc -IC:/Users/penta/STM32Cube/Repository/STM32Cube_FW_L4_V1.17.2/Drivers/STM32L4xx_HAL_Driver/Inc -IC:/Users/penta/STM32Cube/Repository/STM32Cube_FW_L4_V1.17.2/Drivers/STM32L4xx_HAL_Driver/Inc/Legacy -IC:/Users/penta/STM32Cube/Repository/STM32Cube_FW_L4_V1.17.2/Middlewares/Third_Party/FreeRTOS/Source/include -IC:/Users/penta/STM32Cube/Repository/STM32Cube_FW_L4_V1.17.2/Middlewares/Third_Party/FreeRTOS/Source/portable/GCC/ARM_CM4F -IC:/Users/penta/STM32Cube/Repository/STM32Cube_FW_L4_V1.17.2/Drivers/CMSIS/Device/ST/STM32L4xx/Include -IC:/Users/penta/STM32Cube/Repository/STM32Cube_FW_L4_V1.17.2/Drivers/CMSIS/Include -IC:/Users/penta/STM32Cube/Repository/STM32Cube_FW_L4_V1.17.2/Middlewares/Third_Party/FreeRTOS/Source/CMSIS_RTOS_V2 -O0 -ffunction-sections -fdata-sections -Wall -fstack-usage -fcyclomatic-complexity -MMD -MP -MF"Drivers/STM32L4xx_HAL_Driver/stm32l4xx_ll_utils.d" -MT"Drivers/STM32L4xx_HAL_Driver/stm32l4xx_ll_utils.o" --specs=nano.specs -mfpu=fpv4-sp-d16 -mfloat-abi=hard -mthumb -o "Drivers/STM32L4xx_HAL_Driver/stm32l4xx_ll_utils.o"
arm-none-eabi-gcc "../Core/Src/adc.c" -mcpu=cortex-m4 -std=gnu11 -g3 -DDEBUG -DUSE_FULL_LL_DRIVER -DUSE_HAL_DRIVER -DSTM32L431xx -c -I../Core/Inc -IC:/Users/penta/STM32Cube/Repository/STM32Cube_FW_L4_V1.17.2/Drivers/STM32L4xx_HAL_Driver/Inc -IC:/Users/penta/STM32Cube/Repository/STM32Cube_FW_L4_V1.17.2/Drivers/STM32L4xx_HAL_Driver/Inc/Legacy -IC:/Users/penta/STM32Cube/Repository/STM32Cube_FW_L4_V1.17.2/Middlewares/Third_Party/FreeRTOS/Source/include -IC:/Users/penta/STM32Cube/Repository/STM32Cube_FW_L4_V1.17.2/Middlewares/Third_Party/FreeRTOS/Source/portable/GCC/ARM_CM4F -IC:/Users/penta/STM32Cube/Repository/STM32Cube_FW_L4_V1.17.2/Drivers/CMSIS/Device/ST/STM32L4xx/Include -IC:/Users/penta/STM32Cube/Repository/STM32Cube_FW_L4_V1.17.2/Drivers/CMSIS/Include -IC:/Users/penta/STM32Cube/Repository/STM32Cube_FW_L4_V1.17.2/Middlewares/Third_Party/FreeRTOS/Source/CMSIS_RTOS_V2 -O0 -ffunction-sections -fdata-sections -Wall -fstack-usage -fcyclomatic-complexity -MMD -MP -MF"Core/Src/adc.d" -MT"Core/Src/adc.o" --specs=nano.specs -mfpu=fpv4-sp-d16 -mfloat-abi=hard -mthumb -o "Core/Src/adc.o"
arm-none-eabi-gcc "../Core/Src/can.c" -mcpu=cortex-m4 -std=gnu11 -g3 -DDEBUG -DUSE_FULL_LL_DRIVER -DUSE_HAL_DRIVER -DSTM32L431xx -c -I../Core/Inc -IC:/Users/penta/STM32Cube/Repository/STM32Cube_FW_L4_V1.17.2/Drivers/STM32L4xx_HAL_Driver/Inc -IC:/Users/penta/STM32Cube/Repository/STM32Cube_FW_L4_V1.17.2/Drivers/STM32L4xx_HAL_Driver/Inc/Legacy -IC:/Users/penta/STM32Cube/Repository/STM32Cube_FW_L4_V1.17.2/Middlewares/Third_Party/FreeRTOS/Source/include -IC:/Users/penta/STM32Cube/Repository/STM32Cube_FW_L4_V1.17.2/Middlewares/Third_Party/FreeRTOS/Source/portable/GCC/ARM_CM4F -IC:/Users/penta/STM32Cube/Repository/STM32Cube_FW_L4_V1.17.2/Drivers/CMSIS/Device/ST/STM32L4xx/Include -IC:/Users/penta/STM32Cube/Repository/STM32Cube_FW_L4_V1.17.2/Drivers/CMSIS/Include -IC:/Users/penta/STM32Cube/Repository/STM32Cube_FW_L4_V1.17.2/Middlewares/Third_Party/FreeRTOS/Source/CMSIS_RTOS_V2 -O0 -ffunction-sections -fdata-sections -Wall -fstack-usage -fcyclomatic-complexity -MMD -MP -MF"Core/Src/can.d" -MT"Core/Src/can.o" --specs=nano.specs -mfpu=fpv4-sp-d16 -mfloat-abi=hard -mthumb -o "Core/Src/can.o"
arm-none-eabi-gcc "../Core/Src/dma.c" -mcpu=cortex-m4 -std=gnu11 -g3 -DDEBUG -DUSE_FULL_LL_DRIVER -DUSE_HAL_DRIVER -DSTM32L431xx -c -I../Core/Inc -IC:/Users/penta/STM32Cube/Repository/STM32Cube_FW_L4_V1.17.2/Drivers/STM32L4xx_HAL_Driver/Inc -IC:/Users/penta/STM32Cube/Repository/STM32Cube_FW_L4_V1.17.2/Drivers/STM32L4xx_HAL_Driver/Inc/Legacy -IC:/Users/penta/STM32Cube/Repository/STM32Cube_FW_L4_V1.17.2/Middlewares/Third_Party/FreeRTOS/Source/include -IC:/Users/penta/STM32Cube/Repository/STM32Cube_FW_L4_V1.17.2/Middlewares/Third_Party/FreeRTOS/Source/portable/GCC/ARM_CM4F -IC:/Users/penta/STM32Cube/Repository/STM32Cube_FW_L4_V1.17.2/Drivers/CMSIS/Device/ST/STM32L4xx/Include -IC:/Users/penta/STM32Cube/Repository/STM32Cube_FW_L4_V1.17.2/Drivers/CMSIS/Include -IC:/Users/penta/STM32Cube/Repository/STM32Cube_FW_L4_V1.17.2/Middlewares/Third_Party/FreeRTOS/Source/CMSIS_RTOS_V2 -O0 -ffunction-sections -fdata-sections -Wall -fstack-usage -fcyclomatic-complexity -MMD -MP -MF"Core/Src/dma.d" -MT"Core/Src/dma.o" --specs=nano.specs -mfpu=fpv4-sp-d16 -mfloat-abi=hard -mthumb -o "Core/Src/dma.o"
arm-none-eabi-gcc "../Core/Src/freertos.c" -mcpu=cortex-m4 -std=gnu11 -g3 -DDEBUG -DUSE_FULL_LL_DRIVER -DUSE_HAL_DRIVER -DSTM32L431xx -c -I../Core/Inc -IC:/Users/penta/STM32Cube/Repository/STM32Cube_FW_L4_V1.17.2/Drivers/STM32L4xx_HAL_Driver/Inc -IC:/Users/penta/STM32Cube/Repository/STM32Cube_FW_L4_V1.17.2/Drivers/STM32L4xx_HAL_Driver/Inc/Legacy -IC:/Users/penta/STM32Cube/Repository/STM32Cube_FW_L4_V1.17.2/Middlewares/Third_Party/FreeRTOS/Source/include -IC:/Users/penta/STM32Cube/Repository/STM32Cube_FW_L4_V1.17.2/Middlewares/Third_Party/FreeRTOS/Source/portable/GCC/ARM_CM4F -IC:/Users/penta/STM32Cube/Repository/STM32Cube_FW_L4_V1.17.2/Drivers/CMSIS/Device/ST/STM32L4xx/Include -IC:/Users/penta/STM32Cube/Repository/STM32Cube_FW_L4_V1.17.2/Drivers/CMSIS/Include -IC:/Users/penta/STM32Cube/Repository/STM32Cube_FW_L4_V1.17.2/Middlewares/Third_Party/FreeRTOS/Source/CMSIS_RTOS_V2 -O0 -ffunction-sections -fdata-sections -Wall -fstack-usage -fcyclomatic-complexity -MMD -MP -MF"Core/Src/freertos.d" -MT"Core/Src/freertos.o" --specs=nano.specs -mfpu=fpv4-sp-d16 -mfloat-abi=hard -mthumb -o "Core/Src/freertos.o"
arm-none-eabi-gcc "../Core/Src/gpio.c" -mcpu=cortex-m4 -std=gnu11 -g3 -DDEBUG -DUSE_FULL_LL_DRIVER -DUSE_HAL_DRIVER -DSTM32L431xx -c -I../Core/Inc -IC:/Users/penta/STM32Cube/Repository/STM32Cube_FW_L4_V1.17.2/Drivers/STM32L4xx_HAL_Driver/Inc -IC:/Users/penta/STM32Cube/Repository/STM32Cube_FW_L4_V1.17.2/Drivers/STM32L4xx_HAL_Driver/Inc/Legacy -IC:/Users/penta/STM32Cube/Repository/STM32Cube_FW_L4_V1.17.2/Middlewares/Third_Party/FreeRTOS/Source/include -IC:/Users/penta/STM32Cube/Repository/STM32Cube_FW_L4_V1.17.2/Middlewares/Third_Party/FreeRTOS/Source/portable/GCC/ARM_CM4F -IC:/Users/penta/STM32Cube/Repository/STM32Cube_FW_L4_V1.17.2/Drivers/CMSIS/Device/ST/STM32L4xx/Include -IC:/Users/penta/STM32Cube/Repository/STM32Cube_FW_L4_V1.17.2/Drivers/CMSIS/Include -IC:/Users/penta/STM32Cube/Repository/STM32Cube_FW_L4_V1.17.2/Middlewares/Third_Party/FreeRTOS/Source/CMSIS_RTOS_V2 -O0 -ffunction-sections -fdata-sections -Wall -fstack-usage -fcyclomatic-complexity -MMD -MP -MF"Core/Src/gpio.d" -MT"Core/Src/gpio.o" --specs=nano.specs -mfpu=fpv4-sp-d16 -mfloat-abi=hard -mthumb -o "Core/Src/gpio.o"
arm-none-eabi-gcc "../Core/Src/main.c" -mcpu=cortex-m4 -std=gnu11 -g3 -DDEBUG -DUSE_FULL_LL_DRIVER -DUSE_HAL_DRIVER -DSTM32L431xx -c -I../Core/Inc -IC:/Users/penta/STM32Cube/Repository/STM32Cube_FW_L4_V1.17.2/Drivers/STM32L4xx_HAL_Driver/Inc -IC:/Users/penta/STM32Cube/Repository/STM32Cube_FW_L4_V1.17.2/Drivers/STM32L4xx_HAL_Driver/Inc/Legacy -IC:/Users/penta/STM32Cube/Repository/STM32Cube_FW_L4_V1.17.2/Middlewares/Third_Party/FreeRTOS/Source/include -IC:/Users/penta/STM32Cube/Repository/STM32Cube_FW_L4_V1.17.2/Middlewares/Third_Party/FreeRTOS/Source/portable/GCC/ARM_CM4F -IC:/Users/penta/STM32Cube/Repository/STM32Cube_FW_L4_V1.17.2/Drivers/CMSIS/Device/ST/STM32L4xx/Include -IC:/Users/penta/STM32Cube/Repository/STM32Cube_FW_L4_V1.17.2/Drivers/CMSIS/Include -IC:/Users/penta/STM32Cube/Repository/STM32Cube_FW_L4_V1.17.2/Middlewares/Third_Party/FreeRTOS/Source/CMSIS_RTOS_V2 -O0 -ffunction-sections -fdata-sections -Wall -fstack-usage -fcyclomatic-complexity -MMD -MP -MF"Core/Src/main.d" -MT"Core/Src/main.o" --specs=nano.specs -mfpu=fpv4-sp-d16 -mfloat-abi=hard -mthumb -o "Core/Src/main.o"
arm-none-eabi-gcc "../Core/Src/rng.c" -mcpu=cortex-m4 -std=gnu11 -g3 -DDEBUG -DUSE_FULL_LL_DRIVER -DUSE_HAL_DRIVER -DSTM32L431xx -c -I../Core/Inc -IC:/Users/penta/STM32Cube/Repository/STM32Cube_FW_L4_V1.17.2/Drivers/STM32L4xx_HAL_Driver/Inc -IC:/Users/penta/STM32Cube/Repository/STM32Cube_FW_L4_V1.17.2/Drivers/STM32L4xx_HAL_Driver/Inc/Legacy -IC:/Users/penta/STM32Cube/Repository/STM32Cube_FW_L4_V1.17.2/Middlewares/Third_Party/FreeRTOS/Source/include -IC:/Users/penta/STM32Cube/Repository/STM32Cube_FW_L4_V1.17.2/Middlewares/Third_Party/FreeRTOS/Source/portable/GCC/ARM_CM4F -IC:/Users/penta/STM32Cube/Repository/STM32Cube_FW_L4_V1.17.2/Drivers/CMSIS/Device/ST/STM32L4xx/Include -IC:/Users/penta/STM32Cube/Repository/STM32Cube_FW_L4_V1.17.2/Drivers/CMSIS/Include -IC:/Users/penta/STM32Cube/Repository/STM32Cube_FW_L4_V1.17.2/Middlewares/Third_Party/FreeRTOS/Source/CMSIS_RTOS_V2 -O0 -ffunction-sections -fdata-sections -Wall -fstack-usage -fcyclomatic-complexity -MMD -MP -MF"Core/Src/rng.d" -MT"Core/Src/rng.o" --specs=nano.specs -mfpu=fpv4-sp-d16 -mfloat-abi=hard -mthumb -o "Core/Src/rng.o"
arm-none-eabi-gcc "../Core/Src/spi.c" -mcpu=cortex-m4 -std=gnu11 -g3 -DDEBUG -DUSE_FULL_LL_DRIVER -DUSE_HAL_DRIVER -DSTM32L431xx -c -I../Core/Inc -IC:/Users/penta/STM32Cube/Repository/STM32Cube_FW_L4_V1.17.2/Drivers/STM32L4xx_HAL_Driver/Inc -IC:/Users/penta/STM32Cube/Repository/STM32Cube_FW_L4_V1.17.2/Drivers/STM32L4xx_HAL_Driver/Inc/Legacy -IC:/Users/penta/STM32Cube/Repository/STM32Cube_FW_L4_V1.17.2/Middlewares/Third_Party/FreeRTOS/Source/include -IC:/Users/penta/STM32Cube/Repository/STM32Cube_FW_L4_V1.17.2/Middlewares/Third_Party/FreeRTOS/Source/portable/GCC/ARM_CM4F -IC:/Users/penta/STM32Cube/Repository/STM32Cube_FW_L4_V1.17.2/Drivers/CMSIS/Device/ST/STM32L4xx/Include -IC:/Users/penta/STM32Cube/Repository/STM32Cube_FW_L4_V1.17.2/Drivers/CMSIS/Include -IC:/Users/penta/STM32Cube/Repository/STM32Cube_FW_L4_V1.17.2/Middlewares/Third_Party/FreeRTOS/Source/CMSIS_RTOS_V2 -O0 -ffunction-sections -fdata-sections -Wall -fstack-usage -fcyclomatic-complexity -MMD -MP -MF"Core/Src/spi.d" -MT"Core/Src/spi.o" --specs=nano.specs -mfpu=fpv4-sp-d16 -mfloat-abi=hard -mthumb -o "Core/Src/spi.o"
arm-none-eabi-gcc "../Core/Src/stm32l4xx_hal_msp.c" -mcpu=cortex-m4 -std=gnu11 -g3 -DDEBUG -DUSE_FULL_LL_DRIVER -DUSE_HAL_DRIVER -DSTM32L431xx -c -I../Core/Inc -IC:/Users/penta/STM32Cube/Repository/STM32Cube_FW_L4_V1.17.2/Drivers/STM32L4xx_HAL_Driver/Inc -IC:/Users/penta/STM32Cube/Repository/STM32Cube_FW_L4_V1.17.2/Drivers/STM32L4xx_HAL_Driver/Inc/Legacy -IC:/Users/penta/STM32Cube/Repository/STM32Cube_FW_L4_V1.17.2/Middlewares/Third_Party/FreeRTOS/Source/include -IC:/Users/penta/STM32Cube/Repository/STM32Cube_FW_L4_V1.17.2/Middlewares/Third_Party/FreeRTOS/Source/portable/GCC/ARM_CM4F -IC:/Users/penta/STM32Cube/Repository/STM32Cube_FW_L4_V1.17.2/Drivers/CMSIS/Device/ST/STM32L4xx/Include -IC:/Users/penta/STM32Cube/Repository/STM32Cube_FW_L4_V1.17.2/Drivers/CMSIS/Include -IC:/Users/penta/STM32Cube/Repository/STM32Cube_FW_L4_V1.17.2/Middlewares/Third_Party/FreeRTOS/Source/CMSIS_RTOS_V2 -O0 -ffunction-sections -fdata-sections -Wall -fstack-usage -fcyclomatic-complexity -MMD -MP -MF"Core/Src/stm32l4xx_hal_msp.d" -MT"Core/Src/stm32l4xx_hal_msp.o" --specs=nano.specs -mfpu=fpv4-sp-d16 -mfloat-abi=hard -mthumb -o "Core/Src/stm32l4xx_hal_msp.o"
arm-none-eabi-gcc "../Core/Src/stm32l4xx_hal_timebase_tim.c" -mcpu=cortex-m4 -std=gnu11 -g3 -DDEBUG -DUSE_FULL_LL_DRIVER -DUSE_HAL_DRIVER -DSTM32L431xx -c -I../Core/Inc -IC:/Users/penta/STM32Cube/Repository/STM32Cube_FW_L4_V1.17.2/Drivers/STM32L4xx_HAL_Driver/Inc -IC:/Users/penta/STM32Cube/Repository/STM32Cube_FW_L4_V1.17.2/Drivers/STM32L4xx_HAL_Driver/Inc/Legacy -IC:/Users/penta/STM32Cube/Repository/STM32Cube_FW_L4_V1.17.2/Middlewares/Third_Party/FreeRTOS/Source/include -IC:/Users/penta/STM32Cube/Repository/STM32Cube_FW_L4_V1.17.2/Middlewares/Third_Party/FreeRTOS/Source/portable/GCC/ARM_CM4F -IC:/Users/penta/STM32Cube/Repository/STM32Cube_FW_L4_V1.17.2/Drivers/CMSIS/Device/ST/STM32L4xx/Include -IC:/Users/penta/STM32Cube/Repository/STM32Cube_FW_L4_V1.17.2/Drivers/CMSIS/Include -IC:/Users/penta/STM32Cube/Repository/STM32Cube_FW_L4_V1.17.2/Middlewares/Third_Party/FreeRTOS/Source/CMSIS_RTOS_V2 -O0 -ffunction-sections -fdata-sections -Wall -fstack-usage -fcyclomatic-complexity -MMD -MP -MF"Core/Src/stm32l4xx_hal_timebase_tim.d" -MT"Core/Src/stm32l4xx_hal_timebase_tim.o" --specs=nano.specs -mfpu=fpv4-sp-d16 -mfloat-abi=hard -mthumb -o "Core/Src/stm32l4xx_hal_timebase_tim.o"
arm-none-eabi-gcc "../Core/Src/stm32l4xx_it.c" -mcpu=cortex-m4 -std=gnu11 -g3 -DDEBUG -DUSE_FULL_LL_DRIVER -DUSE_HAL_DRIVER -DSTM32L431xx -c -I../Core/Inc -IC:/Users/penta/STM32Cube/Repository/STM32Cube_FW_L4_V1.17.2/Drivers/STM32L4xx_HAL_Driver/Inc -IC:/Users/penta/STM32Cube/Repository/STM32Cube_FW_L4_V1.17.2/Drivers/STM32L4xx_HAL_Driver/Inc/Legacy -IC:/Users/penta/STM32Cube/Repository/STM32Cube_FW_L4_V1.17.2/Middlewares/Third_Party/FreeRTOS/Source/include -IC:/Users/penta/STM32Cube/Repository/STM32Cube_FW_L4_V1.17.2/Middlewares/Third_Party/FreeRTOS/Source/portable/GCC/ARM_CM4F -IC:/Users/penta/STM32Cube/Repository/STM32Cube_FW_L4_V1.17.2/Drivers/CMSIS/Device/ST/STM32L4xx/Include -IC:/Users/penta/STM32Cube/Repository/STM32Cube_FW_L4_V1.17.2/Drivers/CMSIS/Include -IC:/Users/penta/STM32Cube/Repository/STM32Cube_FW_L4_V1.17.2/Middlewares/Third_Party/FreeRTOS/Source/CMSIS_RTOS_V2 -O0 -ffunction-sections -fdata-sections -Wall -fstack-usage -fcyclomatic-complexity -MMD -MP -MF"Core/Src/stm32l4xx_it.d" -MT"Core/Src/stm32l4xx_it.o" --specs=nano.specs -mfpu=fpv4-sp-d16 -mfloat-abi=hard -mthumb -o "Core/Src/stm32l4xx_it.o"
arm-none-eabi-gcc "../Core/Src/system_stm32l4xx.c" -mcpu=cortex-m4 -std=gnu11 -g3 -DDEBUG -DUSE_FULL_LL_DRIVER -DUSE_HAL_DRIVER -DSTM32L431xx -c -I../Core/Inc -IC:/Users/penta/STM32Cube/Repository/STM32Cube_FW_L4_V1.17.2/Drivers/STM32L4xx_HAL_Driver/Inc -IC:/Users/penta/STM32Cube/Repository/STM32Cube_FW_L4_V1.17.2/Drivers/STM32L4xx_HAL_Driver/Inc/Legacy -IC:/Users/penta/STM32Cube/Repository/STM32Cube_FW_L4_V1.17.2/Middlewares/Third_Party/FreeRTOS/Source/include -IC:/Users/penta/STM32Cube/Repository/STM32Cube_FW_L4_V1.17.2/Middlewares/Third_Party/FreeRTOS/Source/portable/GCC/ARM_CM4F -IC:/Users/penta/STM32Cube/Repository/STM32Cube_FW_L4_V1.17.2/Drivers/CMSIS/Device/ST/STM32L4xx/Include -IC:/Users/penta/STM32Cube/Repository/STM32Cube_FW_L4_V1.17.2/Drivers/CMSIS/Include -IC:/Users/penta/STM32Cube/Repository/STM32Cube_FW_L4_V1.17.2/Middlewares/Third_Party/FreeRTOS/Source/CMSIS_RTOS_V2 -O0 -ffunction-sections -fdata-sections -Wall -fstack-usage -fcyclomatic-complexity -MMD -MP -MF"Core/Src/system_stm32l4xx.d" -MT"Core/Src/system_stm32l4xx.o" --specs=nano.specs -mfpu=fpv4-sp-d16 -mfloat-abi=hard -mthumb -o "Core/Src/system_stm32l4xx.o"
arm-none-eabi-gcc "../Core/Src/tim.c" -mcpu=cortex-m4 -std=gnu11 -g3 -DDEBUG -DUSE_FULL_LL_DRIVER -DUSE_HAL_DRIVER -DSTM32L431xx -c -I../Core/Inc -IC:/Users/penta/STM32Cube/Repository/STM32Cube_FW_L4_V1.17.2/Drivers/STM32L4xx_HAL_Driver/Inc -IC:/Users/penta/STM32Cube/Repository/STM32Cube_FW_L4_V1.17.2/Drivers/STM32L4xx_HAL_Driver/Inc/Legacy -IC:/Users/penta/STM32Cube/Repository/STM32Cube_FW_L4_V1.17.2/Middlewares/Third_Party/FreeRTOS/Source/include -IC:/Users/penta/STM32Cube/Repository/STM32Cube_FW_L4_V1.17.2/Middlewares/Third_Party/FreeRTOS/Source/portable/GCC/ARM_CM4F -IC:/Users/penta/STM32Cube/Repository/STM32Cube_FW_L4_V1.17.2/Drivers/CMSIS/Device/ST/STM32L4xx/Include -IC:/Users/penta/STM32Cube/Repository/STM32Cube_FW_L4_V1.17.2/Drivers/CMSIS/Include -IC:/Users/penta/STM32Cube/Repository/STM32Cube_FW_L4_V1.17.2/Middlewares/Third_Party/FreeRTOS/Source/CMSIS_RTOS_V2 -O0 -ffunction-sections -fdata-sections -Wall -fstack-usage -fcyclomatic-complexity -MMD -MP -MF"Core/Src/tim.d" -MT"Core/Src/tim.o" --specs=nano.specs -mfpu=fpv4-sp-d16 -mfloat-abi=hard -mthumb -o "Core/Src/tim.o"
arm-none-eabi-gcc "../Core/Src/usart.c" -mcpu=cortex-m4 -std=gnu11 -g3 -DDEBUG -DUSE_FULL_LL_DRIVER -DUSE_HAL_DRIVER -DSTM32L431xx -c -I../Core/Inc -IC:/Users/penta/STM32Cube/Repository/STM32Cube_FW_L4_V1.17.2/Drivers/STM32L4xx_HAL_Driver/Inc -IC:/Users/penta/STM32Cube/Repository/STM32Cube_FW_L4_V1.17.2/Drivers/STM32L4xx_HAL_Driver/Inc/Legacy -IC:/Users/penta/STM32Cube/Repository/STM32Cube_FW_L4_V1.17.2/Middlewares/Third_Party/FreeRTOS/Source/include -IC:/Users/penta/STM32Cube/Repository/STM32Cube_FW_L4_V1.17.2/Middlewares/Third_Party/FreeRTOS/Source/portable/GCC/ARM_CM4F -IC:/Users/penta/STM32Cube/Repository/STM32Cube_FW_L4_V1.17.2/Drivers/CMSIS/Device/ST/STM32L4xx/Include -IC:/Users/penta/STM32Cube/Repository/STM32Cube_FW_L4_V1.17.2/Drivers/CMSIS/Include -IC:/Users/penta/STM32Cube/Repository/STM32Cube_FW_L4_V1.17.2/Middlewares/Third_Party/FreeRTOS/Source/CMSIS_RTOS_V2 -O0 -ffunction-sections -fdata-sections -Wall -fstack-usage -fcyclomatic-complexity -MMD -MP -MF"Core/Src/usart.d" -MT"Core/Src/usart.o" --specs=nano.specs -mfpu=fpv4-sp-d16 -mfloat-abi=hard -mthumb -o "Core/Src/usart.o"
arm-none-eabi-gcc -o "RFBCON_L4.elf" @"objects.list"   -mcpu=cortex-m4 -T"C:\Users\penta\Documents\BikeRadar\RFBCON_L4\STM32L431CCTX_FLASH.ld" --specs=nosys.specs -Wl,-Map="RFBCON_L4.map" -Wl,--gc-sections -static --specs=nano.specs -mfpu=fpv4-sp-d16 -mfloat-abi=hard -mthumb -Wl,--start-group -lc -lm -Wl,--end-group
Finished building target: RFBCON_L4.elf
 
arm-none-eabi-size   RFBCON_L4.elf 
arm-none-eabi-objdump -h -S  RFBCON_L4.elf  > "RFBCON_L4.list"
   text	   data	    bss	    dec	    hex	filename
  56340	    128	  21872	  78340	  13204	RFBCON_L4.elf
Finished building: default.size.stdout
 
Finished building: RFBCON_L4.list
 

22:30:10 Build Finished. 0 errors, 0 warnings. (took 24s.821ms)

