#-----------------------------------------------------------
# Vivado v2021.2 (64-bit)
# SW Build 3367213 on Tue Oct 19 02:48:09 MDT 2021
# IP Build 3369179 on Thu Oct 21 08:25:16 MDT 2021
# Start of session at: Mon Jun  5 15:53:55 2023
# Process ID: 1932
# Current directory: C:/Users/penta/Documents/BikeRadar/Bajie7020
# Command line: vivado.exe -gui_launcher_event rodinguilauncherevent7560 C:\Users\penta\Documents\BikeRadar\Bajie7020\Bajie7020.xpr
# Log file: C:/Users/penta/Documents/BikeRadar/Bajie7020/vivado.log
# Journal file: C:/Users/penta/Documents/BikeRadar/Bajie7020\vivado.jou
# Running On: Penta0308-E402N, OS: Windows, CPU Frequency: 2304 MHz, CPU Physical cores: 2, Host memory: 8446 MB
#-----------------------------------------------------------
start_gui
open_project C:/Users/penta/Documents/BikeRadar/Bajie7020/Bajie7020.xpr
update_compile_order -fileset sources_1
open_run impl_1
report_clock_networks -name {network_1}
open_bd_design {C:/Users/penta/Documents/BikeRadar/Bajie7020/Bajie7020.srcs/sources_1/bd/bajie7020/bajie7020.bd}
reset_run synth_1
launch_runs impl_1 -jobs 2
wait_on_run impl_1
create_ip_run [get_files -of_objects [get_fileset sources_1] C:/Users/penta/Documents/BikeRadar/Bajie7020/Bajie7020.srcs/sources_1/bd/bajie7020/bajie7020.bd]
refresh_design
open_hw_manager
close_hw_manager
reset_run synth_1
update_module_reference bajie7020_rfbdes_0_0
launch_runs impl_1 -jobs 2
wait_on_run impl_1
regenerate_bd_layout
regenerate_bd_layout
create_ip_run [get_files -of_objects [get_fileset sources_1] C:/Users/penta/Documents/BikeRadar/Bajie7020/Bajie7020.srcs/sources_1/bd/bajie7020/bajie7020.bd]
refresh_design
report_timing_summary -delay_type min_max -report_unconstrained -check_timing_verbose -max_paths 10 -input_pins -routable_nets -name timing_1
reset_run synth_1
update_module_reference bajie7020_rfbdes_0_0
launch_runs impl_1 -jobs 2
wait_on_run impl_1
regenerate_bd_layout
create_ip_run [get_files -of_objects [get_fileset sources_1] C:/Users/penta/Documents/BikeRadar/Bajie7020/Bajie7020.srcs/sources_1/bd/bajie7020/bajie7020.bd]
refresh_design
open_bd_design {C:/Users/penta/Documents/BikeRadar/Bajie7020/Bajie7020.srcs/sources_1/bd/bajie7020/bajie7020.bd}
save_constraints
close_design
delete_bd_objs [get_bd_nets RFB_DATA_P_1] [get_bd_ports RFB_DATA_P]
delete_bd_objs [get_bd_nets RFB_DATA_N_1] [get_bd_ports RFB_DATA_N]
startgroup
make_bd_intf_pins_external  [get_bd_intf_pins rfbdes_0/RFB]
endgroup
set_property name RFB_DAAT [get_bd_intf_ports RFB_0]
set_property name RFB_DATA [get_bd_intf_ports RFB_DAAT]
save_bd_design
reset_run synth_1
launch_runs synth_1 -jobs 2
wait_on_run synth_1
open_run synth_1 -name synth_1
place_ports {RFB_DATA_data_p[3]} T20
set_property package_pin "" [get_ports [list  {RFB_DATA_data_p[1]}]]
place_ports {RFB_DATA_data_p[2]} V20
place_ports {RFB_DATA_data_p[1]} T17
place_ports {RFB_DATA_data_p[0]} T16
save_constraints
set_property OFFCHIP_TERM NONE [get_ports [list {RFB_DATA_data_p[3]} {RFB_DATA_data_p[2]} {RFB_DATA_data_p[1]} {RFB_DATA_data_p[0]}]]
set_property PULLTYPE NONE [get_ports [list {RFB_DATA_data_p[3]} {RFB_DATA_data_p[2]} {RFB_DATA_data_p[1]} {RFB_DATA_data_p[0]}]]
save_constraints
reset_run synth_1
launch_runs impl_1 -jobs 2
wait_on_run impl_1
startgroup
create_interface RFB
set_property interface RFB [get_ports [list  {RFB_DCLK_clk_p[0]} {RFB_DCLK_clk_n[0]} {RFB_DATA_data_p[3]} {RFB_DATA_data_p[2]} {RFB_DATA_data_p[1]} {RFB_DATA_data_p[0]} {RFB_DATA_data_n[3]} {RFB_DATA_data_n[2]} {RFB_DATA_data_n[1]} {RFB_DATA_data_n[0]} {RFB_FCLK_clk_p[0]} {RFB_FCLK_clk_n[0]}]]
endgroup
save_constraints -force
startgroup
delete_interface RFB_44591
delete_interface RFB_DCLK_3633
delete_interface RFB_FCLK_3633
endgroup
save_constraints -force
set_property interface RFB [get_ports [list  RFB_DATAVALID]]
save_constraints -force
close_design
reset_run synth_1
regenerate_bd_layout
launch_runs impl_1 -jobs 2
wait_on_run impl_1
open_run impl_1
reset_run synth_1
close_design
update_module_reference bajie7020_rfbdes_0_0
set_property -dict [list CONFIG.FREQ_HZ {144000000}] [get_bd_intf_ports RFB_DCLK]
set_property -dict [list CONFIG.FREQ_HZ {24000000}] [get_bd_intf_ports RFB_FCLK]
set_property -dict [list CONFIG.FREQ_HZ {48000000}] [get_bd_intf_ports RFB_FCLK]
update_module_reference bajie7020_rfbdes_0_0
update_module_reference bajie7020_rfbdes_0_0
launch_runs impl_1 -jobs 2
wait_on_run impl_1
reset_run impl_1
launch_runs impl_1 -jobs 2
wait_on_run impl_1
update_module_reference bajie7020_rfbdes_0_0
reset_run synth_1
launch_runs impl_1 -jobs 2
wait_on_run impl_1
set_property location {3 926 668} [get_bd_cells clk_wiz_0]
reset_run synth_1
launch_runs impl_1 -jobs 2
wait_on_run impl_1
open_run impl_1
reset_run synth_1
save_constraints -force
launch_runs impl_1 -jobs 2
wait_on_run impl_1
create_ip_run [get_files -of_objects [get_fileset sources_1] C:/Users/penta/Documents/BikeRadar/Bajie7020/Bajie7020.srcs/sources_1/bd/bajie7020/bajie7020.bd]
refresh_design
reset_run synth_1
update_module_reference bajie7020_rfbdes_0_0
launch_runs impl_1 -jobs 2
wait_on_run impl_1
create_ip_run [get_files -of_objects [get_fileset sources_1] C:/Users/penta/Documents/BikeRadar/Bajie7020/Bajie7020.srcs/sources_1/bd/bajie7020/bajie7020.bd]
refresh_design
close_design
open_bd_design {C:/Users/penta/Documents/BikeRadar/Bajie7020/Bajie7020.srcs/sources_1/bd/bajie7020/bajie7020.bd}
update_module_reference bajie7020_rfbdes_0_0
update_module_reference bajie7020_rfbdes_0_0
connect_bd_net [get_bd_pins rfbdes_0/des_reset] [get_bd_pins proc_sys_reset_rfb_fclk/peripheral_reset]
regenerate_bd_layout
copy_bd_objs /  [get_bd_cells {rst_ps7_0_133M}]
set_property name rst_ps7_0_200M [get_bd_cells rst_ps7_0_133M1]
delete_bd_objs [get_bd_nets rst_ps7_0_133M_peripheral_reset]
connect_bd_net [get_bd_pins rst_ps7_0_200M/ext_reset_in] [get_bd_pins rst_ps7_0_133M/peripheral_aresetn]
connect_bd_net [get_bd_pins rst_ps7_0_200M/slowest_sync_clk] [get_bd_pins processing_system7_0/FCLK_CLK1]
connect_bd_net [get_bd_pins rst_ps7_0_200M/peripheral_reset] [get_bd_pins rfbdes_0/iod_reset]
regenerate_bd_layout
save_bd_design
reset_run synth_1
launch_runs impl_1 -jobs 2
wait_on_run impl_1
open_run impl_1
reset_run synth_1
launch_runs impl_1 -jobs 2
wait_on_run impl_1
create_ip_run [get_files -of_objects [get_fileset sources_1] C:/Users/penta/Documents/BikeRadar/Bajie7020/Bajie7020.srcs/sources_1/bd/bajie7020/bajie7020.bd]
refresh_design
reset_run synth_1
update_module_reference bajie7020_rfbdes_0_0
launch_runs impl_1 -jobs 2
wait_on_run impl_1
create_ip_run [get_files -of_objects [get_fileset sources_1] C:/Users/penta/Documents/BikeRadar/Bajie7020/Bajie7020.srcs/sources_1/bd/bajie7020/bajie7020.bd]
refresh_design
reset_run synth_1
save_constraints -force
update_module_reference bajie7020_rfbdes_0_0
launch_runs impl_1 -jobs 2
wait_on_run impl_1
