C:/Users/penta/STM32Cube/Repository/STM32Cube_FW_L4_V1.17.2/Drivers/STM32L4xx_HAL_Driver/Inc/stm32l4xx_ll_tim.h:1486:22:LL_TIM_EnableCounter	16	static
C:/Users/penta/STM32Cube/Repository/STM32Cube_FW_L4_V1.17.2/Drivers/STM32L4xx_HAL_Driver/Inc/stm32l4xx_ll_tim.h:1508:26:LL_TIM_IsEnabledCounter	16	static
C:/Users/penta/STM32Cube/Repository/STM32Cube_FW_L4_V1.17.2/Drivers/STM32L4xx_HAL_Driver/Inc/stm32l4xx_ll_gpio.h:956:22:LL_GPIO_SetOutputPin	16	static
C:/Users/penta/STM32Cube/Repository/STM32Cube_FW_L4_V1.17.2/Drivers/STM32L4xx_HAL_Driver/Inc/stm32l4xx_ll_gpio.h:985:22:LL_GPIO_ResetOutputPin	16	static
C:/Users/penta/STM32Cube/Repository/STM32Cube_FW_L4_V1.17.2/Drivers/STM32L4xx_HAL_Driver/Inc/stm32l4xx_ll_gpio.h:1014:22:LL_GPIO_TogglePin	24	static
C:/Users/penta/Documents/BikeRadar/RFB/STM32L431/Core/Src/main.c:106:5:main	8	static
C:/Users/penta/Documents/BikeRadar/RFB/STM32L431/Core/Src/main.c:179:6:SystemClock_Config	96	static
C:/Users/penta/Documents/BikeRadar/RFB/STM32L431/Core/Src/main.c:226:6:HAL_CAN_RxFifo0MsgPendingCallback	16	static
C:/Users/penta/Documents/BikeRadar/RFB/STM32L431/Core/Src/main.c:262:7:SE5004L_mV2dB	16	static
C:/Users/penta/Documents/BikeRadar/RFB/STM32L431/Core/Src/main.c:266:6:ADCGetPaPower	8	static
C:/Users/penta/Documents/BikeRadar/RFB/STM32L431/Core/Src/main.c:279:6:SPIInitTiAdc	40	static,ignoring_inline_asm
C:/Users/penta/Documents/BikeRadar/RFB/STM32L431/Core/Src/main.c:315:6:SPIInitTiPll	40	static,ignoring_inline_asm
C:/Users/penta/Documents/BikeRadar/RFB/STM32L431/Core/Src/main.c:354:6:SPISetTiPllOutAPwr	24	static,ignoring_inline_asm
C:/Users/penta/Documents/BikeRadar/RFB/STM32L431/Core/Src/main.c:368:6:SPISetTiPllFreq	88	static,ignoring_inline_asm
C:/Users/penta/Documents/BikeRadar/RFB/STM32L431/Core/Src/main.c:402:6:SPISetTiPllRampFreq	224	static,ignoring_inline_asm
C:/Users/penta/Documents/BikeRadar/RFB/STM32L431/Core/Src/main.c:468:6:Reset_Handler	4	static
C:/Users/penta/Documents/BikeRadar/RFB/STM32L431/Core/Src/main.c:476:6:Error_Handler	4	static,ignoring_inline_asm
