C:/Users/penta/STM32Cube/Repository/STM32Cube_FW_L4_V1.17.2/Drivers/STM32L4xx_HAL_Driver/Inc/stm32l4xx_ll_gpio.h:956:22:LL_GPIO_SetOutputPin	16	static
C:/Users/penta/STM32Cube/Repository/STM32Cube_FW_L4_V1.17.2/Drivers/STM32L4xx_HAL_Driver/Inc/stm32l4xx_ll_gpio.h:985:22:LL_GPIO_ResetOutputPin	16	static
../Core/Src/freertos.c:99:6:vApplicationStackOverflowHook	16	static
../Core/Src/freertos.c:112:6:MX_FREERTOS_Init	8	static
../Core/Src/freertos.c:163:6:StartCanTask	24	static
../Core/Src/freertos.c:203:6:StartTxMgr	16	static
../Core/Src/freertos.c:229:6:StartBlink	16	static
