C:/Users/penta/STM32Cube/Repository/STM32Cube_FW_L4_V1.17.2/Drivers/STM32L4xx_HAL_Driver/Inc/stm32l4xx_ll_gpio.h:956:22:LL_GPIO_SetOutputPin	16	static
C:/Users/penta/STM32Cube/Repository/STM32Cube_FW_L4_V1.17.2/Drivers/STM32L4xx_HAL_Driver/Inc/stm32l4xx_ll_gpio.h:985:22:LL_GPIO_ResetOutputPin	16	static
../Core/Src/freertos.c:100:6:MX_FREERTOS_Init	8	static
../Core/Src/freertos.c:151:6:StartCanTask	24	static
../Core/Src/freertos.c:191:6:StartTxMgr	16	static
../Core/Src/freertos.c:217:6:StartBlink	16	static
