C:/Users/penta/STM32Cube/Repository/STM32Cube_FW_L4_V1.17.2/Drivers/STM32L4xx_HAL_Driver/Inc/stm32l4xx_ll_gpio.h:956:22:LL_GPIO_SetOutputPin	16	static
C:/Users/penta/STM32Cube/Repository/STM32Cube_FW_L4_V1.17.2/Drivers/STM32L4xx_HAL_Driver/Inc/stm32l4xx_ll_gpio.h:985:22:LL_GPIO_ResetOutputPin	16	static
../Core/Src/spi.c:38:6:MX_SPI2_Init	8	static
../Core/Src/spi.c:72:6:HAL_SPI_MspInit	48	static
../Core/Src/spi.c:103:6:HAL_SPI_MspDeInit	16	static
../Core/Src/spi.c:131:6:SPIInitTiPll	40	static,ignoring_inline_asm
../Core/Src/spi.c:170:6:SPISetTiPllOutAPwr	24	static,ignoring_inline_asm
../Core/Src/spi.c:184:6:SPISetTiPllFreq	88	static,ignoring_inline_asm
../Core/Src/spi.c:218:6:SPISetTiPllRampFreqFromBuf	16	static
../Core/Src/spi.c:225:6:SPISetTiPllRampFreq	224	static,ignoring_inline_asm
../Core/Src/spi.c:290:6:SPIInitTiAdc	40	static,ignoring_inline_asm
